INFO - 2025-10-01 01:52:30 --> Session: Class initialized using 'CodeIgniter\Session\Handlers\FileHandler' driver.
INFO - 2025-10-01 01:52:35 --> Session: Class initialized using 'CodeIgniter\Session\Handlers\FileHandler' driver.
INFO - 2025-10-01 01:52:36 --> Session: Class initialized using 'CodeIgniter\Session\Handlers\FileHandler' driver.
INFO - 2025-10-01 01:52:41 --> Session: Class initialized using 'CodeIgniter\Session\Handlers\FileHandler' driver.
INFO - 2025-10-01 01:52:46 --> Session: Class initialized using 'CodeIgniter\Session\Handlers\FileHandler' driver.
INFO - 2025-10-01 01:52:46 --> Session: Class initialized using 'CodeIgniter\Session\Handlers\FileHandler' driver.
INFO - 2025-10-01 01:52:51 --> Session: Class initialized using 'CodeIgniter\Session\Handlers\FileHandler' driver.
INFO - 2025-10-01 01:52:51 --> Session: Class initialized using 'CodeIgniter\Session\Handlers\FileHandler' driver.
INFO - 2025-10-01 01:52:57 --> Session: Class initialized using 'CodeIgniter\Session\Handlers\FileHandler' driver.
INFO - 2025-10-01 01:53:00 --> Session: Class initialized using 'CodeIgniter\Session\Handlers\FileHandler' driver.
INFO - 2025-10-01 01:53:12 --> Session: Class initialized using 'CodeIgniter\Session\Handlers\FileHandler' driver.
INFO - 2025-10-01 01:53:34 --> Session: Class initialized using 'CodeIgniter\Session\Handlers\FileHandler' driver.
INFO - 2025-10-01 01:53:38 --> Session: Class initialized using 'CodeIgniter\Session\Handlers\FileHandler' driver.
INFO - 2025-10-01 01:53:40 --> Session: Class initialized using 'CodeIgniter\Session\Handlers\FileHandler' driver.
INFO - 2025-10-01 01:53:43 --> Session: Class initialized using 'CodeIgniter\Session\Handlers\FileHandler' driver.
INFO - 2025-10-01 01:53:57 --> Session: Class initialized using 'CodeIgniter\Session\Handlers\FileHandler' driver.
CRITICAL - 2025-10-01 01:53:58 --> ErrorException: Undefined array key "id_sale"
in APPPATH\Controllers\RelatoriosEmpresa.php on line 924.
 1 APPPATH\Controllers\RelatoriosEmpresa.php(924): CodeIgniter\Debug\Exceptions->errorHandler(2, 'Undefined array key "id_sale"', 'C:\\xampp\\htdocs\\erp.local\\app\\Controllers\\RelatoriosEmpresa.php', 924)
 2 SYSTEMPATH\CodeIgniter.php(941): App\Controllers\RelatoriosEmpresa->exportarVendasExcel()
 3 SYSTEMPATH\CodeIgniter.php(502): CodeIgniter\CodeIgniter->runController(Object(App\Controllers\RelatoriosEmpresa))
 4 SYSTEMPATH\CodeIgniter.php(361): CodeIgniter\CodeIgniter->handleRequest(null, Object(Config\Cache), false)
 5 FCPATH\index.php(79): CodeIgniter\CodeIgniter->run()
CRITICAL - 2025-10-01 01:53:59 --> ErrorException: Uncaught TypeError: htmlspecialchars(): Argument #1 ($string) must be of type string, resource given in C:\xampp\htdocs\erp.local\app\Views\errors\html\error_exception.php:182
Stack trace:
#0 C:\xampp\htdocs\erp.local\app\Views\errors\html\error_exception.php(182): htmlspecialchars(Resource id #44, 8, 'UTF-8')
#1 C:\xampp\htdocs\erp.local\system\Debug\BaseExceptionHandler.php(258): include('C:\\xampp\\htdocs...')
#2 C:\xampp\htdocs\erp.local\system\Debug\BaseExceptionHandler.php(261): CodeIgniter\Debug\BaseExceptionHandler->CodeIgniter\Debug\{closure}()
#3 C:\xampp\htdocs\erp.local\system\Debug\ExceptionHandler.php(112): CodeIgniter\Debug\BaseExceptionHandler->render(Object(ErrorException), 500, 'C:\\xampp\\htdocs...')
#4 C:\xampp\htdocs\erp.local\system\Debug\Exceptions.php(156): CodeIgniter\Debug\ExceptionHandler->handle(Object(ErrorException), Object(CodeIgniter\HTTP\IncomingRequest), Object(CodeIgniter\HTTP\Response), 500, 1)
#5 [internal function]: CodeIgniter\Debug\Exceptions->exceptionHandler(Object(ErrorException))
#6 {main}
  thrown
【Previous Exception】
ErrorException
Undefined array key "id_sale"
#0 C:\xampp\htdocs\erp.local\app\Controllers\RelatoriosEmpresa.php(924): CodeIgniter\Debug\Exceptions->errorHandler(2, 'Undefined array...', 'C:\\xampp\\htdocs...', 924)
#1 C:\xampp\htdocs\erp.local\system\CodeIgniter.php(941): App\Controllers\RelatoriosEmpresa->exportarVendasExcel()
#2 C:\xampp\htdocs\erp.local\system\CodeIgniter.php(502): CodeIgniter\CodeIgniter->runController(Object(App\Controllers\RelatoriosEmpresa))
#3 C:\xampp\htdocs\erp.local\system\CodeIgniter.php(361): CodeIgniter\CodeIgniter->handleRequest(NULL, Object(Config\Cache), false)
#4 C:\xampp\htdocs\erp.local\public\index.php(79): CodeIgniter\CodeIgniter->run()
#5 {main}
in APPPATH\Views\errors\html\error_exception.php on line 182.
 1 [internal function]: CodeIgniter\Debug\Exceptions->shutdownHandler()
INFO - 2025-10-01 01:54:02 --> Session: Class initialized using 'CodeIgniter\Session\Handlers\FileHandler' driver.
INFO - 2025-10-01 01:54:03 --> Session: Class initialized using 'CodeIgniter\Session\Handlers\FileHandler' driver.
CRITICAL - 2025-10-01 01:54:04 --> ErrorException: Undefined array key "id_sale"
in APPPATH\Controllers\RelatoriosEmpresa.php on line 1007.
 1 APPPATH\Controllers\RelatoriosEmpresa.php(1007): CodeIgniter\Debug\Exceptions->errorHandler(2, 'Undefined array key "id_sale"', 'C:\\xampp\\htdocs\\erp.local\\app\\Controllers\\RelatoriosEmpresa.php', 1007)
 2 SYSTEMPATH\CodeIgniter.php(941): App\Controllers\RelatoriosEmpresa->exportarVendasPDF()
 3 SYSTEMPATH\CodeIgniter.php(502): CodeIgniter\CodeIgniter->runController(Object(App\Controllers\RelatoriosEmpresa))
 4 SYSTEMPATH\CodeIgniter.php(361): CodeIgniter\CodeIgniter->handleRequest(null, Object(Config\Cache), false)
 5 FCPATH\index.php(79): CodeIgniter\CodeIgniter->run()
CRITICAL - 2025-10-01 01:54:04 --> ErrorException: Uncaught TypeError: htmlspecialchars(): Argument #1 ($string) must be of type string, resource given in C:\xampp\htdocs\erp.local\app\Views\errors\html\error_exception.php:182
Stack trace:
#0 C:\xampp\htdocs\erp.local\app\Views\errors\html\error_exception.php(182): htmlspecialchars(Resource id #44, 8, 'UTF-8')
#1 C:\xampp\htdocs\erp.local\system\Debug\BaseExceptionHandler.php(258): include('C:\\xampp\\htdocs...')
#2 C:\xampp\htdocs\erp.local\system\Debug\BaseExceptionHandler.php(261): CodeIgniter\Debug\BaseExceptionHandler->CodeIgniter\Debug\{closure}()
#3 C:\xampp\htdocs\erp.local\system\Debug\ExceptionHandler.php(112): CodeIgniter\Debug\BaseExceptionHandler->render(Object(ErrorException), 500, 'C:\\xampp\\htdocs...')
#4 C:\xampp\htdocs\erp.local\system\Debug\Exceptions.php(156): CodeIgniter\Debug\ExceptionHandler->handle(Object(ErrorException), Object(CodeIgniter\HTTP\IncomingRequest), Object(CodeIgniter\HTTP\Response), 500, 1)
#5 [internal function]: CodeIgniter\Debug\Exceptions->exceptionHandler(Object(ErrorException))
#6 {main}
  thrown
【Previous Exception】
ErrorException
Undefined array key "id_sale"
#0 C:\xampp\htdocs\erp.local\app\Controllers\RelatoriosEmpresa.php(1007): CodeIgniter\Debug\Exceptions->errorHandler(2, 'Undefined array...', 'C:\\xampp\\htdocs...', 1007)
#1 C:\xampp\htdocs\erp.local\system\CodeIgniter.php(941): App\Controllers\RelatoriosEmpresa->exportarVendasPDF()
#2 C:\xampp\htdocs\erp.local\system\CodeIgniter.php(502): CodeIgniter\CodeIgniter->runController(Object(App\Controllers\RelatoriosEmpresa))
#3 C:\xampp\htdocs\erp.local\system\CodeIgniter.php(361): CodeIgniter\CodeIgniter->handleRequest(NULL, Object(Config\Cache), false)
#4 C:\xampp\htdocs\erp.local\public\index.php(79): CodeIgniter\CodeIgniter->run()
#5 {main}
in APPPATH\Views\errors\html\error_exception.php on line 182.
 1 [internal function]: CodeIgniter\Debug\Exceptions->shutdownHandler()
INFO - 2025-10-01 01:54:06 --> Session: Class initialized using 'CodeIgniter\Session\Handlers\FileHandler' driver.
INFO - 2025-10-01 01:54:08 --> Session: Class initialized using 'CodeIgniter\Session\Handlers\FileHandler' driver.
INFO - 2025-10-01 01:54:11 --> Session: Class initialized using 'CodeIgniter\Session\Handlers\FileHandler' driver.
INFO - 2025-10-01 01:54:14 --> Session: Class initialized using 'CodeIgniter\Session\Handlers\FileHandler' driver.
INFO - 2025-10-01 01:54:15 --> Session: Class initialized using 'CodeIgniter\Session\Handlers\FileHandler' driver.
INFO - 2025-10-01 01:54:19 --> Session: Class initialized using 'CodeIgniter\Session\Handlers\FileHandler' driver.
INFO - 2025-10-01 01:54:20 --> Session: Class initialized using 'CodeIgniter\Session\Handlers\FileHandler' driver.
INFO - 2025-10-01 01:54:24 --> Session: Class initialized using 'CodeIgniter\Session\Handlers\FileHandler' driver.
INFO - 2025-10-01 01:54:25 --> Session: Class initialized using 'CodeIgniter\Session\Handlers\FileHandler' driver.
INFO - 2025-10-01 01:54:27 --> Session: Class initialized using 'CodeIgniter\Session\Handlers\FileHandler' driver.
INFO - 2025-10-01 01:54:28 --> Session: Class initialized using 'CodeIgniter\Session\Handlers\FileHandler' driver.
INFO - 2025-10-01 01:54:30 --> Session: Class initialized using 'CodeIgniter\Session\Handlers\FileHandler' driver.
INFO - 2025-10-01 01:54:32 --> Session: Class initialized using 'CodeIgniter\Session\Handlers\FileHandler' driver.
INFO - 2025-10-01 01:54:35 --> Session: Class initialized using 'CodeIgniter\Session\Handlers\FileHandler' driver.
INFO - 2025-10-01 01:54:37 --> Session: Class initialized using 'CodeIgniter\Session\Handlers\FileHandler' driver.
DEBUG - 2025-10-01 01:54:38 --> === PdvAccessFilter INÍCIO === URI: /index.php/pdv
INFO - 2025-10-01 01:54:38 --> Session: Class initialized using 'CodeIgniter\Session\Handlers\FileHandler' driver.
DEBUG - 2025-10-01 01:54:38 --> PdvAccessFilter - Dados da sessão:
DEBUG - 2025-10-01 01:54:38 -->   - tipo: 3
DEBUG - 2025-10-01 01:54:38 -->   - id_empresa: 6
DEBUG - 2025-10-01 01:54:38 -->   - id_contador: 1
DEBUG - 2025-10-01 01:54:38 -->   - usuario: Test
DEBUG - 2025-10-01 01:54:38 -->   - session_id: pndgif5b5rb8qmm6912k6sgsajhv4f9t
DEBUG - 2025-10-01 01:54:38 --> PdvAccessFilter - Validação de acesso:
DEBUG - 2025-10-01 01:54:38 -->   - tipos permitidos: [1,3,4]
DEBUG - 2025-10-01 01:54:38 -->   - tipo do usuário: 3 (válido: SIM)
DEBUG - 2025-10-01 01:54:38 -->   - id_empresa: 6 (válido: SIM)
DEBUG - 2025-10-01 01:54:38 -->   - wants JSON: NÃO
DEBUG - 2025-10-01 01:54:38 --> PdvAccessFilter - Verificando empresa no banco...
DEBUG - 2025-10-01 01:54:38 --> PdvAccessFilter - Empresa encontrada: Leticia (ID: 6)
DEBUG - 2025-10-01 01:54:38 --> === PdvAccessFilter SUCESSO === Acesso liberado para Test
DEBUG - 2025-10-01 01:54:38 --> === PDV Controller INÍCIO ===
DEBUG - 2025-10-01 01:54:38 --> PDV Controller - Dados da sessão:
DEBUG - 2025-10-01 01:54:38 -->   - tipo: 3
DEBUG - 2025-10-01 01:54:38 -->   - status: null
DEBUG - 2025-10-01 01:54:38 -->   - usuario: Test
DEBUG - 2025-10-01 01:54:38 -->   - id_empresa: 6
DEBUG - 2025-10-01 01:54:38 -->   - id_contador: 1
DEBUG - 2025-10-01 01:54:38 --> PDV Controller - Permissões OK, carregando dados...
DEBUG - 2025-10-01 01:54:39 --> PDV Controller - Dados preparados:
DEBUG - 2025-10-01 01:54:39 -->   - Total de itens: 0
DEBUG - 2025-10-01 01:54:39 -->   - Total geral: R$ 0,00
DEBUG - 2025-10-01 01:54:39 --> === PDV Controller SUCESSO === Renderizando view
INFO - 2025-10-01 01:54:39 --> Session: Class initialized using 'CodeIgniter\Session\Handlers\FileHandler' driver.
INFO - 2025-10-01 01:54:39 --> Session: Class initialized using 'CodeIgniter\Session\Handlers\FileHandler' driver.
INFO - 2025-10-01 01:54:39 --> Session: Class initialized using 'CodeIgniter\Session\Handlers\FileHandler' driver.
INFO - 2025-10-01 01:54:39 --> Session: Class initialized using 'CodeIgniter\Session\Handlers\FileHandler' driver.
DEBUG - 2025-10-01 01:54:41 --> === PdvAccessFilter INÍCIO === URI: /index.php/pdv
INFO - 2025-10-01 01:54:41 --> Session: Class initialized using 'CodeIgniter\Session\Handlers\FileHandler' driver.
DEBUG - 2025-10-01 01:54:41 --> PdvAccessFilter - Dados da sessão:
DEBUG - 2025-10-01 01:54:41 -->   - tipo: 3
DEBUG - 2025-10-01 01:54:41 -->   - id_empresa: 6
DEBUG - 2025-10-01 01:54:41 -->   - id_contador: 1
DEBUG - 2025-10-01 01:54:41 -->   - usuario: Test
DEBUG - 2025-10-01 01:54:41 -->   - session_id: pndgif5b5rb8qmm6912k6sgsajhv4f9t
DEBUG - 2025-10-01 01:54:41 --> PdvAccessFilter - Validação de acesso:
DEBUG - 2025-10-01 01:54:41 -->   - tipos permitidos: [1,3,4]
DEBUG - 2025-10-01 01:54:41 -->   - tipo do usuário: 3 (válido: SIM)
DEBUG - 2025-10-01 01:54:41 -->   - id_empresa: 6 (válido: SIM)
DEBUG - 2025-10-01 01:54:41 -->   - wants JSON: NÃO
DEBUG - 2025-10-01 01:54:41 --> PdvAccessFilter - Verificando empresa no banco...
DEBUG - 2025-10-01 01:54:41 --> PdvAccessFilter - Empresa encontrada: Leticia (ID: 6)
DEBUG - 2025-10-01 01:54:41 --> === PdvAccessFilter SUCESSO === Acesso liberado para Test
DEBUG - 2025-10-01 01:54:41 --> === PDV Controller INÍCIO ===
DEBUG - 2025-10-01 01:54:41 --> PDV Controller - Dados da sessão:
DEBUG - 2025-10-01 01:54:41 -->   - tipo: 3
DEBUG - 2025-10-01 01:54:41 -->   - status: null
DEBUG - 2025-10-01 01:54:41 -->   - usuario: Test
DEBUG - 2025-10-01 01:54:41 -->   - id_empresa: 6
DEBUG - 2025-10-01 01:54:41 -->   - id_contador: 1
DEBUG - 2025-10-01 01:54:41 --> PDV Controller - Permissões OK, carregando dados...
DEBUG - 2025-10-01 01:54:42 --> PDV Controller - Dados preparados:
DEBUG - 2025-10-01 01:54:42 -->   - Total de itens: 0
DEBUG - 2025-10-01 01:54:42 -->   - Total geral: R$ 0,00
DEBUG - 2025-10-01 01:54:42 --> === PDV Controller SUCESSO === Renderizando view
INFO - 2025-10-01 01:54:42 --> Session: Class initialized using 'CodeIgniter\Session\Handlers\FileHandler' driver.
INFO - 2025-10-01 01:54:42 --> Session: Class initialized using 'CodeIgniter\Session\Handlers\FileHandler' driver.
INFO - 2025-10-01 01:54:42 --> Session: Class initialized using 'CodeIgniter\Session\Handlers\FileHandler' driver.
INFO - 2025-10-01 01:54:42 --> Session: Class initialized using 'CodeIgniter\Session\Handlers\FileHandler' driver.
INFO - 2025-10-01 01:54:47 --> Session: Class initialized using 'CodeIgniter\Session\Handlers\FileHandler' driver.
INFO - 2025-10-01 01:54:49 --> Session: Class initialized using 'CodeIgniter\Session\Handlers\FileHandler' driver.
INFO - 2025-10-01 01:54:50 --> Session: Class initialized using 'CodeIgniter\Session\Handlers\FileHandler' driver.
INFO - 2025-10-01 01:54:52 --> Session: Class initialized using 'CodeIgniter\Session\Handlers\FileHandler' driver.
INFO - 2025-10-01 01:54:54 --> Session: Class initialized using 'CodeIgniter\Session\Handlers\FileHandler' driver.
INFO - 2025-10-01 01:54:57 --> Session: Class initialized using 'CodeIgniter\Session\Handlers\FileHandler' driver.
INFO - 2025-10-01 01:54:57 --> Session: Class initialized using 'CodeIgniter\Session\Handlers\FileHandler' driver.
INFO - 2025-10-01 01:54:59 --> Session: Class initialized using 'CodeIgniter\Session\Handlers\FileHandler' driver.
INFO - 2025-10-01 01:54:59 --> Session: Class initialized using 'CodeIgniter\Session\Handlers\FileHandler' driver.
INFO - 2025-10-01 02:01:36 --> Session: Class initialized using 'CodeIgniter\Session\Handlers\FileHandler' driver.
INFO - 2025-10-01 02:06:27 --> Session: Class initialized using 'CodeIgniter\Session\Handlers\FileHandler' driver.
INFO - 2025-10-01 02:06:29 --> Session: Class initialized using 'CodeIgniter\Session\Handlers\FileHandler' driver.
INFO - 2025-10-01 02:06:41 --> Session: Class initialized using 'CodeIgniter\Session\Handlers\FileHandler' driver.
INFO - 2025-10-01 02:06:51 --> Session: Class initialized using 'CodeIgniter\Session\Handlers\FileHandler' driver.
INFO - 2025-10-01 02:06:58 --> Session: Class initialized using 'CodeIgniter\Session\Handlers\FileHandler' driver.
CRITICAL - 2025-10-01 02:06:59 --> ErrorException: Undefined array key "id_sale"
in APPPATH\Controllers\RelatoriosEmpresa.php on line 924.
 1 APPPATH\Controllers\RelatoriosEmpresa.php(924): CodeIgniter\Debug\Exceptions->errorHandler(2, 'Undefined array key "id_sale"', 'C:\\xampp\\htdocs\\erp.local\\app\\Controllers\\RelatoriosEmpresa.php', 924)
 2 SYSTEMPATH\CodeIgniter.php(941): App\Controllers\RelatoriosEmpresa->exportarVendasExcel()
 3 SYSTEMPATH\CodeIgniter.php(502): CodeIgniter\CodeIgniter->runController(Object(App\Controllers\RelatoriosEmpresa))
 4 SYSTEMPATH\CodeIgniter.php(361): CodeIgniter\CodeIgniter->handleRequest(null, Object(Config\Cache), false)
 5 FCPATH\index.php(79): CodeIgniter\CodeIgniter->run()
CRITICAL - 2025-10-01 02:07:00 --> ErrorException: Uncaught TypeError: htmlspecialchars(): Argument #1 ($string) must be of type string, resource given in C:\xampp\htdocs\erp.local\app\Views\errors\html\error_exception.php:182
Stack trace:
#0 C:\xampp\htdocs\erp.local\app\Views\errors\html\error_exception.php(182): htmlspecialchars(Resource id #44, 8, 'UTF-8')
#1 C:\xampp\htdocs\erp.local\system\Debug\BaseExceptionHandler.php(258): include('C:\\xampp\\htdocs...')
#2 C:\xampp\htdocs\erp.local\system\Debug\BaseExceptionHandler.php(261): CodeIgniter\Debug\BaseExceptionHandler->CodeIgniter\Debug\{closure}()
#3 C:\xampp\htdocs\erp.local\system\Debug\ExceptionHandler.php(112): CodeIgniter\Debug\BaseExceptionHandler->render(Object(ErrorException), 500, 'C:\\xampp\\htdocs...')
#4 C:\xampp\htdocs\erp.local\system\Debug\Exceptions.php(156): CodeIgniter\Debug\ExceptionHandler->handle(Object(ErrorException), Object(CodeIgniter\HTTP\IncomingRequest), Object(CodeIgniter\HTTP\Response), 500, 1)
#5 [internal function]: CodeIgniter\Debug\Exceptions->exceptionHandler(Object(ErrorException))
#6 {main}
  thrown
【Previous Exception】
ErrorException
Undefined array key "id_sale"
#0 C:\xampp\htdocs\erp.local\app\Controllers\RelatoriosEmpresa.php(924): CodeIgniter\Debug\Exceptions->errorHandler(2, 'Undefined array...', 'C:\\xampp\\htdocs...', 924)
#1 C:\xampp\htdocs\erp.local\system\CodeIgniter.php(941): App\Controllers\RelatoriosEmpresa->exportarVendasExcel()
#2 C:\xampp\htdocs\erp.local\system\CodeIgniter.php(502): CodeIgniter\CodeIgniter->runController(Object(App\Controllers\RelatoriosEmpresa))
#3 C:\xampp\htdocs\erp.local\system\CodeIgniter.php(361): CodeIgniter\CodeIgniter->handleRequest(NULL, Object(Config\Cache), false)
#4 C:\xampp\htdocs\erp.local\public\index.php(79): CodeIgniter\CodeIgniter->run()
#5 {main}
in APPPATH\Views\errors\html\error_exception.php on line 182.
 1 [internal function]: CodeIgniter\Debug\Exceptions->shutdownHandler()
INFO - 2025-10-01 02:07:01 --> Session: Class initialized using 'CodeIgniter\Session\Handlers\FileHandler' driver.
INFO - 2025-10-01 02:07:03 --> Session: Class initialized using 'CodeIgniter\Session\Handlers\FileHandler' driver.
CRITICAL - 2025-10-01 02:07:04 --> ErrorException: Undefined array key "id_sale"
in APPPATH\Controllers\RelatoriosEmpresa.php on line 1007.
 1 APPPATH\Controllers\RelatoriosEmpresa.php(1007): CodeIgniter\Debug\Exceptions->errorHandler(2, 'Undefined array key "id_sale"', 'C:\\xampp\\htdocs\\erp.local\\app\\Controllers\\RelatoriosEmpresa.php', 1007)
 2 SYSTEMPATH\CodeIgniter.php(941): App\Controllers\RelatoriosEmpresa->exportarVendasPDF()
 3 SYSTEMPATH\CodeIgniter.php(502): CodeIgniter\CodeIgniter->runController(Object(App\Controllers\RelatoriosEmpresa))
 4 SYSTEMPATH\CodeIgniter.php(361): CodeIgniter\CodeIgniter->handleRequest(null, Object(Config\Cache), false)
 5 FCPATH\index.php(79): CodeIgniter\CodeIgniter->run()
CRITICAL - 2025-10-01 02:07:04 --> ErrorException: Uncaught TypeError: htmlspecialchars(): Argument #1 ($string) must be of type string, resource given in C:\xampp\htdocs\erp.local\app\Views\errors\html\error_exception.php:182
Stack trace:
#0 C:\xampp\htdocs\erp.local\app\Views\errors\html\error_exception.php(182): htmlspecialchars(Resource id #44, 8, 'UTF-8')
#1 C:\xampp\htdocs\erp.local\system\Debug\BaseExceptionHandler.php(258): include('C:\\xampp\\htdocs...')
#2 C:\xampp\htdocs\erp.local\system\Debug\BaseExceptionHandler.php(261): CodeIgniter\Debug\BaseExceptionHandler->CodeIgniter\Debug\{closure}()
#3 C:\xampp\htdocs\erp.local\system\Debug\ExceptionHandler.php(112): CodeIgniter\Debug\BaseExceptionHandler->render(Object(ErrorException), 500, 'C:\\xampp\\htdocs...')
#4 C:\xampp\htdocs\erp.local\system\Debug\Exceptions.php(156): CodeIgniter\Debug\ExceptionHandler->handle(Object(ErrorException), Object(CodeIgniter\HTTP\IncomingRequest), Object(CodeIgniter\HTTP\Response), 500, 1)
#5 [internal function]: CodeIgniter\Debug\Exceptions->exceptionHandler(Object(ErrorException))
#6 {main}
  thrown
【Previous Exception】
ErrorException
Undefined array key "id_sale"
#0 C:\xampp\htdocs\erp.local\app\Controllers\RelatoriosEmpresa.php(1007): CodeIgniter\Debug\Exceptions->errorHandler(2, 'Undefined array...', 'C:\\xampp\\htdocs...', 1007)
#1 C:\xampp\htdocs\erp.local\system\CodeIgniter.php(941): App\Controllers\RelatoriosEmpresa->exportarVendasPDF()
#2 C:\xampp\htdocs\erp.local\system\CodeIgniter.php(502): CodeIgniter\CodeIgniter->runController(Object(App\Controllers\RelatoriosEmpresa))
#3 C:\xampp\htdocs\erp.local\system\CodeIgniter.php(361): CodeIgniter\CodeIgniter->handleRequest(NULL, Object(Config\Cache), false)
#4 C:\xampp\htdocs\erp.local\public\index.php(79): CodeIgniter\CodeIgniter->run()
#5 {main}
in APPPATH\Views\errors\html\error_exception.php on line 182.
 1 [internal function]: CodeIgniter\Debug\Exceptions->shutdownHandler()
INFO - 2025-10-01 02:07:05 --> Session: Class initialized using 'CodeIgniter\Session\Handlers\FileHandler' driver.
INFO - 2025-10-01 02:15:25 --> Session: Class initialized using 'CodeIgniter\Session\Handlers\FileHandler' driver.
INFO - 2025-10-01 02:15:27 --> Session: Class initialized using 'CodeIgniter\Session\Handlers\FileHandler' driver.
INFO - 2025-10-01 02:15:34 --> Session: Class initialized using 'CodeIgniter\Session\Handlers\FileHandler' driver.
INFO - 2025-10-01 02:16:11 --> Session: Class initialized using 'CodeIgniter\Session\Handlers\FileHandler' driver.
INFO - 2025-10-01 02:16:12 --> Session: Class initialized using 'CodeIgniter\Session\Handlers\FileHandler' driver.
INFO - 2025-10-01 02:19:18 --> Session: Class initialized using 'CodeIgniter\Session\Handlers\FileHandler' driver.
INFO - 2025-10-01 02:19:20 --> Session: Class initialized using 'CodeIgniter\Session\Handlers\FileHandler' driver.
INFO - 2025-10-01 02:19:28 --> Session: Class initialized using 'CodeIgniter\Session\Handlers\FileHandler' driver.
INFO - 2025-10-01 02:19:29 --> Session: Class initialized using 'CodeIgniter\Session\Handlers\FileHandler' driver.
INFO - 2025-10-01 02:19:32 --> Session: Class initialized using 'CodeIgniter\Session\Handlers\FileHandler' driver.
INFO - 2025-10-01 02:19:33 --> Session: Class initialized using 'CodeIgniter\Session\Handlers\FileHandler' driver.
INFO - 2025-10-01 02:19:47 --> Session: Class initialized using 'CodeIgniter\Session\Handlers\FileHandler' driver.
INFO - 2025-10-01 02:19:49 --> Session: Class initialized using 'CodeIgniter\Session\Handlers\FileHandler' driver.
INFO - 2025-10-01 02:23:31 --> Session: Class initialized using 'CodeIgniter\Session\Handlers\FileHandler' driver.
INFO - 2025-10-01 02:23:33 --> Session: Class initialized using 'CodeIgniter\Session\Handlers\FileHandler' driver.
INFO - 2025-10-01 02:23:34 --> Session: Class initialized using 'CodeIgniter\Session\Handlers\FileHandler' driver.
INFO - 2025-10-01 02:23:36 --> Session: Class initialized using 'CodeIgniter\Session\Handlers\FileHandler' driver.
INFO - 2025-10-01 02:23:37 --> Session: Class initialized using 'CodeIgniter\Session\Handlers\FileHandler' driver.
INFO - 2025-10-01 02:23:39 --> Session: Class initialized using 'CodeIgniter\Session\Handlers\FileHandler' driver.
INFO - 2025-10-01 02:23:39 --> Session: Class initialized using 'CodeIgniter\Session\Handlers\FileHandler' driver.
INFO - 2025-10-01 02:23:41 --> Session: Class initialized using 'CodeIgniter\Session\Handlers\FileHandler' driver.
INFO - 2025-10-01 02:23:42 --> Session: Class initialized using 'CodeIgniter\Session\Handlers\FileHandler' driver.
INFO - 2025-10-01 02:23:47 --> Session: Class initialized using 'CodeIgniter\Session\Handlers\FileHandler' driver.
INFO - 2025-10-01 02:23:49 --> Session: Class initialized using 'CodeIgniter\Session\Handlers\FileHandler' driver.
INFO - 2025-10-01 02:23:50 --> Session: Class initialized using 'CodeIgniter\Session\Handlers\FileHandler' driver.
INFO - 2025-10-01 02:23:51 --> Session: Class initialized using 'CodeIgniter\Session\Handlers\FileHandler' driver.
INFO - 2025-10-01 02:23:53 --> Session: Class initialized using 'CodeIgniter\Session\Handlers\FileHandler' driver.
INFO - 2025-10-01 02:23:54 --> Session: Class initialized using 'CodeIgniter\Session\Handlers\FileHandler' driver.
INFO - 2025-10-01 02:23:55 --> Session: Class initialized using 'CodeIgniter\Session\Handlers\FileHandler' driver.
INFO - 2025-10-01 02:23:56 --> Session: Class initialized using 'CodeIgniter\Session\Handlers\FileHandler' driver.
INFO - 2025-10-01 02:24:02 --> Session: Class initialized using 'CodeIgniter\Session\Handlers\FileHandler' driver.
INFO - 2025-10-01 02:24:05 --> Session: Class initialized using 'CodeIgniter\Session\Handlers\FileHandler' driver.
INFO - 2025-10-01 02:24:10 --> Session: Class initialized using 'CodeIgniter\Session\Handlers\FileHandler' driver.
INFO - 2025-10-01 02:24:31 --> Session: Class initialized using 'CodeIgniter\Session\Handlers\FileHandler' driver.
INFO - 2025-10-01 02:24:31 --> Session: Class initialized using 'CodeIgniter\Session\Handlers\FileHandler' driver.
INFO - 2025-10-01 02:24:57 --> Session: Class initialized using 'CodeIgniter\Session\Handlers\FileHandler' driver.
INFO - 2025-10-01 02:24:57 --> Session: Class initialized using 'CodeIgniter\Session\Handlers\FileHandler' driver.
INFO - 2025-10-01 02:25:50 --> Session: Class initialized using 'CodeIgniter\Session\Handlers\FileHandler' driver.
INFO - 2025-10-01 02:25:52 --> Session: Class initialized using 'CodeIgniter\Session\Handlers\FileHandler' driver.
INFO - 2025-10-01 02:25:54 --> Session: Class initialized using 'CodeIgniter\Session\Handlers\FileHandler' driver.
INFO - 2025-10-01 02:25:56 --> Session: Class initialized using 'CodeIgniter\Session\Handlers\FileHandler' driver.
INFO - 2025-10-01 02:25:58 --> Session: Class initialized using 'CodeIgniter\Session\Handlers\FileHandler' driver.
INFO - 2025-10-01 02:26:00 --> Session: Class initialized using 'CodeIgniter\Session\Handlers\FileHandler' driver.
INFO - 2025-10-01 02:26:02 --> Session: Class initialized using 'CodeIgniter\Session\Handlers\FileHandler' driver.
INFO - 2025-10-01 02:26:04 --> Session: Class initialized using 'CodeIgniter\Session\Handlers\FileHandler' driver.
INFO - 2025-10-01 02:26:05 --> Session: Class initialized using 'CodeIgniter\Session\Handlers\FileHandler' driver.
INFO - 2025-10-01 02:26:07 --> Session: Class initialized using 'CodeIgniter\Session\Handlers\FileHandler' driver.
INFO - 2025-10-01 02:26:09 --> Session: Class initialized using 'CodeIgniter\Session\Handlers\FileHandler' driver.
INFO - 2025-10-01 02:26:21 --> Session: Class initialized using 'CodeIgniter\Session\Handlers\FileHandler' driver.
INFO - 2025-10-01 02:26:21 --> Session: Class initialized using 'CodeIgniter\Session\Handlers\FileHandler' driver.
INFO - 2025-10-01 02:26:24 --> Session: Class initialized using 'CodeIgniter\Session\Handlers\FileHandler' driver.
INFO - 2025-10-01 02:26:25 --> Session: Class initialized using 'CodeIgniter\Session\Handlers\FileHandler' driver.
INFO - 2025-10-01 02:28:48 --> Session: Class initialized using 'CodeIgniter\Session\Handlers\FileHandler' driver.
INFO - 2025-10-01 02:28:50 --> Session: Class initialized using 'CodeIgniter\Session\Handlers\FileHandler' driver.
INFO - 2025-10-01 02:28:51 --> Session: Class initialized using 'CodeIgniter\Session\Handlers\FileHandler' driver.
INFO - 2025-10-01 02:28:53 --> Session: Class initialized using 'CodeIgniter\Session\Handlers\FileHandler' driver.
INFO - 2025-10-01 02:28:54 --> Session: Class initialized using 'CodeIgniter\Session\Handlers\FileHandler' driver.
INFO - 2025-10-01 02:28:55 --> Session: Class initialized using 'CodeIgniter\Session\Handlers\FileHandler' driver.
INFO - 2025-10-01 02:28:57 --> Session: Class initialized using 'CodeIgniter\Session\Handlers\FileHandler' driver.
INFO - 2025-10-01 02:28:59 --> Session: Class initialized using 'CodeIgniter\Session\Handlers\FileHandler' driver.
INFO - 2025-10-01 02:29:00 --> Session: Class initialized using 'CodeIgniter\Session\Handlers\FileHandler' driver.
INFO - 2025-10-01 02:29:09 --> Session: Class initialized using 'CodeIgniter\Session\Handlers\FileHandler' driver.
INFO - 2025-10-01 02:29:31 --> Session: Class initialized using 'CodeIgniter\Session\Handlers\FileHandler' driver.
INFO - 2025-10-01 02:29:38 --> Session: Class initialized using 'CodeIgniter\Session\Handlers\FileHandler' driver.
INFO - 2025-10-01 02:29:52 --> Session: Class initialized using 'CodeIgniter\Session\Handlers\FileHandler' driver.
INFO - 2025-10-01 02:30:11 --> Session: Class initialized using 'CodeIgniter\Session\Handlers\FileHandler' driver.
DEBUG - 2025-10-01 02:30:13 --> === PdvAccessFilter INÍCIO === URI: /index.php/pdv
INFO - 2025-10-01 02:30:13 --> Session: Class initialized using 'CodeIgniter\Session\Handlers\FileHandler' driver.
DEBUG - 2025-10-01 02:30:13 --> PdvAccessFilter - Dados da sessão:
DEBUG - 2025-10-01 02:30:13 -->   - tipo: 3
DEBUG - 2025-10-01 02:30:13 -->   - id_empresa: 6
DEBUG - 2025-10-01 02:30:13 -->   - id_contador: 1
DEBUG - 2025-10-01 02:30:13 -->   - usuario: Test
DEBUG - 2025-10-01 02:30:13 -->   - session_id: 7873si2uf8ijqcd7e9cvppekpjjrrc5c
DEBUG - 2025-10-01 02:30:13 --> PdvAccessFilter - Validação de acesso:
DEBUG - 2025-10-01 02:30:13 -->   - tipos permitidos: [1,3,4]
DEBUG - 2025-10-01 02:30:13 -->   - tipo do usuário: 3 (válido: SIM)
DEBUG - 2025-10-01 02:30:13 -->   - id_empresa: 6 (válido: SIM)
DEBUG - 2025-10-01 02:30:13 -->   - wants JSON: NÃO
DEBUG - 2025-10-01 02:30:13 --> PdvAccessFilter - Verificando empresa no banco...
DEBUG - 2025-10-01 02:30:13 --> PdvAccessFilter - Empresa encontrada: Leticia (ID: 6)
DEBUG - 2025-10-01 02:30:13 --> === PdvAccessFilter SUCESSO === Acesso liberado para Test
DEBUG - 2025-10-01 02:30:13 --> === PDV Controller INÍCIO ===
DEBUG - 2025-10-01 02:30:13 --> PDV Controller - Dados da sessão:
DEBUG - 2025-10-01 02:30:13 -->   - tipo: 3
DEBUG - 2025-10-01 02:30:13 -->   - status: null
DEBUG - 2025-10-01 02:30:13 -->   - usuario: Test
DEBUG - 2025-10-01 02:30:13 -->   - id_empresa: 6
DEBUG - 2025-10-01 02:30:13 -->   - id_contador: 1
DEBUG - 2025-10-01 02:30:13 --> PDV Controller - Permissões OK, carregando dados...
DEBUG - 2025-10-01 02:30:13 --> PDV Controller - Dados preparados:
DEBUG - 2025-10-01 02:30:13 -->   - Total de itens: 0
DEBUG - 2025-10-01 02:30:13 -->   - Total geral: R$ 0,00
DEBUG - 2025-10-01 02:30:13 --> === PDV Controller SUCESSO === Renderizando view
INFO - 2025-10-01 02:30:14 --> Session: Class initialized using 'CodeIgniter\Session\Handlers\FileHandler' driver.
INFO - 2025-10-01 02:30:14 --> Session: Class initialized using 'CodeIgniter\Session\Handlers\FileHandler' driver.
INFO - 2025-10-01 02:30:14 --> Session: Class initialized using 'CodeIgniter\Session\Handlers\FileHandler' driver.
INFO - 2025-10-01 02:30:14 --> Session: Class initialized using 'CodeIgniter\Session\Handlers\FileHandler' driver.
DEBUG - 2025-10-01 02:30:18 --> === PdvAccessFilter INÍCIO === URI: /index.php/pdv
INFO - 2025-10-01 02:30:18 --> Session: Class initialized using 'CodeIgniter\Session\Handlers\FileHandler' driver.
DEBUG - 2025-10-01 02:30:18 --> PdvAccessFilter - Dados da sessão:
DEBUG - 2025-10-01 02:30:18 -->   - tipo: 3
DEBUG - 2025-10-01 02:30:18 -->   - id_empresa: 6
DEBUG - 2025-10-01 02:30:18 -->   - id_contador: 1
DEBUG - 2025-10-01 02:30:18 -->   - usuario: Test
DEBUG - 2025-10-01 02:30:18 -->   - session_id: 7873si2uf8ijqcd7e9cvppekpjjrrc5c
DEBUG - 2025-10-01 02:30:18 --> PdvAccessFilter - Validação de acesso:
DEBUG - 2025-10-01 02:30:18 -->   - tipos permitidos: [1,3,4]
DEBUG - 2025-10-01 02:30:18 -->   - tipo do usuário: 3 (válido: SIM)
DEBUG - 2025-10-01 02:30:18 -->   - id_empresa: 6 (válido: SIM)
DEBUG - 2025-10-01 02:30:18 -->   - wants JSON: NÃO
DEBUG - 2025-10-01 02:30:18 --> PdvAccessFilter - Verificando empresa no banco...
DEBUG - 2025-10-01 02:30:18 --> PdvAccessFilter - Empresa encontrada: Leticia (ID: 6)
DEBUG - 2025-10-01 02:30:18 --> === PdvAccessFilter SUCESSO === Acesso liberado para Test
DEBUG - 2025-10-01 02:30:18 --> === PDV Controller INÍCIO ===
DEBUG - 2025-10-01 02:30:18 --> PDV Controller - Dados da sessão:
DEBUG - 2025-10-01 02:30:18 -->   - tipo: 3
DEBUG - 2025-10-01 02:30:18 -->   - status: null
DEBUG - 2025-10-01 02:30:18 -->   - usuario: Test
DEBUG - 2025-10-01 02:30:18 -->   - id_empresa: 6
DEBUG - 2025-10-01 02:30:18 -->   - id_contador: 1
DEBUG - 2025-10-01 02:30:18 --> PDV Controller - Permissões OK, carregando dados...
DEBUG - 2025-10-01 02:30:18 --> PDV Controller - Dados preparados:
DEBUG - 2025-10-01 02:30:18 -->   - Total de itens: 0
DEBUG - 2025-10-01 02:30:18 -->   - Total geral: R$ 0,00
DEBUG - 2025-10-01 02:30:18 --> === PDV Controller SUCESSO === Renderizando view
INFO - 2025-10-01 02:30:18 --> Session: Class initialized using 'CodeIgniter\Session\Handlers\FileHandler' driver.
INFO - 2025-10-01 02:30:18 --> Session: Class initialized using 'CodeIgniter\Session\Handlers\FileHandler' driver.
INFO - 2025-10-01 02:30:18 --> Session: Class initialized using 'CodeIgniter\Session\Handlers\FileHandler' driver.
INFO - 2025-10-01 02:30:19 --> Session: Class initialized using 'CodeIgniter\Session\Handlers\FileHandler' driver.
DEBUG - 2025-10-01 02:30:32 --> === PdvAccessFilter INÍCIO === URI: /index.php/pdv
INFO - 2025-10-01 02:30:32 --> Session: Class initialized using 'CodeIgniter\Session\Handlers\FileHandler' driver.
DEBUG - 2025-10-01 02:30:32 --> PdvAccessFilter - Dados da sessão:
DEBUG - 2025-10-01 02:30:32 -->   - tipo: 3
DEBUG - 2025-10-01 02:30:32 -->   - id_empresa: 6
DEBUG - 2025-10-01 02:30:32 -->   - id_contador: 1
DEBUG - 2025-10-01 02:30:32 -->   - usuario: Test
DEBUG - 2025-10-01 02:30:32 -->   - session_id: 7873si2uf8ijqcd7e9cvppekpjjrrc5c
DEBUG - 2025-10-01 02:30:32 --> PdvAccessFilter - Validação de acesso:
DEBUG - 2025-10-01 02:30:32 -->   - tipos permitidos: [1,3,4]
DEBUG - 2025-10-01 02:30:32 -->   - tipo do usuário: 3 (válido: SIM)
DEBUG - 2025-10-01 02:30:32 -->   - id_empresa: 6 (válido: SIM)
DEBUG - 2025-10-01 02:30:32 -->   - wants JSON: NÃO
DEBUG - 2025-10-01 02:30:32 --> PdvAccessFilter - Verificando empresa no banco...
DEBUG - 2025-10-01 02:30:32 --> PdvAccessFilter - Empresa encontrada: Leticia (ID: 6)
DEBUG - 2025-10-01 02:30:32 --> === PdvAccessFilter SUCESSO === Acesso liberado para Test
DEBUG - 2025-10-01 02:30:32 --> === PDV Controller INÍCIO ===
DEBUG - 2025-10-01 02:30:32 --> PDV Controller - Dados da sessão:
DEBUG - 2025-10-01 02:30:32 -->   - tipo: 3
DEBUG - 2025-10-01 02:30:32 -->   - status: null
DEBUG - 2025-10-01 02:30:32 -->   - usuario: Test
DEBUG - 2025-10-01 02:30:32 -->   - id_empresa: 6
DEBUG - 2025-10-01 02:30:32 -->   - id_contador: 1
DEBUG - 2025-10-01 02:30:32 --> PDV Controller - Permissões OK, carregando dados...
DEBUG - 2025-10-01 02:30:32 --> PDV Controller - Dados preparados:
DEBUG - 2025-10-01 02:30:32 -->   - Total de itens: 0
DEBUG - 2025-10-01 02:30:32 -->   - Total geral: R$ 0,00
DEBUG - 2025-10-01 02:30:32 --> === PDV Controller SUCESSO === Renderizando view
INFO - 2025-10-01 02:30:32 --> Session: Class initialized using 'CodeIgniter\Session\Handlers\FileHandler' driver.
INFO - 2025-10-01 02:30:32 --> Session: Class initialized using 'CodeIgniter\Session\Handlers\FileHandler' driver.
INFO - 2025-10-01 02:30:32 --> Session: Class initialized using 'CodeIgniter\Session\Handlers\FileHandler' driver.
INFO - 2025-10-01 02:30:32 --> Session: Class initialized using 'CodeIgniter\Session\Handlers\FileHandler' driver.
INFO - 2025-10-01 02:30:33 --> Session: Class initialized using 'CodeIgniter\Session\Handlers\FileHandler' driver.
INFO - 2025-10-01 02:30:34 --> Session: Class initialized using 'CodeIgniter\Session\Handlers\FileHandler' driver.
INFO - 2025-10-01 02:30:35 --> Session: Class initialized using 'CodeIgniter\Session\Handlers\FileHandler' driver.
INFO - 2025-10-01 02:30:38 --> Session: Class initialized using 'CodeIgniter\Session\Handlers\FileHandler' driver.
INFO - 2025-10-01 02:30:40 --> Session: Class initialized using 'CodeIgniter\Session\Handlers\FileHandler' driver.
INFO - 2025-10-01 02:30:41 --> Session: Class initialized using 'CodeIgniter\Session\Handlers\FileHandler' driver.
INFO - 2025-10-01 02:30:44 --> Session: Class initialized using 'CodeIgniter\Session\Handlers\FileHandler' driver.
INFO - 2025-10-01 02:32:37 --> Session: Class initialized using 'CodeIgniter\Session\Handlers\FileHandler' driver.
INFO - 2025-10-01 02:32:38 --> Session: Class initialized using 'CodeIgniter\Session\Handlers\FileHandler' driver.
INFO - 2025-10-01 02:32:39 --> Session: Class initialized using 'CodeIgniter\Session\Handlers\FileHandler' driver.
INFO - 2025-10-01 02:34:29 --> Session: Class initialized using 'CodeIgniter\Session\Handlers\FileHandler' driver.
INFO - 2025-10-01 02:34:31 --> Session: Class initialized using 'CodeIgniter\Session\Handlers\FileHandler' driver.
INFO - 2025-10-01 02:34:33 --> Session: Class initialized using 'CodeIgniter\Session\Handlers\FileHandler' driver.
INFO - 2025-10-01 02:34:37 --> Session: Class initialized using 'CodeIgniter\Session\Handlers\FileHandler' driver.
INFO - 2025-10-01 02:34:39 --> Session: Class initialized using 'CodeIgniter\Session\Handlers\FileHandler' driver.
INFO - 2025-10-01 02:34:40 --> Session: Class initialized using 'CodeIgniter\Session\Handlers\FileHandler' driver.
INFO - 2025-10-01 02:34:42 --> Session: Class initialized using 'CodeIgniter\Session\Handlers\FileHandler' driver.
INFO - 2025-10-01 02:35:13 --> Session: Class initialized using 'CodeIgniter\Session\Handlers\FileHandler' driver.
INFO - 2025-10-01 02:37:59 --> Session: Class initialized using 'CodeIgniter\Session\Handlers\FileHandler' driver.
DEBUG - 2025-10-01 02:39:48 --> === PdvAccessFilter INÍCIO === URI: /index.php/pdv
INFO - 2025-10-01 02:39:48 --> Session: Class initialized using 'CodeIgniter\Session\Handlers\FileHandler' driver.
DEBUG - 2025-10-01 02:39:48 --> PdvAccessFilter - Dados da sessão:
DEBUG - 2025-10-01 02:39:48 -->   - tipo: 3
DEBUG - 2025-10-01 02:39:48 -->   - id_empresa: 6
DEBUG - 2025-10-01 02:39:48 -->   - id_contador: 1
DEBUG - 2025-10-01 02:39:48 -->   - usuario: Test
DEBUG - 2025-10-01 02:39:48 -->   - session_id: 161soiltdb2qqbhoc4b89aa6ul3shq9n
DEBUG - 2025-10-01 02:39:48 --> PdvAccessFilter - Validação de acesso:
DEBUG - 2025-10-01 02:39:48 -->   - tipos permitidos: [1,3,4]
DEBUG - 2025-10-01 02:39:48 -->   - tipo do usuário: 3 (válido: SIM)
DEBUG - 2025-10-01 02:39:48 -->   - id_empresa: 6 (válido: SIM)
DEBUG - 2025-10-01 02:39:48 -->   - wants JSON: NÃO
DEBUG - 2025-10-01 02:39:48 --> PdvAccessFilter - Verificando empresa no banco...
DEBUG - 2025-10-01 02:39:48 --> PdvAccessFilter - Empresa encontrada: Leticia (ID: 6)
DEBUG - 2025-10-01 02:39:48 --> === PdvAccessFilter SUCESSO === Acesso liberado para Test
DEBUG - 2025-10-01 02:39:48 --> === PDV Controller INÍCIO ===
DEBUG - 2025-10-01 02:39:48 --> PDV Controller - Dados da sessão:
DEBUG - 2025-10-01 02:39:48 -->   - tipo: 3
DEBUG - 2025-10-01 02:39:48 -->   - status: null
DEBUG - 2025-10-01 02:39:48 -->   - usuario: Test
DEBUG - 2025-10-01 02:39:48 -->   - id_empresa: 6
DEBUG - 2025-10-01 02:39:48 -->   - id_contador: 1
DEBUG - 2025-10-01 02:39:48 --> PDV Controller - Permissões OK, carregando dados...
DEBUG - 2025-10-01 02:39:48 --> PDV Controller - Dados preparados:
DEBUG - 2025-10-01 02:39:48 -->   - Total de itens: 0
DEBUG - 2025-10-01 02:39:48 -->   - Total geral: R$ 0,00
DEBUG - 2025-10-01 02:39:48 --> === PDV Controller SUCESSO === Renderizando view
INFO - 2025-10-01 02:39:48 --> Session: Class initialized using 'CodeIgniter\Session\Handlers\FileHandler' driver.
INFO - 2025-10-01 02:39:48 --> Session: Class initialized using 'CodeIgniter\Session\Handlers\FileHandler' driver.
INFO - 2025-10-01 02:39:48 --> Session: Class initialized using 'CodeIgniter\Session\Handlers\FileHandler' driver.
INFO - 2025-10-01 02:39:49 --> Session: Class initialized using 'CodeIgniter\Session\Handlers\FileHandler' driver.
INFO - 2025-10-01 02:39:51 --> Session: Class initialized using 'CodeIgniter\Session\Handlers\FileHandler' driver.
INFO - 2025-10-01 02:39:53 --> Session: Class initialized using 'CodeIgniter\Session\Handlers\FileHandler' driver.
INFO - 2025-10-01 02:39:54 --> Session: Class initialized using 'CodeIgniter\Session\Handlers\FileHandler' driver.
INFO - 2025-10-01 02:39:55 --> Session: Class initialized using 'CodeIgniter\Session\Handlers\FileHandler' driver.
INFO - 2025-10-01 02:39:57 --> Session: Class initialized using 'CodeIgniter\Session\Handlers\FileHandler' driver.
INFO - 2025-10-01 02:40:01 --> Session: Class initialized using 'CodeIgniter\Session\Handlers\FileHandler' driver.
INFO - 2025-10-01 02:40:01 --> Session: Class initialized using 'CodeIgniter\Session\Handlers\FileHandler' driver.
INFO - 2025-10-01 02:40:08 --> Session: Class initialized using 'CodeIgniter\Session\Handlers\FileHandler' driver.
INFO - 2025-10-01 02:40:08 --> Session: Class initialized using 'CodeIgniter\Session\Handlers\FileHandler' driver.
INFO - 2025-10-01 02:40:12 --> Session: Class initialized using 'CodeIgniter\Session\Handlers\FileHandler' driver.
INFO - 2025-10-01 02:40:12 --> Session: Class initialized using 'CodeIgniter\Session\Handlers\FileHandler' driver.
INFO - 2025-10-01 02:40:14 --> Session: Class initialized using 'CodeIgniter\Session\Handlers\FileHandler' driver.
INFO - 2025-10-01 02:42:10 --> Session: Class initialized using 'CodeIgniter\Session\Handlers\FileHandler' driver.
INFO - 2025-10-01 02:42:12 --> Session: Class initialized using 'CodeIgniter\Session\Handlers\FileHandler' driver.
DEBUG - 2025-10-01 02:42:12 --> === PdvAccessFilter INÍCIO === URI: /pdv
INFO - 2025-10-01 02:42:12 --> Session: Class initialized using 'CodeIgniter\Session\Handlers\FileHandler' driver.
DEBUG - 2025-10-01 02:42:12 --> PdvAccessFilter - Dados da sessão:
DEBUG - 2025-10-01 02:42:12 -->   - tipo: 3
DEBUG - 2025-10-01 02:42:12 -->   - id_empresa: 6
DEBUG - 2025-10-01 02:42:12 -->   - id_contador: 1
DEBUG - 2025-10-01 02:42:12 -->   - usuario: Test
DEBUG - 2025-10-01 02:42:12 -->   - session_id: 4rkqhce6ue3qftceq812q3tu9apip9sp
DEBUG - 2025-10-01 02:42:12 --> PdvAccessFilter - Validação de acesso:
DEBUG - 2025-10-01 02:42:12 -->   - tipos permitidos: [1,3,4]
DEBUG - 2025-10-01 02:42:12 -->   - tipo do usuário: 3 (válido: SIM)
DEBUG - 2025-10-01 02:42:12 -->   - id_empresa: 6 (válido: SIM)
DEBUG - 2025-10-01 02:42:12 -->   - wants JSON: NÃO
DEBUG - 2025-10-01 02:42:12 --> PdvAccessFilter - Verificando empresa no banco...
DEBUG - 2025-10-01 02:42:12 --> PdvAccessFilter - Empresa encontrada: Leticia (ID: 6)
DEBUG - 2025-10-01 02:42:12 --> === PdvAccessFilter SUCESSO === Acesso liberado para Test
DEBUG - 2025-10-01 02:42:12 --> === PDV Controller INÍCIO ===
DEBUG - 2025-10-01 02:42:12 --> PDV Controller - Dados da sessão:
DEBUG - 2025-10-01 02:42:12 -->   - tipo: 3
DEBUG - 2025-10-01 02:42:12 -->   - status: null
DEBUG - 2025-10-01 02:42:12 -->   - usuario: Test
DEBUG - 2025-10-01 02:42:12 -->   - id_empresa: 6
DEBUG - 2025-10-01 02:42:12 -->   - id_contador: 1
DEBUG - 2025-10-01 02:42:12 --> PDV Controller - Permissões OK, carregando dados...
DEBUG - 2025-10-01 02:42:12 --> PDV Controller - Dados preparados:
DEBUG - 2025-10-01 02:42:12 -->   - Total de itens: 0
DEBUG - 2025-10-01 02:42:12 -->   - Total geral: R$ 0,00
DEBUG - 2025-10-01 02:42:12 --> === PDV Controller SUCESSO === Renderizando view
INFO - 2025-10-01 02:42:13 --> Session: Class initialized using 'CodeIgniter\Session\Handlers\FileHandler' driver.
INFO - 2025-10-01 02:42:13 --> Session: Class initialized using 'CodeIgniter\Session\Handlers\FileHandler' driver.
INFO - 2025-10-01 02:42:13 --> Session: Class initialized using 'CodeIgniter\Session\Handlers\FileHandler' driver.
INFO - 2025-10-01 02:42:13 --> Session: Class initialized using 'CodeIgniter\Session\Handlers\FileHandler' driver.
INFO - 2025-10-01 02:42:21 --> Session: Class initialized using 'CodeIgniter\Session\Handlers\FileHandler' driver.
INFO - 2025-10-01 02:42:22 --> Session: Class initialized using 'CodeIgniter\Session\Handlers\FileHandler' driver.
INFO - 2025-10-01 02:42:26 --> Session: Class initialized using 'CodeIgniter\Session\Handlers\FileHandler' driver.
INFO - 2025-10-01 02:42:28 --> Session: Class initialized using 'CodeIgniter\Session\Handlers\FileHandler' driver.
INFO - 2025-10-01 02:42:31 --> Session: Class initialized using 'CodeIgniter\Session\Handlers\FileHandler' driver.
INFO - 2025-10-01 02:42:32 --> Session: Class initialized using 'CodeIgniter\Session\Handlers\FileHandler' driver.
DEBUG - 2025-10-01 21:22:19 --> === PdvAccessFilter INÍCIO === URI: /pdv
INFO - 2025-10-01 21:22:19 --> Session: Class initialized using 'CodeIgniter\Session\Handlers\FileHandler' driver.
DEBUG - 2025-10-01 21:22:19 --> PdvAccessFilter - Dados da sessão:
DEBUG - 2025-10-01 21:22:19 -->   - tipo: 0
DEBUG - 2025-10-01 21:22:19 -->   - id_empresa: 0
DEBUG - 2025-10-01 21:22:19 -->   - id_contador: 0
DEBUG - 2025-10-01 21:22:19 -->   - usuario: null
DEBUG - 2025-10-01 21:22:19 -->   - session_id: cvee8ot28hso3vh4st24a5g8nk9gkqcl
DEBUG - 2025-10-01 21:22:19 --> PdvAccessFilter - Validação de acesso:
DEBUG - 2025-10-01 21:22:19 -->   - tipos permitidos: [1,3,4]
DEBUG - 2025-10-01 21:22:19 -->   - tipo do usuário: 0 (válido: NÃO)
DEBUG - 2025-10-01 21:22:19 -->   - id_empresa: 0 (válido: NÃO)
DEBUG - 2025-10-01 21:22:19 -->   - wants JSON: NÃO
ERROR - 2025-10-01 21:22:19 --> PdvAccessFilter - ACESSO NEGADO!
ERROR - 2025-10-01 21:22:19 -->   - Motivo: Tipo inválido
DEBUG - 2025-10-01 21:22:19 --> PdvAccessFilter - Redirecionando para /login-pdv
INFO - 2025-10-01 21:22:19 --> Session: Class initialized using 'CodeIgniter\Session\Handlers\FileHandler' driver.
INFO - 2025-10-01 21:22:19 --> Session: Class initialized using 'CodeIgniter\Session\Handlers\FileHandler' driver.
INFO - 2025-10-01 21:22:22 --> Session: Class initialized using 'CodeIgniter\Session\Handlers\FileHandler' driver.
INFO - 2025-10-01 21:22:22 --> Session: Class initialized using 'CodeIgniter\Session\Handlers\FileHandler' driver.
INFO - 2025-10-01 21:22:24 --> Session: Class initialized using 'CodeIgniter\Session\Handlers\FileHandler' driver.
INFO - 2025-10-01 21:22:25 --> Session: Class initialized using 'CodeIgniter\Session\Handlers\FileHandler' driver.
INFO - 2025-10-01 21:22:27 --> Session: Class initialized using 'CodeIgniter\Session\Handlers\FileHandler' driver.
ERROR - 2025-10-01 23:24:08 --> mysqli_sql_exception: Duplicate key name 'txid' in C:\xampp\htdocs\erp.local\system\Database\MySQLi\Connection.php:306
Stack trace:
#0 C:\xampp\htdocs\erp.local\system\Database\MySQLi\Connection.php(306): mysqli->query('CREATE TABLE `p...', 0)
#1 C:\xampp\htdocs\erp.local\system\Database\BaseConnection.php(693): CodeIgniter\Database\MySQLi\Connection->execute('CREATE TABLE `p...')
#2 C:\xampp\htdocs\erp.local\system\Database\BaseConnection.php(607): CodeIgniter\Database\BaseConnection->simpleQuery('CREATE TABLE `p...')
#3 C:\xampp\htdocs\erp.local\system\Database\Forge.php(555): CodeIgniter\Database\BaseConnection->query('CREATE TABLE `p...')
#4 C:\xampp\htdocs\erp.local\app\Database\Migrations\2025-10-05-120000_CreatePixTransactions.php(120): CodeIgniter\Database\Forge->createTable('pix_transaction...')
#5 C:\xampp\htdocs\erp.local\system\Database\MigrationRunner.php(865): App\Database\Migrations\CreatePixTransactions->up()
#6 C:\xampp\htdocs\erp.local\system\Database\MigrationRunner.php(181): CodeIgniter\Database\MigrationRunner->migrate('up', Object(stdClass))
#7 C:\xampp\htdocs\erp.local\system\Commands\Database\Migrate.php(84): CodeIgniter\Database\MigrationRunner->latest(NULL)
#8 C:\xampp\htdocs\erp.local\system\CLI\Commands.php(65): CodeIgniter\Commands\Database\Migrate->run(Array)
#9 C:\xampp\htdocs\erp.local\system\CLI\Console.php(46): CodeIgniter\CLI\Commands->run('migrate', Array)
#10 C:\xampp\htdocs\erp.local\spark(102): CodeIgniter\CLI\Console->run()
#11 {main}
INFO - 2025-10-01 23:58:30 --> Session: Class initialized using 'CodeIgniter\Session\Handlers\FileHandler' driver.
INFO - 2025-10-01 23:58:31 --> Session: Class initialized using 'CodeIgniter\Session\Handlers\FileHandler' driver.
DEBUG - 2025-10-01 23:58:36 --> === PdvAccessFilter INÍCIO === URI: /pdv
INFO - 2025-10-01 23:58:36 --> Session: Class initialized using 'CodeIgniter\Session\Handlers\FileHandler' driver.
DEBUG - 2025-10-01 23:58:36 --> PdvAccessFilter - Dados da sessão:
DEBUG - 2025-10-01 23:58:36 -->   - tipo: 3
DEBUG - 2025-10-01 23:58:36 -->   - id_empresa: 6
DEBUG - 2025-10-01 23:58:36 -->   - id_contador: 1
DEBUG - 2025-10-01 23:58:36 -->   - usuario: Test
DEBUG - 2025-10-01 23:58:36 -->   - session_id: ttnu2csr90j6sqf66su6gsfmidq7i5gh
DEBUG - 2025-10-01 23:58:36 --> PdvAccessFilter - Validação de acesso:
DEBUG - 2025-10-01 23:58:36 -->   - tipos permitidos: [1,3,4]
DEBUG - 2025-10-01 23:58:36 -->   - tipo do usuário: 3 (válido: SIM)
DEBUG - 2025-10-01 23:58:36 -->   - id_empresa: 6 (válido: SIM)
DEBUG - 2025-10-01 23:58:36 -->   - wants JSON: NÃO
DEBUG - 2025-10-01 23:58:36 --> PdvAccessFilter - Verificando empresa no banco...
DEBUG - 2025-10-01 23:58:36 --> PdvAccessFilter - Empresa encontrada: Leticia (ID: 6)
DEBUG - 2025-10-01 23:58:36 --> === PdvAccessFilter SUCESSO === Acesso liberado para Test
DEBUG - 2025-10-01 23:58:36 --> === PDV Controller INÍCIO ===
DEBUG - 2025-10-01 23:58:36 --> PDV Controller - Dados da sessão:
DEBUG - 2025-10-01 23:58:36 -->   - tipo: 3
DEBUG - 2025-10-01 23:58:36 -->   - status: null
DEBUG - 2025-10-01 23:58:36 -->   - usuario: Test
DEBUG - 2025-10-01 23:58:36 -->   - id_empresa: 6
DEBUG - 2025-10-01 23:58:36 -->   - id_contador: 1
DEBUG - 2025-10-01 23:58:36 --> PDV Controller - Permissões OK, carregando dados...
DEBUG - 2025-10-01 23:58:36 --> PDV Controller - Dados preparados:
DEBUG - 2025-10-01 23:58:36 -->   - Total de itens: 0
DEBUG - 2025-10-01 23:58:36 -->   - Total geral: R$ 0,00
DEBUG - 2025-10-01 23:58:36 --> === PDV Controller SUCESSO === Renderizando view
INFO - 2025-10-01 23:58:36 --> Session: Class initialized using 'CodeIgniter\Session\Handlers\FileHandler' driver.
INFO - 2025-10-01 23:58:36 --> Session: Class initialized using 'CodeIgniter\Session\Handlers\FileHandler' driver.
INFO - 2025-10-01 23:58:37 --> Session: Class initialized using 'CodeIgniter\Session\Handlers\FileHandler' driver.
INFO - 2025-10-01 23:58:37 --> Session: Class initialized using 'CodeIgniter\Session\Handlers\FileHandler' driver.
INFO - 2025-10-01 23:58:55 --> Session: Class initialized using 'CodeIgniter\Session\Handlers\FileHandler' driver.
INFO - 2025-10-01 23:58:55 --> Shifts::open - Caixa sessão aberta via model centralizado.
INFO - 2025-10-01 23:58:56 --> Session: Class initialized using 'CodeIgniter\Session\Handlers\FileHandler' driver.
INFO - 2025-10-01 23:58:58 --> Session: Class initialized using 'CodeIgniter\Session\Handlers\FileHandler' driver.
INFO - 2025-10-01 23:59:06 --> Session: Class initialized using 'CodeIgniter\Session\Handlers\FileHandler' driver.
DEBUG - 2025-10-01 23:59:09 --> === PdvAccessFilter INÍCIO === URI: /pdv
INFO - 2025-10-01 23:59:09 --> Session: Class initialized using 'CodeIgniter\Session\Handlers\FileHandler' driver.
DEBUG - 2025-10-01 23:59:09 --> PdvAccessFilter - Dados da sessão:
DEBUG - 2025-10-01 23:59:09 -->   - tipo: 3
DEBUG - 2025-10-01 23:59:09 -->   - id_empresa: 6
DEBUG - 2025-10-01 23:59:09 -->   - id_contador: 1
DEBUG - 2025-10-01 23:59:09 -->   - usuario: Test
DEBUG - 2025-10-01 23:59:09 -->   - session_id: ttnu2csr90j6sqf66su6gsfmidq7i5gh
DEBUG - 2025-10-01 23:59:09 --> PdvAccessFilter - Validação de acesso:
DEBUG - 2025-10-01 23:59:09 -->   - tipos permitidos: [1,3,4]
DEBUG - 2025-10-01 23:59:09 -->   - tipo do usuário: 3 (válido: SIM)
DEBUG - 2025-10-01 23:59:09 -->   - id_empresa: 6 (válido: SIM)
DEBUG - 2025-10-01 23:59:09 -->   - wants JSON: NÃO
DEBUG - 2025-10-01 23:59:09 --> PdvAccessFilter - Verificando empresa no banco...
DEBUG - 2025-10-01 23:59:09 --> PdvAccessFilter - Empresa encontrada: Leticia (ID: 6)
DEBUG - 2025-10-01 23:59:09 --> === PdvAccessFilter SUCESSO === Acesso liberado para Test
DEBUG - 2025-10-01 23:59:09 --> === PDV Controller INÍCIO ===
DEBUG - 2025-10-01 23:59:09 --> PDV Controller - Dados da sessão:
DEBUG - 2025-10-01 23:59:09 -->   - tipo: 3
DEBUG - 2025-10-01 23:59:09 -->   - status: null
DEBUG - 2025-10-01 23:59:09 -->   - usuario: Test
DEBUG - 2025-10-01 23:59:09 -->   - id_empresa: 6
DEBUG - 2025-10-01 23:59:09 -->   - id_contador: 1
DEBUG - 2025-10-01 23:59:09 --> PDV Controller - Permissões OK, carregando dados...
DEBUG - 2025-10-01 23:59:09 --> PDV Controller - Dados preparados:
DEBUG - 2025-10-01 23:59:09 -->   - Total de itens: 0
DEBUG - 2025-10-01 23:59:09 -->   - Total geral: R$ 0,00
DEBUG - 2025-10-01 23:59:09 --> === PDV Controller SUCESSO === Renderizando view
INFO - 2025-10-01 23:59:09 --> Session: Class initialized using 'CodeIgniter\Session\Handlers\FileHandler' driver.
INFO - 2025-10-01 23:59:09 --> Session: Class initialized using 'CodeIgniter\Session\Handlers\FileHandler' driver.
INFO - 2025-10-01 23:59:09 --> Session: Class initialized using 'CodeIgniter\Session\Handlers\FileHandler' driver.
INFO - 2025-10-01 23:59:10 --> Session: Class initialized using 'CodeIgniter\Session\Handlers\FileHandler' driver.
INFO - 2025-10-01 23:59:11 --> Session: Class initialized using 'CodeIgniter\Session\Handlers\FileHandler' driver.
DEBUG - 2025-10-01 23:59:11 --> Products::barcode - Buscando EAN: 28, Contador: 1, Empresa: 6
DEBUG - 2025-10-01 23:59:11 --> Products::barcode - Tentativa 1 (empresa+contador exato): NAO_ENCONTRADO
DEBUG - 2025-10-01 23:59:11 --> Products::barcode - Tentativa 2 (empresa+contador LIKE): NAO_ENCONTRADO
DEBUG - 2025-10-01 23:59:11 --> Products::barcode - Tentativa 3 (somente contador): NAO_ENCONTRADO
DEBUG - 2025-10-01 23:59:11 --> Products::barcode - Tentativa 4 (global): NAO_ENCONTRADO
WARNING - 2025-10-01 23:59:11 --> Products::barcode - Produto não encontrado para EAN: 28
INFO - 2025-10-01 23:59:11 --> Session: Class initialized using 'CodeIgniter\Session\Handlers\FileHandler' driver.
DEBUG - 2025-10-01 23:59:11 --> Products::search - Termo: 28, Contador: 1, Empresa: 6, Page: 1, Limit: 50
DEBUG - 2025-10-01 23:59:11 --> Products::search - Resultados encontrados: 1
DEBUG - 2025-10-01 23:59:11 --> Products::search - Primeiro resultado: {"id_produto":"28","nome":"PEL\u00cdCULA","codigo_de_barras":"SEM GTIN","valor_unitario":"10","CFOP_NFe":"5403","CFOP_NFCe":"5102","CFOP_Externo":"6104","NCM":"00000000","CSOSN":"103","id_unidade":"1","id_contador":"1","id_empresa":"6","created_at":"2025-09-17 13:03:19","updated_at":"2025-09-17 13:03:19","deleted_at":"0000-00-00 00:00:00","estoque":"0.000","estoque_minimo":"0.000"}
DEBUG - 2025-10-01 23:59:11 --> Products::search - Primeiro resultado mapeado: {"id_produto":"28","nome":"PEL\u00cdCULA","codigo_de_barras":"SEM GTIN","valor_unitario":"10","CFOP_NFe":"5403","CFOP_NFCe":"5102","CFOP_Externo":"6104","NCM":"00000000","CSOSN":"103","id_unidade":"1","id_contador":"1","id_empresa":"6","created_at":"2025-09-17 13:03:19","updated_at":"2025-09-17 13:03:19","deleted_at":"0000-00-00 00:00:00","estoque":"0.000","estoque_minimo":"0.000","quantidade_estoque":0,"id":"28","codigo_barras":"SEM GTIN","preco_unitario":"10.00"}
INFO - 2025-10-01 23:59:12 --> Session: Class initialized using 'CodeIgniter\Session\Handlers\FileHandler' driver.
INFO - 2025-10-01 23:59:12 --> Session: Class initialized using 'CodeIgniter\Session\Handlers\FileHandler' driver.
INFO - 2025-10-01 23:59:14 --> Session: Class initialized using 'CodeIgniter\Session\Handlers\FileHandler' driver.
INFO - 2025-10-01 23:59:19 --> Session: Class initialized using 'CodeIgniter\Session\Handlers\FileHandler' driver.
INFO - 2025-10-01 23:59:37 --> Session: Class initialized using 'CodeIgniter\Session\Handlers\FileHandler' driver.
INFO - 2025-10-01 23:59:38 --> Session: Class initialized using 'CodeIgniter\Session\Handlers\FileHandler' driver.
DEBUG - 2025-10-01 23:59:40 --> === PdvAccessFilter INÍCIO === URI: /pdv
INFO - 2025-10-01 23:59:40 --> Session: Class initialized using 'CodeIgniter\Session\Handlers\FileHandler' driver.
DEBUG - 2025-10-01 23:59:40 --> PdvAccessFilter - Dados da sessão:
DEBUG - 2025-10-01 23:59:40 -->   - tipo: 3
DEBUG - 2025-10-01 23:59:40 -->   - id_empresa: 6
DEBUG - 2025-10-01 23:59:40 -->   - id_contador: 1
DEBUG - 2025-10-01 23:59:40 -->   - usuario: Test
DEBUG - 2025-10-01 23:59:40 -->   - session_id: ttnu2csr90j6sqf66su6gsfmidq7i5gh
DEBUG - 2025-10-01 23:59:40 --> PdvAccessFilter - Validação de acesso:
DEBUG - 2025-10-01 23:59:40 -->   - tipos permitidos: [1,3,4]
DEBUG - 2025-10-01 23:59:40 -->   - tipo do usuário: 3 (válido: SIM)
DEBUG - 2025-10-01 23:59:40 -->   - id_empresa: 6 (válido: SIM)
DEBUG - 2025-10-01 23:59:40 -->   - wants JSON: NÃO
DEBUG - 2025-10-01 23:59:40 --> PdvAccessFilter - Verificando empresa no banco...
DEBUG - 2025-10-01 23:59:40 --> PdvAccessFilter - Empresa encontrada: Leticia (ID: 6)
DEBUG - 2025-10-01 23:59:40 --> === PdvAccessFilter SUCESSO === Acesso liberado para Test
DEBUG - 2025-10-01 23:59:40 --> === PDV Controller INÍCIO ===
DEBUG - 2025-10-01 23:59:40 --> PDV Controller - Dados da sessão:
DEBUG - 2025-10-01 23:59:40 -->   - tipo: 3
DEBUG - 2025-10-01 23:59:40 -->   - status: null
DEBUG - 2025-10-01 23:59:40 -->   - usuario: Test
DEBUG - 2025-10-01 23:59:40 -->   - id_empresa: 6
DEBUG - 2025-10-01 23:59:40 -->   - id_contador: 1
DEBUG - 2025-10-01 23:59:40 --> PDV Controller - Permissões OK, carregando dados...
DEBUG - 2025-10-01 23:59:40 --> PDV Controller - Dados preparados:
DEBUG - 2025-10-01 23:59:40 -->   - Total de itens: 1
DEBUG - 2025-10-01 23:59:40 -->   - Total geral: R$ 10,00
DEBUG - 2025-10-01 23:59:40 --> === PDV Controller SUCESSO === Renderizando view
INFO - 2025-10-01 23:59:40 --> Session: Class initialized using 'CodeIgniter\Session\Handlers\FileHandler' driver.
INFO - 2025-10-01 23:59:40 --> Session: Class initialized using 'CodeIgniter\Session\Handlers\FileHandler' driver.
INFO - 2025-10-01 23:59:40 --> Session: Class initialized using 'CodeIgniter\Session\Handlers\FileHandler' driver.
INFO - 2025-10-01 23:59:40 --> Session: Class initialized using 'CodeIgniter\Session\Handlers\FileHandler' driver.
INFO - 2025-10-01 23:59:41 --> Session: Class initialized using 'CodeIgniter\Session\Handlers\FileHandler' driver.
INFO - 2025-10-01 23:59:41 --> Session: Class initialized using 'CodeIgniter\Session\Handlers\FileHandler' driver.
INFO - 2025-10-01 23:59:41 --> Session: Class initialized using 'CodeIgniter\Session\Handlers\FileHandler' driver.
INFO - 2025-10-01 23:59:43 --> Session: Class initialized using 'CodeIgniter\Session\Handlers\FileHandler' driver.
INFO - 2025-10-01 23:59:46 --> Session: Class initialized using 'CodeIgniter\Session\Handlers\FileHandler' driver.
