ERROR - 2025-09-16 18:26:08 --> Error connecting to the database: mysqli_sql_exception: Nenhuma conexão pôde ser feita porque a máquina de destino as recusou ativamente in C:\xampp\htdocs\erp.local\system\Database\MySQLi\Connection.php:184
Stack trace:
#0 C:\xampp\htdocs\erp.local\system\Database\MySQLi\Connection.php(184): mysqli->real_connect('127.0.0.1', 'root', Object(SensitiveParameterValue), 'erp_test', 3306, '', 0)
#1 C:\xampp\htdocs\erp.local\system\Database\BaseConnection.php(392): CodeIgniter\Database\MySQLi\Connection->connect(false)
#2 C:\xampp\htdocs\erp.local\system\Database\BaseConnection.php(575): CodeIgniter\Database\BaseConnection->initialize()
#3 C:\xampp\htdocs\erp.local\system\Database\BaseConnection.php(1410): CodeIgniter\Database\BaseConnection->query('SHOW TABLES FRO...')
#4 C:\xampp\htdocs\erp.local\system\Database\BaseConnection.php(1429): CodeIgniter\Database\BaseConnection->listTables()
#5 C:\xampp\htdocs\erp.local\system\Database\MigrationRunner.php(757): CodeIgniter\Database\BaseConnection->tableExists('migrations')
#6 C:\xampp\htdocs\erp.local\system\Database\MigrationRunner.php(161): CodeIgniter\Database\MigrationRunner->ensureTable()
#7 C:\xampp\htdocs\erp.local\system\Commands\Database\Migrate.php(84): CodeIgniter\Database\MigrationRunner->latest(NULL)
#8 C:\xampp\htdocs\erp.local\system\CLI\Commands.php(65): CodeIgniter\Commands\Database\Migrate->run(Array)
#9 C:\xampp\htdocs\erp.local\system\CLI\Console.php(46): CodeIgniter\CLI\Commands->run('migrate', Array)
#10 C:\xampp\htdocs\erp.local\spark(102): CodeIgniter\CLI\Console->run()
#11 {main}

Next CodeIgniter\Database\Exceptions\DatabaseException: Nenhuma conexão pôde ser feita porque a máquina de destino as recusou ativamente in C:\xampp\htdocs\erp.local\system\Database\MySQLi\Connection.php:229
Stack trace:
#0 C:\xampp\htdocs\erp.local\system\Database\BaseConnection.php(392): CodeIgniter\Database\MySQLi\Connection->connect(false)
#1 C:\xampp\htdocs\erp.local\system\Database\BaseConnection.php(575): CodeIgniter\Database\BaseConnection->initialize()
#2 C:\xampp\htdocs\erp.local\system\Database\BaseConnection.php(1410): CodeIgniter\Database\BaseConnection->query('SHOW TABLES FRO...')
#3 C:\xampp\htdocs\erp.local\system\Database\BaseConnection.php(1429): CodeIgniter\Database\BaseConnection->listTables()
#4 C:\xampp\htdocs\erp.local\system\Database\MigrationRunner.php(757): CodeIgniter\Database\BaseConnection->tableExists('migrations')
#5 C:\xampp\htdocs\erp.local\system\Database\MigrationRunner.php(161): CodeIgniter\Database\MigrationRunner->ensureTable()
#6 C:\xampp\htdocs\erp.local\system\Commands\Database\Migrate.php(84): CodeIgniter\Database\MigrationRunner->latest(NULL)
#7 C:\xampp\htdocs\erp.local\system\CLI\Commands.php(65): CodeIgniter\Commands\Database\Migrate->run(Array)
#8 C:\xampp\htdocs\erp.local\system\CLI\Console.php(46): CodeIgniter\CLI\Commands->run('migrate', Array)
#9 C:\xampp\htdocs\erp.local\spark(102): CodeIgniter\CLI\Console->run()
#10 {main}
ERROR - 2025-09-16 18:28:45 --> Error connecting to the database: mysqli_sql_exception: Nenhuma conexão pôde ser feita porque a máquina de destino as recusou ativamente in C:\xampp\htdocs\erp.local\system\Database\MySQLi\Connection.php:184
Stack trace:
#0 C:\xampp\htdocs\erp.local\system\Database\MySQLi\Connection.php(184): mysqli->real_connect('127.0.0.1', 'root', Object(SensitiveParameterValue), 'erp_local', 3306, '', 0)
#1 C:\xampp\htdocs\erp.local\system\Database\BaseConnection.php(392): CodeIgniter\Database\MySQLi\Connection->connect(false)
#2 C:\xampp\htdocs\erp.local\system\Database\BaseConnection.php(575): CodeIgniter\Database\BaseConnection->initialize()
#3 C:\xampp\htdocs\erp.local\system\Database\BaseConnection.php(1410): CodeIgniter\Database\BaseConnection->query('SHOW TABLES FRO...')
#4 C:\xampp\htdocs\erp.local\system\Database\BaseConnection.php(1429): CodeIgniter\Database\BaseConnection->listTables()
#5 C:\xampp\htdocs\erp.local\system\Database\MigrationRunner.php(757): CodeIgniter\Database\BaseConnection->tableExists('migrations')
#6 C:\xampp\htdocs\erp.local\system\Database\MigrationRunner.php(161): CodeIgniter\Database\MigrationRunner->ensureTable()
#7 C:\xampp\htdocs\erp.local\system\Commands\Database\Migrate.php(84): CodeIgniter\Database\MigrationRunner->latest(NULL)
#8 C:\xampp\htdocs\erp.local\system\CLI\Commands.php(65): CodeIgniter\Commands\Database\Migrate->run(Array)
#9 C:\xampp\htdocs\erp.local\system\CLI\Console.php(46): CodeIgniter\CLI\Commands->run('migrate', Array)
#10 C:\xampp\htdocs\erp.local\spark(102): CodeIgniter\CLI\Console->run()
#11 {main}

Next CodeIgniter\Database\Exceptions\DatabaseException: Nenhuma conexão pôde ser feita porque a máquina de destino as recusou ativamente in C:\xampp\htdocs\erp.local\system\Database\MySQLi\Connection.php:229
Stack trace:
#0 C:\xampp\htdocs\erp.local\system\Database\BaseConnection.php(392): CodeIgniter\Database\MySQLi\Connection->connect(false)
#1 C:\xampp\htdocs\erp.local\system\Database\BaseConnection.php(575): CodeIgniter\Database\BaseConnection->initialize()
#2 C:\xampp\htdocs\erp.local\system\Database\BaseConnection.php(1410): CodeIgniter\Database\BaseConnection->query('SHOW TABLES FRO...')
#3 C:\xampp\htdocs\erp.local\system\Database\BaseConnection.php(1429): CodeIgniter\Database\BaseConnection->listTables()
#4 C:\xampp\htdocs\erp.local\system\Database\MigrationRunner.php(757): CodeIgniter\Database\BaseConnection->tableExists('migrations')
#5 C:\xampp\htdocs\erp.local\system\Database\MigrationRunner.php(161): CodeIgniter\Database\MigrationRunner->ensureTable()
#6 C:\xampp\htdocs\erp.local\system\Commands\Database\Migrate.php(84): CodeIgniter\Database\MigrationRunner->latest(NULL)
#7 C:\xampp\htdocs\erp.local\system\CLI\Commands.php(65): CodeIgniter\Commands\Database\Migrate->run(Array)
#8 C:\xampp\htdocs\erp.local\system\CLI\Console.php(46): CodeIgniter\CLI\Commands->run('migrate', Array)
#9 C:\xampp\htdocs\erp.local\spark(102): CodeIgniter\CLI\Console->run()
#10 {main}
INFO - 2025-09-16 18:39:55 --> Session: Class initialized using 'CodeIgniter\Session\Handlers\FileHandler' driver.
INFO - 2025-09-16 18:39:56 --> Session: Class initialized using 'CodeIgniter\Session\Handlers\FileHandler' driver.
INFO - 2025-09-16 18:40:03 --> CSRF token verified.
INFO - 2025-09-16 18:40:03 --> Session: Class initialized using 'CodeIgniter\Session\Handlers\FileHandler' driver.
INFO - 2025-09-16 18:40:03 --> Session: Class initialized using 'CodeIgniter\Session\Handlers\FileHandler' driver.
INFO - 2025-09-16 18:40:05 --> Session: Class initialized using 'CodeIgniter\Session\Handlers\FileHandler' driver.
INFO - 2025-09-16 18:40:13 --> CSRF token verified.
INFO - 2025-09-16 18:40:13 --> Session: Class initialized using 'CodeIgniter\Session\Handlers\FileHandler' driver.
INFO - 2025-09-16 18:40:13 --> Session: Class initialized using 'CodeIgniter\Session\Handlers\FileHandler' driver.
INFO - 2025-09-16 18:40:18 --> CSRF token verified.
INFO - 2025-09-16 18:40:18 --> Session: Class initialized using 'CodeIgniter\Session\Handlers\FileHandler' driver.
INFO - 2025-09-16 18:40:18 --> Session: Class initialized using 'CodeIgniter\Session\Handlers\FileHandler' driver.
INFO - 2025-09-16 18:40:19 --> Session: Class initialized using 'CodeIgniter\Session\Handlers\FileHandler' driver.
INFO - 2025-09-16 18:40:20 --> Session: Class initialized using 'CodeIgniter\Session\Handlers\FileHandler' driver.
INFO - 2025-09-16 18:40:21 --> Session: Class initialized using 'CodeIgniter\Session\Handlers\FileHandler' driver.
INFO - 2025-09-16 18:40:22 --> Session: Class initialized using 'CodeIgniter\Session\Handlers\FileHandler' driver.
INFO - 2025-09-16 18:40:26 --> Session: Class initialized using 'CodeIgniter\Session\Handlers\FileHandler' driver.
INFO - 2025-09-16 18:40:26 --> Session: Class initialized using 'CodeIgniter\Session\Handlers\FileHandler' driver.
DEBUG - 2025-09-16 18:58:47 --> Session: Initialization under CLI aborted.
ERROR - 2025-09-16 18:58:48 --> mysqli_sql_exception: Cannot add or update a child row: a foreign key constraint fails (`erp_local`.`cash_registers`, CONSTRAINT `cash_registers_id_empresa_foreign` FOREIGN KEY (`id_empresa`) REFERENCES `empresas` (`id_empresa`) ON DELETE CASCADE ON UPDATE CASCADE) in C:\xampp\htdocs\erp.local\system\Database\MySQLi\Connection.php:306
Stack trace:
#0 C:\xampp\htdocs\erp.local\system\Database\MySQLi\Connection.php(306): mysqli->query('INSERT INTO `ca...', 0)
#1 C:\xampp\htdocs\erp.local\system\Database\BaseConnection.php(693): CodeIgniter\Database\MySQLi\Connection->execute('INSERT INTO `ca...')
#2 C:\xampp\htdocs\erp.local\system\Database\BaseConnection.php(607): CodeIgniter\Database\BaseConnection->simpleQuery('INSERT INTO `ca...')
#3 C:\xampp\htdocs\erp.local\system\Database\BaseBuilder.php(2307): CodeIgniter\Database\BaseConnection->query('INSERT INTO `ca...', Array, false)
#4 C:\xampp\htdocs\erp.local\app\Database\Seeds\PdvSeeder.php(17): CodeIgniter\Database\BaseBuilder->insert(Array)
#5 C:\xampp\htdocs\erp.local\system\Database\Seeder.php(145): App\Database\Seeds\PdvSeeder->run()
#6 C:\xampp\htdocs\erp.local\system\Commands\Database\Seed.php(77): CodeIgniter\Database\Seeder->call('App\\Database\\Se...')
#7 C:\xampp\htdocs\erp.local\system\CLI\Commands.php(65): CodeIgniter\Commands\Database\Seed->run(Array)
#8 C:\xampp\htdocs\erp.local\system\CLI\Console.php(46): CodeIgniter\CLI\Commands->run('db:seed', Array)
#9 C:\xampp\htdocs\erp.local\spark(102): CodeIgniter\CLI\Console->run()
#10 {main}
DEBUG - 2025-09-16 19:03:01 --> Session: Initialization under CLI aborted.
ERROR - 2025-09-16 19:03:01 --> mysqli_sql_exception: Cannot add or update a child row: a foreign key constraint fails (`erp_local`.`cash_registers`, CONSTRAINT `cash_registers_id_empresa_foreign` FOREIGN KEY (`id_empresa`) REFERENCES `empresas` (`id_empresa`) ON DELETE CASCADE ON UPDATE CASCADE) in C:\xampp\htdocs\erp.local\system\Database\MySQLi\Connection.php:306
Stack trace:
#0 C:\xampp\htdocs\erp.local\system\Database\MySQLi\Connection.php(306): mysqli->query('INSERT INTO `ca...', 0)
#1 C:\xampp\htdocs\erp.local\system\Database\BaseConnection.php(693): CodeIgniter\Database\MySQLi\Connection->execute('INSERT INTO `ca...')
#2 C:\xampp\htdocs\erp.local\system\Database\BaseConnection.php(607): CodeIgniter\Database\BaseConnection->simpleQuery('INSERT INTO `ca...')
#3 C:\xampp\htdocs\erp.local\system\Database\BaseBuilder.php(2307): CodeIgniter\Database\BaseConnection->query('INSERT INTO `ca...', Array, false)
#4 C:\xampp\htdocs\erp.local\app\Database\Seeds\PdvSeeder.php(17): CodeIgniter\Database\BaseBuilder->insert(Array)
#5 C:\xampp\htdocs\erp.local\system\Database\Seeder.php(145): App\Database\Seeds\PdvSeeder->run()
#6 C:\xampp\htdocs\erp.local\system\Commands\Database\Seed.php(77): CodeIgniter\Database\Seeder->call('App\\Database\\Se...')
#7 C:\xampp\htdocs\erp.local\system\CLI\Commands.php(65): CodeIgniter\Commands\Database\Seed->run(Array)
#8 C:\xampp\htdocs\erp.local\system\CLI\Console.php(46): CodeIgniter\CLI\Commands->run('db:seed', Array)
#9 C:\xampp\htdocs\erp.local\spark(102): CodeIgniter\CLI\Console->run()
#10 {main}
INFO - 2025-09-16 19:09:57 --> Session: Class initialized using 'CodeIgniter\Session\Handlers\FileHandler' driver.
INFO - 2025-09-16 19:09:59 --> Session: Class initialized using 'CodeIgniter\Session\Handlers\FileHandler' driver.
INFO - 2025-09-16 19:10:00 --> Session: Class initialized using 'CodeIgniter\Session\Handlers\FileHandler' driver.
INFO - 2025-09-16 19:10:50 --> CSRF token verified.
INFO - 2025-09-16 19:10:50 --> Session: Class initialized using 'CodeIgniter\Session\Handlers\FileHandler' driver.
INFO - 2025-09-16 19:10:50 --> Session: Class initialized using 'CodeIgniter\Session\Handlers\FileHandler' driver.
INFO - 2025-09-16 19:10:52 --> Session: Class initialized using 'CodeIgniter\Session\Handlers\FileHandler' driver.
INFO - 2025-09-16 19:10:52 --> Session: Class initialized using 'CodeIgniter\Session\Handlers\FileHandler' driver.
INFO - 2025-09-16 19:10:54 --> Session: Class initialized using 'CodeIgniter\Session\Handlers\FileHandler' driver.
INFO - 2025-09-16 19:10:55 --> Session: Class initialized using 'CodeIgniter\Session\Handlers\FileHandler' driver.
INFO - 2025-09-16 19:10:58 --> Session: Class initialized using 'CodeIgniter\Session\Handlers\FileHandler' driver.
CRITICAL - 2025-09-16 19:11:51 --> TypeError: CodeIgniter\Router\RouteCollection::getFilterForRoute(): Return value must be of type string, array returned
in SYSTEMPATH\Router\RouteCollection.php on line 1256.
 1 SYSTEMPATH\Router\Router.php(193): CodeIgniter\Router\RouteCollection->getFilterForRoute('api/pos')
 2 SYSTEMPATH\CodeIgniter.php(823): CodeIgniter\Router\Router->handle('api/pos')
 3 SYSTEMPATH\CodeIgniter.php(450): CodeIgniter\CodeIgniter->tryToRouteIt(Object(CodeIgniter\Router\RouteCollection))
 4 SYSTEMPATH\CodeIgniter.php(361): CodeIgniter\CodeIgniter->handleRequest(null, Object(Config\Cache), false)
 5 FCPATH\index.php(79): CodeIgniter\CodeIgniter->run()
ERROR - 2025-09-16 19:21:14 --> mysqli_sql_exception: Unknown column 'sigla' in 'where clause' in C:\xampp\htdocs\erp.local\system\Database\MySQLi\Connection.php:306
Stack trace:
#0 C:\xampp\htdocs\erp.local\system\Database\MySQLi\Connection.php(306): mysqli->query('SELECT *\nFROM `...', 0)
#1 C:\xampp\htdocs\erp.local\system\Database\BaseConnection.php(693): CodeIgniter\Database\MySQLi\Connection->execute('SELECT *\nFROM `...')
#2 C:\xampp\htdocs\erp.local\system\Database\BaseConnection.php(607): CodeIgniter\Database\BaseConnection->simpleQuery('SELECT *\nFROM `...')
#3 C:\xampp\htdocs\erp.local\system\Database\BaseBuilder.php(1616): CodeIgniter\Database\BaseConnection->query('SELECT *\nFROM `...', Array, false)
#4 C:\xampp\htdocs\erp.local\app\Database\Seeds\DevMasterSeeder.php(14): CodeIgniter\Database\BaseBuilder->get()
#5 C:\xampp\htdocs\erp.local\system\Database\Seeder.php(145): App\Database\Seeds\DevMasterSeeder->run()
#6 C:\xampp\htdocs\erp.local\system\Commands\Database\Seed.php(77): CodeIgniter\Database\Seeder->call('App\\Database\\Se...')
#7 C:\xampp\htdocs\erp.local\system\CLI\Commands.php(65): CodeIgniter\Commands\Database\Seed->run(Array)
#8 C:\xampp\htdocs\erp.local\system\CLI\Console.php(46): CodeIgniter\CLI\Commands->run('db:seed', Array)
#9 C:\xampp\htdocs\erp.local\spark(102): CodeIgniter\CLI\Console->run()
#10 {main}
INFO - 2025-09-16 19:27:52 --> Session: Class initialized using 'CodeIgniter\Session\Handlers\FileHandler' driver.
INFO - 2025-09-16 19:27:54 --> Session: Class initialized using 'CodeIgniter\Session\Handlers\FileHandler' driver.
INFO - 2025-09-16 19:27:56 --> Session: Class initialized using 'CodeIgniter\Session\Handlers\FileHandler' driver.
INFO - 2025-09-16 19:28:05 --> Session: Class initialized using 'CodeIgniter\Session\Handlers\FileHandler' driver.
INFO - 2025-09-16 19:28:06 --> Session: Class initialized using 'CodeIgniter\Session\Handlers\FileHandler' driver.
INFO - 2025-09-16 19:28:07 --> Session: Class initialized using 'CodeIgniter\Session\Handlers\FileHandler' driver.
INFO - 2025-09-16 19:28:10 --> Session: Class initialized using 'CodeIgniter\Session\Handlers\FileHandler' driver.
INFO - 2025-09-16 19:28:16 --> Session: Class initialized using 'CodeIgniter\Session\Handlers\FileHandler' driver.
INFO - 2025-09-16 19:28:38 --> Session: Class initialized using 'CodeIgniter\Session\Handlers\FileHandler' driver.
INFO - 2025-09-16 19:28:39 --> Session: Class initialized using 'CodeIgniter\Session\Handlers\FileHandler' driver.
ERROR - 2025-09-16 19:45:38 --> mysqli_sql_exception: Can't create table `erp_local`.`password_resets` (errno: 150 "Foreign key constraint is incorrectly formed") in C:\xampp\htdocs\erp.local\system\Database\MySQLi\Connection.php:306
Stack trace:
#0 C:\xampp\htdocs\erp.local\system\Database\MySQLi\Connection.php(306): mysqli->query('CREATE TABLE `p...', 0)
#1 C:\xampp\htdocs\erp.local\system\Database\BaseConnection.php(693): CodeIgniter\Database\MySQLi\Connection->execute('CREATE TABLE `p...')
#2 C:\xampp\htdocs\erp.local\system\Database\BaseConnection.php(607): CodeIgniter\Database\BaseConnection->simpleQuery('CREATE TABLE `p...')
#3 C:\xampp\htdocs\erp.local\system\Database\Forge.php(555): CodeIgniter\Database\BaseConnection->query('CREATE TABLE `p...')
#4 C:\xampp\htdocs\erp.local\app\Database\Migrations\2025-09-16-150000_CreatePasswordResets.php(42): CodeIgniter\Database\Forge->createTable('password_resets')
#5 C:\xampp\htdocs\erp.local\system\Database\MigrationRunner.php(865): App\Database\Migrations\CreatePasswordResets->up()
#6 C:\xampp\htdocs\erp.local\system\Database\MigrationRunner.php(181): CodeIgniter\Database\MigrationRunner->migrate('up', Object(stdClass))
#7 C:\xampp\htdocs\erp.local\system\Commands\Database\Migrate.php(84): CodeIgniter\Database\MigrationRunner->latest(NULL)
#8 C:\xampp\htdocs\erp.local\system\CLI\Commands.php(65): CodeIgniter\Commands\Database\Migrate->run(Array)
#9 C:\xampp\htdocs\erp.local\system\CLI\Console.php(46): CodeIgniter\CLI\Commands->run('migrate', Array)
#10 C:\xampp\htdocs\erp.local\spark(102): CodeIgniter\CLI\Console->run()
#11 {main}
DEBUG - 2025-09-16 20:49:54 --> Session: Initialization under CLI aborted.
CRITICAL - 2025-09-16 20:49:54 --> Error: Cannot use object of type App\Entities\CashRegister as array
in APPPATH\Commands\PosTestFinalize.php on line 61.
 1 SYSTEMPATH\CLI\Commands.php(65): App\Commands\PosTestFinalize->run([])
 2 SYSTEMPATH\CLI\Console.php(46): CodeIgniter\CLI\Commands->run('pos:test-finalize', [])
 3 ROOTPATH\spark(102): CodeIgniter\CLI\Console->run()
DEBUG - 2025-09-16 20:50:32 --> Session: Initialization under CLI aborted.
CRITICAL - 2025-09-16 20:50:32 --> Error: Cannot use object of type App\Entities\Shift as array
in APPPATH\Commands\PosTestFinalize.php on line 64.
 1 SYSTEMPATH\CLI\Commands.php(65): App\Commands\PosTestFinalize->run([])
 2 SYSTEMPATH\CLI\Console.php(46): CodeIgniter\CLI\Commands->run('pos:test-finalize', [])
 3 ROOTPATH\spark(102): CodeIgniter\CLI\Console->run()
DEBUG - 2025-09-16 20:51:10 --> Session: Initialization under CLI aborted.
CRITICAL - 2025-09-16 20:51:10 --> Error: Call to a member function getJSON() on null
in APPPATH\Controllers\Api\Pos.php on line 101.
 1 APPPATH\Commands\PosTestFinalize.php(135): App\Controllers\Api\Pos->finalize(1)
 2 SYSTEMPATH\CLI\Commands.php(65): App\Commands\PosTestFinalize->run([])
 3 SYSTEMPATH\CLI\Console.php(46): CodeIgniter\CLI\Commands->run('pos:test-finalize', [])
 4 ROOTPATH\spark(102): CodeIgniter\CLI\Console->run()
DEBUG - 2025-09-16 20:52:42 --> Session: Initialization under CLI aborted.
CRITICAL - 2025-09-16 20:52:42 --> Error: Call to undefined method CodeIgniter\HTTP\CLIRequest::getJSON()
in APPPATH\Controllers\Api\Pos.php on line 101.
 1 APPPATH\Commands\PosTestFinalize.php(139): App\Controllers\Api\Pos->finalize(2)
 2 SYSTEMPATH\CLI\Commands.php(65): App\Commands\PosTestFinalize->run([])
 3 SYSTEMPATH\CLI\Console.php(46): CodeIgniter\CLI\Commands->run('pos:test-finalize', [])
 4 ROOTPATH\spark(102): CodeIgniter\CLI\Console->run()
DEBUG - 2025-09-16 20:53:32 --> Session: Initialization under CLI aborted.
CRITICAL - 2025-09-16 20:53:32 --> Error: Call to undefined method CodeIgniter\HTTP\CLIRequest::getJSON()
in APPPATH\Controllers\Api\Pos.php on line 105.
 1 APPPATH\Commands\PosTestFinalize.php(139): App\Controllers\Api\Pos->finalize(3)
 2 SYSTEMPATH\CLI\Commands.php(65): App\Commands\PosTestFinalize->run([])
 3 SYSTEMPATH\CLI\Console.php(46): CodeIgniter\CLI\Commands->run('pos:test-finalize', [])
 4 ROOTPATH\spark(102): CodeIgniter\CLI\Console->run()
DEBUG - 2025-09-16 20:54:05 --> Session: Initialization under CLI aborted.
CRITICAL - 2025-09-16 20:54:05 --> Error: Cannot use object of type App\Entities\PosSale as array
in APPPATH\Controllers\Api\Pos.php on line 126.
 1 APPPATH\Commands\PosTestFinalize.php(139): App\Controllers\Api\Pos->finalize(4)
 2 SYSTEMPATH\CLI\Commands.php(65): App\Commands\PosTestFinalize->run([])
 3 SYSTEMPATH\CLI\Console.php(46): CodeIgniter\CLI\Commands->run('pos:test-finalize', [])
 4 ROOTPATH\spark(102): CodeIgniter\CLI\Console->run()
DEBUG - 2025-09-16 20:55:20 --> Session: Initialization under CLI aborted.
DEBUG - 2025-09-16 20:59:22 --> Session: Initialization under CLI aborted.
DEBUG - 2025-09-16 21:01:43 --> Session: Initialization under CLI aborted.
WARNING - 2025-09-16 21:01:43 --> [DEPRECATED] Function utf8_decode() is deprecated in APPPATH\ThirdParty\sped-nfe\vendor\neitanod\forceutf8\src\ForceUTF8\Encoding.php on line 343.
 1 APPPATH\ThirdParty\sped-nfe\vendor\neitanod\forceutf8\src\ForceUTF8\Encoding.php(284): ForceUTF8\Encoding::utf8_decode('4.00', '')
 2 APPPATH\ThirdParty\sped-nfe\vendor\nfephp-org\sped-common\src\Strings.php(135): ForceUTF8\Encoding::fixUTF8('4.00')
 3 APPPATH\ThirdParty\sped-nfe\vendor\nfephp-org\sped-common\src\Strings.php(90): NFePHP\Common\Strings::normalize('4.00')
 4 APPPATH\ThirdParty\sped-nfe\vendor\nfephp-org\sped-common\src\Strings.php(39): NFePHP\Common\Strings::replaceUnacceptableCharacters('4.00')
 5 APPPATH\ThirdParty\sped-nfe\vendor\nfephp-org\sped-nfe\src\Make.php(7594): NFePHP\Common\Strings::equilizeParameters(Object(stdClass), [...], false)
 6 APPPATH\ThirdParty\sped-nfe\vendor\nfephp-org\sped-nfe\src\Make.php(470): NFePHP\NFe\Make->equilizeParameters(Object(stdClass), [...])
 7 APPPATH\Controllers\NFCe.php(187): NFePHP\NFe\Make->taginfNFe(Object(stdClass))
 8 APPPATH\Controllers\Api\Pos.php(204): App\Controllers\NFCe->montaXml([...], [...], [...])
 9 APPPATH\Commands\PosTestFinalize.php(143): App\Controllers\Api\Pos->finalize(7)
10 SYSTEMPATH\CLI\Commands.php(65): App\Commands\PosTestFinalize->run([])
11 SYSTEMPATH\CLI\Console.php(46): CodeIgniter\CLI\Commands->run('pos:test-finalize', [])
12 ROOTPATH\spark(102): CodeIgniter\CLI\Console->run()
WARNING - 2025-09-16 21:01:43 --> [DEPRECATED] Function utf8_decode() is deprecated in APPPATH\ThirdParty\sped-nfe\vendor\neitanod\forceutf8\src\ForceUTF8\Encoding.php on line 343.
 1 APPPATH\ThirdParty\sped-nfe\vendor\neitanod\forceutf8\src\ForceUTF8\Encoding.php(286): ForceUTF8\Encoding::utf8_decode('4.00', '')
 2 APPPATH\ThirdParty\sped-nfe\vendor\nfephp-org\sped-common\src\Strings.php(135): ForceUTF8\Encoding::fixUTF8('4.00')
 3 APPPATH\ThirdParty\sped-nfe\vendor\nfephp-org\sped-common\src\Strings.php(90): NFePHP\Common\Strings::normalize('4.00')
 4 APPPATH\ThirdParty\sped-nfe\vendor\nfephp-org\sped-common\src\Strings.php(39): NFePHP\Common\Strings::replaceUnacceptableCharacters('4.00')
 5 APPPATH\ThirdParty\sped-nfe\vendor\nfephp-org\sped-nfe\src\Make.php(7594): NFePHP\Common\Strings::equilizeParameters(Object(stdClass), [...], false)
 6 APPPATH\ThirdParty\sped-nfe\vendor\nfephp-org\sped-nfe\src\Make.php(470): NFePHP\NFe\Make->equilizeParameters(Object(stdClass), [...])
 7 APPPATH\Controllers\NFCe.php(187): NFePHP\NFe\Make->taginfNFe(Object(stdClass))
 8 APPPATH\Controllers\Api\Pos.php(204): App\Controllers\NFCe->montaXml([...], [...], [...])
 9 APPPATH\Commands\PosTestFinalize.php(143): App\Controllers\Api\Pos->finalize(7)
10 SYSTEMPATH\CLI\Commands.php(65): App\Commands\PosTestFinalize->run([])
11 SYSTEMPATH\CLI\Console.php(46): CodeIgniter\CLI\Commands->run('pos:test-finalize', [])
12 ROOTPATH\spark(102): CodeIgniter\CLI\Console->run()
WARNING - 2025-09-16 21:01:43 --> [DEPRECATED] preg_replace(): Passing null to parameter #3 ($subject) of type array|string is deprecated in APPPATH\ThirdParty\sped-nfe\vendor\nfephp-org\sped-nfe\src\Make.php on line 471.
 1 APPPATH\ThirdParty\sped-nfe\vendor\nfephp-org\sped-nfe\src\Make.php(471): preg_replace('/[^0-9]/', '', null)
 2 APPPATH\Controllers\NFCe.php(187): NFePHP\NFe\Make->taginfNFe(Object(stdClass))
 3 APPPATH\Controllers\Api\Pos.php(204): App\Controllers\NFCe->montaXml([...], [...], [...])
 4 APPPATH\Commands\PosTestFinalize.php(143): App\Controllers\Api\Pos->finalize(7)
 5 SYSTEMPATH\CLI\Commands.php(65): App\Commands\PosTestFinalize->run([])
 6 SYSTEMPATH\CLI\Console.php(46): CodeIgniter\CLI\Commands->run('pos:test-finalize', [])
 7 ROOTPATH\spark(102): CodeIgniter\CLI\Console->run()
WARNING - 2025-09-16 21:01:43 --> [DEPRECATED] Function utf8_decode() is deprecated in APPPATH\ThirdParty\sped-nfe\vendor\neitanod\forceutf8\src\ForceUTF8\Encoding.php on line 343.
 1 APPPATH\ThirdParty\sped-nfe\vendor\neitanod\forceutf8\src\ForceUTF8\Encoding.php(284): ForceUTF8\Encoding::utf8_decode('35', '')
 2 APPPATH\ThirdParty\sped-nfe\vendor\nfephp-org\sped-common\src\Strings.php(135): ForceUTF8\Encoding::fixUTF8('35')
 3 APPPATH\ThirdParty\sped-nfe\vendor\nfephp-org\sped-common\src\Strings.php(90): NFePHP\Common\Strings::normalize('35')
 4 APPPATH\ThirdParty\sped-nfe\vendor\nfephp-org\sped-common\src\Strings.php(39): NFePHP\Common\Strings::replaceUnacceptableCharacters('35')
 5 APPPATH\ThirdParty\sped-nfe\vendor\nfephp-org\sped-nfe\src\Make.php(7594): NFePHP\Common\Strings::equilizeParameters(Object(stdClass), [...], false)
 6 APPPATH\ThirdParty\sped-nfe\vendor\nfephp-org\sped-nfe\src\Make.php(521): NFePHP\NFe\Make->equilizeParameters(Object(stdClass), [...])
 7 APPPATH\Controllers\NFCe.php(210): NFePHP\NFe\Make->tagide(Object(stdClass))
 8 APPPATH\Controllers\Api\Pos.php(204): App\Controllers\NFCe->montaXml([...], [...], [...])
 9 APPPATH\Commands\PosTestFinalize.php(143): App\Controllers\Api\Pos->finalize(7)
10 SYSTEMPATH\CLI\Commands.php(65): App\Commands\PosTestFinalize->run([])
11 SYSTEMPATH\CLI\Console.php(46): CodeIgniter\CLI\Commands->run('pos:test-finalize', [])
12 ROOTPATH\spark(102): CodeIgniter\CLI\Console->run()
WARNING - 2025-09-16 21:01:43 --> [DEPRECATED] Function utf8_decode() is deprecated in APPPATH\ThirdParty\sped-nfe\vendor\neitanod\forceutf8\src\ForceUTF8\Encoding.php on line 343.
 1 APPPATH\ThirdParty\sped-nfe\vendor\neitanod\forceutf8\src\ForceUTF8\Encoding.php(286): ForceUTF8\Encoding::utf8_decode('35', '')
 2 APPPATH\ThirdParty\sped-nfe\vendor\nfephp-org\sped-common\src\Strings.php(135): ForceUTF8\Encoding::fixUTF8('35')
 3 APPPATH\ThirdParty\sped-nfe\vendor\nfephp-org\sped-common\src\Strings.php(90): NFePHP\Common\Strings::normalize('35')
 4 APPPATH\ThirdParty\sped-nfe\vendor\nfephp-org\sped-common\src\Strings.php(39): NFePHP\Common\Strings::replaceUnacceptableCharacters('35')
 5 APPPATH\ThirdParty\sped-nfe\vendor\nfephp-org\sped-nfe\src\Make.php(7594): NFePHP\Common\Strings::equilizeParameters(Object(stdClass), [...], false)
 6 APPPATH\ThirdParty\sped-nfe\vendor\nfephp-org\sped-nfe\src\Make.php(521): NFePHP\NFe\Make->equilizeParameters(Object(stdClass), [...])
 7 APPPATH\Controllers\NFCe.php(210): NFePHP\NFe\Make->tagide(Object(stdClass))
 8 APPPATH\Controllers\Api\Pos.php(204): App\Controllers\NFCe->montaXml([...], [...], [...])
 9 APPPATH\Commands\PosTestFinalize.php(143): App\Controllers\Api\Pos->finalize(7)
10 SYSTEMPATH\CLI\Commands.php(65): App\Commands\PosTestFinalize->run([])
11 SYSTEMPATH\CLI\Console.php(46): CodeIgniter\CLI\Commands->run('pos:test-finalize', [])
12 ROOTPATH\spark(102): CodeIgniter\CLI\Console->run()
WARNING - 2025-09-16 21:01:43 --> [DEPRECATED] Function utf8_decode() is deprecated in APPPATH\ThirdParty\sped-nfe\vendor\neitanod\forceutf8\src\ForceUTF8\Encoding.php on line 343.
 1 APPPATH\ThirdParty\sped-nfe\vendor\neitanod\forceutf8\src\ForceUTF8\Encoding.php(284): ForceUTF8\Encoding::utf8_decode('VENDA', '')
 2 APPPATH\ThirdParty\sped-nfe\vendor\nfephp-org\sped-common\src\Strings.php(135): ForceUTF8\Encoding::fixUTF8('VENDA')
 3 APPPATH\ThirdParty\sped-nfe\vendor\nfephp-org\sped-common\src\Strings.php(90): NFePHP\Common\Strings::normalize('VENDA')
 4 APPPATH\ThirdParty\sped-nfe\vendor\nfephp-org\sped-common\src\Strings.php(39): NFePHP\Common\Strings::replaceUnacceptableCharacters('VENDA')
 5 APPPATH\ThirdParty\sped-nfe\vendor\nfephp-org\sped-nfe\src\Make.php(7594): NFePHP\Common\Strings::equilizeParameters(Object(stdClass), [...], false)
 6 APPPATH\ThirdParty\sped-nfe\vendor\nfephp-org\sped-nfe\src\Make.php(521): NFePHP\NFe\Make->equilizeParameters(Object(stdClass), [...])
 7 APPPATH\Controllers\NFCe.php(210): NFePHP\NFe\Make->tagide(Object(stdClass))
 8 APPPATH\Controllers\Api\Pos.php(204): App\Controllers\NFCe->montaXml([...], [...], [...])
 9 APPPATH\Commands\PosTestFinalize.php(143): App\Controllers\Api\Pos->finalize(7)
10 SYSTEMPATH\CLI\Commands.php(65): App\Commands\PosTestFinalize->run([])
11 SYSTEMPATH\CLI\Console.php(46): CodeIgniter\CLI\Commands->run('pos:test-finalize', [])
12 ROOTPATH\spark(102): CodeIgniter\CLI\Console->run()
WARNING - 2025-09-16 21:01:43 --> [DEPRECATED] Function utf8_decode() is deprecated in APPPATH\ThirdParty\sped-nfe\vendor\neitanod\forceutf8\src\ForceUTF8\Encoding.php on line 343.
 1 APPPATH\ThirdParty\sped-nfe\vendor\neitanod\forceutf8\src\ForceUTF8\Encoding.php(286): ForceUTF8\Encoding::utf8_decode('VENDA', '')
 2 APPPATH\ThirdParty\sped-nfe\vendor\nfephp-org\sped-common\src\Strings.php(135): ForceUTF8\Encoding::fixUTF8('VENDA')
 3 APPPATH\ThirdParty\sped-nfe\vendor\nfephp-org\sped-common\src\Strings.php(90): NFePHP\Common\Strings::normalize('VENDA')
 4 APPPATH\ThirdParty\sped-nfe\vendor\nfephp-org\sped-common\src\Strings.php(39): NFePHP\Common\Strings::replaceUnacceptableCharacters('VENDA')
 5 APPPATH\ThirdParty\sped-nfe\vendor\nfephp-org\sped-nfe\src\Make.php(7594): NFePHP\Common\Strings::equilizeParameters(Object(stdClass), [...], false)
 6 APPPATH\ThirdParty\sped-nfe\vendor\nfephp-org\sped-nfe\src\Make.php(521): NFePHP\NFe\Make->equilizeParameters(Object(stdClass), [...])
 7 APPPATH\Controllers\NFCe.php(210): NFePHP\NFe\Make->tagide(Object(stdClass))
 8 APPPATH\Controllers\Api\Pos.php(204): App\Controllers\NFCe->montaXml([...], [...], [...])
 9 APPPATH\Commands\PosTestFinalize.php(143): App\Controllers\Api\Pos->finalize(7)
10 SYSTEMPATH\CLI\Commands.php(65): App\Commands\PosTestFinalize->run([])
11 SYSTEMPATH\CLI\Console.php(46): CodeIgniter\CLI\Commands->run('pos:test-finalize', [])
12 ROOTPATH\spark(102): CodeIgniter\CLI\Console->run()
WARNING - 2025-09-16 21:01:43 --> [DEPRECATED] Function utf8_decode() is deprecated in APPPATH\ThirdParty\sped-nfe\vendor\neitanod\forceutf8\src\ForceUTF8\Encoding.php on line 343.
 1 APPPATH\ThirdParty\sped-nfe\vendor\neitanod\forceutf8\src\ForceUTF8\Encoding.php(284): ForceUTF8\Encoding::utf8_decode('1', '')
 2 APPPATH\ThirdParty\sped-nfe\vendor\nfephp-org\sped-common\src\Strings.php(135): ForceUTF8\Encoding::fixUTF8('1')
 3 APPPATH\ThirdParty\sped-nfe\vendor\nfephp-org\sped-common\src\Strings.php(90): NFePHP\Common\Strings::normalize('1')
 4 APPPATH\ThirdParty\sped-nfe\vendor\nfephp-org\sped-common\src\Strings.php(39): NFePHP\Common\Strings::replaceUnacceptableCharacters('1')
 5 APPPATH\ThirdParty\sped-nfe\vendor\nfephp-org\sped-nfe\src\Make.php(7594): NFePHP\Common\Strings::equilizeParameters(Object(stdClass), [...], false)
 6 APPPATH\ThirdParty\sped-nfe\vendor\nfephp-org\sped-nfe\src\Make.php(521): NFePHP\NFe\Make->equilizeParameters(Object(stdClass), [...])
 7 APPPATH\Controllers\NFCe.php(210): NFePHP\NFe\Make->tagide(Object(stdClass))
 8 APPPATH\Controllers\Api\Pos.php(204): App\Controllers\NFCe->montaXml([...], [...], [...])
 9 APPPATH\Commands\PosTestFinalize.php(143): App\Controllers\Api\Pos->finalize(7)
10 SYSTEMPATH\CLI\Commands.php(65): App\Commands\PosTestFinalize->run([])
11 SYSTEMPATH\CLI\Console.php(46): CodeIgniter\CLI\Commands->run('pos:test-finalize', [])
12 ROOTPATH\spark(102): CodeIgniter\CLI\Console->run()
WARNING - 2025-09-16 21:01:43 --> [DEPRECATED] Function utf8_decode() is deprecated in APPPATH\ThirdParty\sped-nfe\vendor\neitanod\forceutf8\src\ForceUTF8\Encoding.php on line 343.
 1 APPPATH\ThirdParty\sped-nfe\vendor\neitanod\forceutf8\src\ForceUTF8\Encoding.php(286): ForceUTF8\Encoding::utf8_decode('1', '')
 2 APPPATH\ThirdParty\sped-nfe\vendor\nfephp-org\sped-common\src\Strings.php(135): ForceUTF8\Encoding::fixUTF8('1')
 3 APPPATH\ThirdParty\sped-nfe\vendor\nfephp-org\sped-common\src\Strings.php(90): NFePHP\Common\Strings::normalize('1')
 4 APPPATH\ThirdParty\sped-nfe\vendor\nfephp-org\sped-common\src\Strings.php(39): NFePHP\Common\Strings::replaceUnacceptableCharacters('1')
 5 APPPATH\ThirdParty\sped-nfe\vendor\nfephp-org\sped-nfe\src\Make.php(7594): NFePHP\Common\Strings::equilizeParameters(Object(stdClass), [...], false)
 6 APPPATH\ThirdParty\sped-nfe\vendor\nfephp-org\sped-nfe\src\Make.php(521): NFePHP\NFe\Make->equilizeParameters(Object(stdClass), [...])
 7 APPPATH\Controllers\NFCe.php(210): NFePHP\NFe\Make->tagide(Object(stdClass))
 8 APPPATH\Controllers\Api\Pos.php(204): App\Controllers\NFCe->montaXml([...], [...], [...])
 9 APPPATH\Commands\PosTestFinalize.php(143): App\Controllers\Api\Pos->finalize(7)
10 SYSTEMPATH\CLI\Commands.php(65): App\Commands\PosTestFinalize->run([])
11 SYSTEMPATH\CLI\Console.php(46): CodeIgniter\CLI\Commands->run('pos:test-finalize', [])
12 ROOTPATH\spark(102): CodeIgniter\CLI\Console->run()
WARNING - 2025-09-16 21:01:43 --> [DEPRECATED] Function utf8_decode() is deprecated in APPPATH\ThirdParty\sped-nfe\vendor\neitanod\forceutf8\src\ForceUTF8\Encoding.php on line 343.
 1 APPPATH\ThirdParty\sped-nfe\vendor\neitanod\forceutf8\src\ForceUTF8\Encoding.php(284): ForceUTF8\Encoding::utf8_decode('1', '')
 2 APPPATH\ThirdParty\sped-nfe\vendor\nfephp-org\sped-common\src\Strings.php(135): ForceUTF8\Encoding::fixUTF8('1')
 3 APPPATH\ThirdParty\sped-nfe\vendor\nfephp-org\sped-common\src\Strings.php(90): NFePHP\Common\Strings::normalize('1')
 4 APPPATH\ThirdParty\sped-nfe\vendor\nfephp-org\sped-common\src\Strings.php(39): NFePHP\Common\Strings::replaceUnacceptableCharacters('1')
 5 APPPATH\ThirdParty\sped-nfe\vendor\nfephp-org\sped-nfe\src\Make.php(7594): NFePHP\Common\Strings::equilizeParameters(Object(stdClass), [...], false)
 6 APPPATH\ThirdParty\sped-nfe\vendor\nfephp-org\sped-nfe\src\Make.php(521): NFePHP\NFe\Make->equilizeParameters(Object(stdClass), [...])
 7 APPPATH\Controllers\NFCe.php(210): NFePHP\NFe\Make->tagide(Object(stdClass))
 8 APPPATH\Controllers\Api\Pos.php(204): App\Controllers\NFCe->montaXml([...], [...], [...])
 9 APPPATH\Commands\PosTestFinalize.php(143): App\Controllers\Api\Pos->finalize(7)
10 SYSTEMPATH\CLI\Commands.php(65): App\Commands\PosTestFinalize->run([])
11 SYSTEMPATH\CLI\Console.php(46): CodeIgniter\CLI\Commands->run('pos:test-finalize', [])
12 ROOTPATH\spark(102): CodeIgniter\CLI\Console->run()
WARNING - 2025-09-16 21:01:43 --> [DEPRECATED] Function utf8_decode() is deprecated in APPPATH\ThirdParty\sped-nfe\vendor\neitanod\forceutf8\src\ForceUTF8\Encoding.php on line 343.
 1 APPPATH\ThirdParty\sped-nfe\vendor\neitanod\forceutf8\src\ForceUTF8\Encoding.php(286): ForceUTF8\Encoding::utf8_decode('1', '')
 2 APPPATH\ThirdParty\sped-nfe\vendor\nfephp-org\sped-common\src\Strings.php(135): ForceUTF8\Encoding::fixUTF8('1')
 3 APPPATH\ThirdParty\sped-nfe\vendor\nfephp-org\sped-common\src\Strings.php(90): NFePHP\Common\Strings::normalize('1')
 4 APPPATH\ThirdParty\sped-nfe\vendor\nfephp-org\sped-common\src\Strings.php(39): NFePHP\Common\Strings::replaceUnacceptableCharacters('1')
 5 APPPATH\ThirdParty\sped-nfe\vendor\nfephp-org\sped-nfe\src\Make.php(7594): NFePHP\Common\Strings::equilizeParameters(Object(stdClass), [...], false)
 6 APPPATH\ThirdParty\sped-nfe\vendor\nfephp-org\sped-nfe\src\Make.php(521): NFePHP\NFe\Make->equilizeParameters(Object(stdClass), [...])
 7 APPPATH\Controllers\NFCe.php(210): NFePHP\NFe\Make->tagide(Object(stdClass))
 8 APPPATH\Controllers\Api\Pos.php(204): App\Controllers\NFCe->montaXml([...], [...], [...])
 9 APPPATH\Commands\PosTestFinalize.php(143): App\Controllers\Api\Pos->finalize(7)
10 SYSTEMPATH\CLI\Commands.php(65): App\Commands\PosTestFinalize->run([])
11 SYSTEMPATH\CLI\Console.php(46): CodeIgniter\CLI\Commands->run('pos:test-finalize', [])
12 ROOTPATH\spark(102): CodeIgniter\CLI\Console->run()
WARNING - 2025-09-16 21:01:43 --> [DEPRECATED] Function utf8_decode() is deprecated in APPPATH\ThirdParty\sped-nfe\vendor\neitanod\forceutf8\src\ForceUTF8\Encoding.php on line 343.
 1 APPPATH\ThirdParty\sped-nfe\vendor\neitanod\forceutf8\src\ForceUTF8\Encoding.php(284): ForceUTF8\Encoding::utf8_decode('2025-09-16T21:01:43+00:00', '')
 2 APPPATH\ThirdParty\sped-nfe\vendor\nfephp-org\sped-common\src\Strings.php(135): ForceUTF8\Encoding::fixUTF8('2025-09-16T21:01:43+00:00')
 3 APPPATH\ThirdParty\sped-nfe\vendor\nfephp-org\sped-common\src\Strings.php(90): NFePHP\Common\Strings::normalize('2025-09-16T21:01:43+00:00')
 4 APPPATH\ThirdParty\sped-nfe\vendor\nfephp-org\sped-common\src\Strings.php(39): NFePHP\Common\Strings::replaceUnacceptableCharacters('2025-09-16T21:01:43+00:00')
 5 APPPATH\ThirdParty\sped-nfe\vendor\nfephp-org\sped-nfe\src\Make.php(7594): NFePHP\Common\Strings::equilizeParameters(Object(stdClass), [...], false)
 6 APPPATH\ThirdParty\sped-nfe\vendor\nfephp-org\sped-nfe\src\Make.php(521): NFePHP\NFe\Make->equilizeParameters(Object(stdClass), [...])
 7 APPPATH\Controllers\NFCe.php(210): NFePHP\NFe\Make->tagide(Object(stdClass))
 8 APPPATH\Controllers\Api\Pos.php(204): App\Controllers\NFCe->montaXml([...], [...], [...])
 9 APPPATH\Commands\PosTestFinalize.php(143): App\Controllers\Api\Pos->finalize(7)
10 SYSTEMPATH\CLI\Commands.php(65): App\Commands\PosTestFinalize->run([])
11 SYSTEMPATH\CLI\Console.php(46): CodeIgniter\CLI\Commands->run('pos:test-finalize', [])
12 ROOTPATH\spark(102): CodeIgniter\CLI\Console->run()
WARNING - 2025-09-16 21:01:43 --> [DEPRECATED] Function utf8_decode() is deprecated in APPPATH\ThirdParty\sped-nfe\vendor\neitanod\forceutf8\src\ForceUTF8\Encoding.php on line 343.
 1 APPPATH\ThirdParty\sped-nfe\vendor\neitanod\forceutf8\src\ForceUTF8\Encoding.php(286): ForceUTF8\Encoding::utf8_decode('2025-09-16T21:01:43+00:00', '')
 2 APPPATH\ThirdParty\sped-nfe\vendor\nfephp-org\sped-common\src\Strings.php(135): ForceUTF8\Encoding::fixUTF8('2025-09-16T21:01:43+00:00')
 3 APPPATH\ThirdParty\sped-nfe\vendor\nfephp-org\sped-common\src\Strings.php(90): NFePHP\Common\Strings::normalize('2025-09-16T21:01:43+00:00')
 4 APPPATH\ThirdParty\sped-nfe\vendor\nfephp-org\sped-common\src\Strings.php(39): NFePHP\Common\Strings::replaceUnacceptableCharacters('2025-09-16T21:01:43+00:00')
 5 APPPATH\ThirdParty\sped-nfe\vendor\nfephp-org\sped-nfe\src\Make.php(7594): NFePHP\Common\Strings::equilizeParameters(Object(stdClass), [...], false)
 6 APPPATH\ThirdParty\sped-nfe\vendor\nfephp-org\sped-nfe\src\Make.php(521): NFePHP\NFe\Make->equilizeParameters(Object(stdClass), [...])
 7 APPPATH\Controllers\NFCe.php(210): NFePHP\NFe\Make->tagide(Object(stdClass))
 8 APPPATH\Controllers\Api\Pos.php(204): App\Controllers\NFCe->montaXml([...], [...], [...])
 9 APPPATH\Commands\PosTestFinalize.php(143): App\Controllers\Api\Pos->finalize(7)
10 SYSTEMPATH\CLI\Commands.php(65): App\Commands\PosTestFinalize->run([])
11 SYSTEMPATH\CLI\Console.php(46): CodeIgniter\CLI\Commands->run('pos:test-finalize', [])
12 ROOTPATH\spark(102): CodeIgniter\CLI\Console->run()
WARNING - 2025-09-16 21:01:43 --> [DEPRECATED] Function utf8_decode() is deprecated in APPPATH\ThirdParty\sped-nfe\vendor\neitanod\forceutf8\src\ForceUTF8\Encoding.php on line 343.
 1 APPPATH\ThirdParty\sped-nfe\vendor\neitanod\forceutf8\src\ForceUTF8\Encoding.php(284): ForceUTF8\Encoding::utf8_decode('3550308', '')
 2 APPPATH\ThirdParty\sped-nfe\vendor\nfephp-org\sped-common\src\Strings.php(135): ForceUTF8\Encoding::fixUTF8('3550308')
 3 APPPATH\ThirdParty\sped-nfe\vendor\nfephp-org\sped-common\src\Strings.php(90): NFePHP\Common\Strings::normalize('3550308')
 4 APPPATH\ThirdParty\sped-nfe\vendor\nfephp-org\sped-common\src\Strings.php(39): NFePHP\Common\Strings::replaceUnacceptableCharacters('3550308')
 5 APPPATH\ThirdParty\sped-nfe\vendor\nfephp-org\sped-nfe\src\Make.php(7594): NFePHP\Common\Strings::equilizeParameters(Object(stdClass), [...], false)
 6 APPPATH\ThirdParty\sped-nfe\vendor\nfephp-org\sped-nfe\src\Make.php(521): NFePHP\NFe\Make->equilizeParameters(Object(stdClass), [...])
 7 APPPATH\Controllers\NFCe.php(210): NFePHP\NFe\Make->tagide(Object(stdClass))
 8 APPPATH\Controllers\Api\Pos.php(204): App\Controllers\NFCe->montaXml([...], [...], [...])
 9 APPPATH\Commands\PosTestFinalize.php(143): App\Controllers\Api\Pos->finalize(7)
10 SYSTEMPATH\CLI\Commands.php(65): App\Commands\PosTestFinalize->run([])
11 SYSTEMPATH\CLI\Console.php(46): CodeIgniter\CLI\Commands->run('pos:test-finalize', [])
12 ROOTPATH\spark(102): CodeIgniter\CLI\Console->run()
WARNING - 2025-09-16 21:01:43 --> [DEPRECATED] Function utf8_decode() is deprecated in APPPATH\ThirdParty\sped-nfe\vendor\neitanod\forceutf8\src\ForceUTF8\Encoding.php on line 343.
 1 APPPATH\ThirdParty\sped-nfe\vendor\neitanod\forceutf8\src\ForceUTF8\Encoding.php(286): ForceUTF8\Encoding::utf8_decode('3550308', '')
 2 APPPATH\ThirdParty\sped-nfe\vendor\nfephp-org\sped-common\src\Strings.php(135): ForceUTF8\Encoding::fixUTF8('3550308')
 3 APPPATH\ThirdParty\sped-nfe\vendor\nfephp-org\sped-common\src\Strings.php(90): NFePHP\Common\Strings::normalize('3550308')
 4 APPPATH\ThirdParty\sped-nfe\vendor\nfephp-org\sped-common\src\Strings.php(39): NFePHP\Common\Strings::replaceUnacceptableCharacters('3550308')
 5 APPPATH\ThirdParty\sped-nfe\vendor\nfephp-org\sped-nfe\src\Make.php(7594): NFePHP\Common\Strings::equilizeParameters(Object(stdClass), [...], false)
 6 APPPATH\ThirdParty\sped-nfe\vendor\nfephp-org\sped-nfe\src\Make.php(521): NFePHP\NFe\Make->equilizeParameters(Object(stdClass), [...])
 7 APPPATH\Controllers\NFCe.php(210): NFePHP\NFe\Make->tagide(Object(stdClass))
 8 APPPATH\Controllers\Api\Pos.php(204): App\Controllers\NFCe->montaXml([...], [...], [...])
 9 APPPATH\Commands\PosTestFinalize.php(143): App\Controllers\Api\Pos->finalize(7)
10 SYSTEMPATH\CLI\Commands.php(65): App\Commands\PosTestFinalize->run([])
11 SYSTEMPATH\CLI\Console.php(46): CodeIgniter\CLI\Commands->run('pos:test-finalize', [])
12 ROOTPATH\spark(102): CodeIgniter\CLI\Console->run()
WARNING - 2025-09-16 21:01:43 --> [DEPRECATED] Function utf8_decode() is deprecated in APPPATH\ThirdParty\sped-nfe\vendor\neitanod\forceutf8\src\ForceUTF8\Encoding.php on line 343.
 1 APPPATH\ThirdParty\sped-nfe\vendor\neitanod\forceutf8\src\ForceUTF8\Encoding.php(284): ForceUTF8\Encoding::utf8_decode('2', '')
 2 APPPATH\ThirdParty\sped-nfe\vendor\nfephp-org\sped-common\src\Strings.php(135): ForceUTF8\Encoding::fixUTF8('2')
 3 APPPATH\ThirdParty\sped-nfe\vendor\nfephp-org\sped-common\src\Strings.php(90): NFePHP\Common\Strings::normalize('2')
 4 APPPATH\ThirdParty\sped-nfe\vendor\nfephp-org\sped-common\src\Strings.php(39): NFePHP\Common\Strings::replaceUnacceptableCharacters('2')
 5 APPPATH\ThirdParty\sped-nfe\vendor\nfephp-org\sped-nfe\src\Make.php(7594): NFePHP\Common\Strings::equilizeParameters(Object(stdClass), [...], false)
 6 APPPATH\ThirdParty\sped-nfe\vendor\nfephp-org\sped-nfe\src\Make.php(521): NFePHP\NFe\Make->equilizeParameters(Object(stdClass), [...])
 7 APPPATH\Controllers\NFCe.php(210): NFePHP\NFe\Make->tagide(Object(stdClass))
 8 APPPATH\Controllers\Api\Pos.php(204): App\Controllers\NFCe->montaXml([...], [...], [...])
 9 APPPATH\Commands\PosTestFinalize.php(143): App\Controllers\Api\Pos->finalize(7)
10 SYSTEMPATH\CLI\Commands.php(65): App\Commands\PosTestFinalize->run([])
11 SYSTEMPATH\CLI\Console.php(46): CodeIgniter\CLI\Commands->run('pos:test-finalize', [])
12 ROOTPATH\spark(102): CodeIgniter\CLI\Console->run()
WARNING - 2025-09-16 21:01:43 --> [DEPRECATED] Function utf8_decode() is deprecated in APPPATH\ThirdParty\sped-nfe\vendor\neitanod\forceutf8\src\ForceUTF8\Encoding.php on line 343.
 1 APPPATH\ThirdParty\sped-nfe\vendor\neitanod\forceutf8\src\ForceUTF8\Encoding.php(286): ForceUTF8\Encoding::utf8_decode('2', '')
 2 APPPATH\ThirdParty\sped-nfe\vendor\nfephp-org\sped-common\src\Strings.php(135): ForceUTF8\Encoding::fixUTF8('2')
 3 APPPATH\ThirdParty\sped-nfe\vendor\nfephp-org\sped-common\src\Strings.php(90): NFePHP\Common\Strings::normalize('2')
 4 APPPATH\ThirdParty\sped-nfe\vendor\nfephp-org\sped-common\src\Strings.php(39): NFePHP\Common\Strings::replaceUnacceptableCharacters('2')
 5 APPPATH\ThirdParty\sped-nfe\vendor\nfephp-org\sped-nfe\src\Make.php(7594): NFePHP\Common\Strings::equilizeParameters(Object(stdClass), [...], false)
 6 APPPATH\ThirdParty\sped-nfe\vendor\nfephp-org\sped-nfe\src\Make.php(521): NFePHP\NFe\Make->equilizeParameters(Object(stdClass), [...])
 7 APPPATH\Controllers\NFCe.php(210): NFePHP\NFe\Make->tagide(Object(stdClass))
 8 APPPATH\Controllers\Api\Pos.php(204): App\Controllers\NFCe->montaXml([...], [...], [...])
 9 APPPATH\Commands\PosTestFinalize.php(143): App\Controllers\Api\Pos->finalize(7)
10 SYSTEMPATH\CLI\Commands.php(65): App\Commands\PosTestFinalize->run([])
11 SYSTEMPATH\CLI\Console.php(46): CodeIgniter\CLI\Commands->run('pos:test-finalize', [])
12 ROOTPATH\spark(102): CodeIgniter\CLI\Console->run()
WARNING - 2025-09-16 21:01:43 --> [DEPRECATED] Function utf8_decode() is deprecated in APPPATH\ThirdParty\sped-nfe\vendor\neitanod\forceutf8\src\ForceUTF8\Encoding.php on line 343.
 1 APPPATH\ThirdParty\sped-nfe\vendor\neitanod\forceutf8\src\ForceUTF8\Encoding.php(284): ForceUTF8\Encoding::utf8_decode('1.0.1', '')
 2 APPPATH\ThirdParty\sped-nfe\vendor\nfephp-org\sped-common\src\Strings.php(135): ForceUTF8\Encoding::fixUTF8('1.0.1')
 3 APPPATH\ThirdParty\sped-nfe\vendor\nfephp-org\sped-common\src\Strings.php(90): NFePHP\Common\Strings::normalize('1.0.1')
 4 APPPATH\ThirdParty\sped-nfe\vendor\nfephp-org\sped-common\src\Strings.php(39): NFePHP\Common\Strings::replaceUnacceptableCharacters('1.0.1')
 5 APPPATH\ThirdParty\sped-nfe\vendor\nfephp-org\sped-nfe\src\Make.php(7594): NFePHP\Common\Strings::equilizeParameters(Object(stdClass), [...], false)
 6 APPPATH\ThirdParty\sped-nfe\vendor\nfephp-org\sped-nfe\src\Make.php(521): NFePHP\NFe\Make->equilizeParameters(Object(stdClass), [...])
 7 APPPATH\Controllers\NFCe.php(210): NFePHP\NFe\Make->tagide(Object(stdClass))
 8 APPPATH\Controllers\Api\Pos.php(204): App\Controllers\NFCe->montaXml([...], [...], [...])
 9 APPPATH\Commands\PosTestFinalize.php(143): App\Controllers\Api\Pos->finalize(7)
10 SYSTEMPATH\CLI\Commands.php(65): App\Commands\PosTestFinalize->run([])
11 SYSTEMPATH\CLI\Console.php(46): CodeIgniter\CLI\Commands->run('pos:test-finalize', [])
12 ROOTPATH\spark(102): CodeIgniter\CLI\Console->run()
WARNING - 2025-09-16 21:01:43 --> [DEPRECATED] Function utf8_decode() is deprecated in APPPATH\ThirdParty\sped-nfe\vendor\neitanod\forceutf8\src\ForceUTF8\Encoding.php on line 343.
 1 APPPATH\ThirdParty\sped-nfe\vendor\neitanod\forceutf8\src\ForceUTF8\Encoding.php(286): ForceUTF8\Encoding::utf8_decode('1.0.1', '')
 2 APPPATH\ThirdParty\sped-nfe\vendor\nfephp-org\sped-common\src\Strings.php(135): ForceUTF8\Encoding::fixUTF8('1.0.1')
 3 APPPATH\ThirdParty\sped-nfe\vendor\nfephp-org\sped-common\src\Strings.php(90): NFePHP\Common\Strings::normalize('1.0.1')
 4 APPPATH\ThirdParty\sped-nfe\vendor\nfephp-org\sped-common\src\Strings.php(39): NFePHP\Common\Strings::replaceUnacceptableCharacters('1.0.1')
 5 APPPATH\ThirdParty\sped-nfe\vendor\nfephp-org\sped-nfe\src\Make.php(7594): NFePHP\Common\Strings::equilizeParameters(Object(stdClass), [...], false)
 6 APPPATH\ThirdParty\sped-nfe\vendor\nfephp-org\sped-nfe\src\Make.php(521): NFePHP\NFe\Make->equilizeParameters(Object(stdClass), [...])
 7 APPPATH\Controllers\NFCe.php(210): NFePHP\NFe\Make->tagide(Object(stdClass))
 8 APPPATH\Controllers\Api\Pos.php(204): App\Controllers\NFCe->montaXml([...], [...], [...])
 9 APPPATH\Commands\PosTestFinalize.php(143): App\Controllers\Api\Pos->finalize(7)
10 SYSTEMPATH\CLI\Commands.php(65): App\Commands\PosTestFinalize->run([])
11 SYSTEMPATH\CLI\Console.php(46): CodeIgniter\CLI\Commands->run('pos:test-finalize', [])
12 ROOTPATH\spark(102): CodeIgniter\CLI\Console->run()
WARNING - 2025-09-16 21:01:43 --> [DEPRECATED] Function utf8_decode() is deprecated in APPPATH\ThirdParty\sped-nfe\vendor\neitanod\forceutf8\src\ForceUTF8\Encoding.php on line 343.
 1 APPPATH\ThirdParty\sped-nfe\vendor\neitanod\forceutf8\src\ForceUTF8\Encoding.php(284): ForceUTF8\Encoding::utf8_decode('Empresa Demo LTDA', '')
 2 APPPATH\ThirdParty\sped-nfe\vendor\nfephp-org\sped-common\src\Strings.php(135): ForceUTF8\Encoding::fixUTF8('Empresa Demo LTDA')
 3 APPPATH\ThirdParty\sped-nfe\vendor\nfephp-org\sped-common\src\Strings.php(90): NFePHP\Common\Strings::normalize('Empresa Demo LTDA')
 4 APPPATH\ThirdParty\sped-nfe\vendor\nfephp-org\sped-common\src\Strings.php(39): NFePHP\Common\Strings::replaceUnacceptableCharacters('Empresa Demo LTDA')
 5 APPPATH\ThirdParty\sped-nfe\vendor\nfephp-org\sped-nfe\src\Make.php(7594): NFePHP\Common\Strings::equilizeParameters(Object(stdClass), [...], false)
 6 APPPATH\ThirdParty\sped-nfe\vendor\nfephp-org\sped-nfe\src\Make.php(949): NFePHP\NFe\Make->equilizeParameters(Object(stdClass), [...])
 7 APPPATH\Controllers\NFCe.php(219): NFePHP\NFe\Make->tagemit(Object(stdClass))
 8 APPPATH\Controllers\Api\Pos.php(204): App\Controllers\NFCe->montaXml([...], [...], [...])
 9 APPPATH\Commands\PosTestFinalize.php(143): App\Controllers\Api\Pos->finalize(7)
10 SYSTEMPATH\CLI\Commands.php(65): App\Commands\PosTestFinalize->run([])
11 SYSTEMPATH\CLI\Console.php(46): CodeIgniter\CLI\Commands->run('pos:test-finalize', [])
12 ROOTPATH\spark(102): CodeIgniter\CLI\Console->run()
WARNING - 2025-09-16 21:01:43 --> [DEPRECATED] Function utf8_decode() is deprecated in APPPATH\ThirdParty\sped-nfe\vendor\neitanod\forceutf8\src\ForceUTF8\Encoding.php on line 343.
 1 APPPATH\ThirdParty\sped-nfe\vendor\neitanod\forceutf8\src\ForceUTF8\Encoding.php(286): ForceUTF8\Encoding::utf8_decode('Empresa Demo LTDA', '')
 2 APPPATH\ThirdParty\sped-nfe\vendor\nfephp-org\sped-common\src\Strings.php(135): ForceUTF8\Encoding::fixUTF8('Empresa Demo LTDA')
 3 APPPATH\ThirdParty\sped-nfe\vendor\nfephp-org\sped-common\src\Strings.php(90): NFePHP\Common\Strings::normalize('Empresa Demo LTDA')
 4 APPPATH\ThirdParty\sped-nfe\vendor\nfephp-org\sped-common\src\Strings.php(39): NFePHP\Common\Strings::replaceUnacceptableCharacters('Empresa Demo LTDA')
 5 APPPATH\ThirdParty\sped-nfe\vendor\nfephp-org\sped-nfe\src\Make.php(7594): NFePHP\Common\Strings::equilizeParameters(Object(stdClass), [...], false)
 6 APPPATH\ThirdParty\sped-nfe\vendor\nfephp-org\sped-nfe\src\Make.php(949): NFePHP\NFe\Make->equilizeParameters(Object(stdClass), [...])
 7 APPPATH\Controllers\NFCe.php(219): NFePHP\NFe\Make->tagemit(Object(stdClass))
 8 APPPATH\Controllers\Api\Pos.php(204): App\Controllers\NFCe->montaXml([...], [...], [...])
 9 APPPATH\Commands\PosTestFinalize.php(143): App\Controllers\Api\Pos->finalize(7)
10 SYSTEMPATH\CLI\Commands.php(65): App\Commands\PosTestFinalize->run([])
11 SYSTEMPATH\CLI\Console.php(46): CodeIgniter\CLI\Commands->run('pos:test-finalize', [])
12 ROOTPATH\spark(102): CodeIgniter\CLI\Console->run()
WARNING - 2025-09-16 21:01:43 --> [DEPRECATED] Function utf8_decode() is deprecated in APPPATH\ThirdParty\sped-nfe\vendor\neitanod\forceutf8\src\ForceUTF8\Encoding.php on line 343.
 1 APPPATH\ThirdParty\sped-nfe\vendor\neitanod\forceutf8\src\ForceUTF8\Encoding.php(284): ForceUTF8\Encoding::utf8_decode('Empresa Demo', '')
 2 APPPATH\ThirdParty\sped-nfe\vendor\nfephp-org\sped-common\src\Strings.php(135): ForceUTF8\Encoding::fixUTF8('Empresa Demo')
 3 APPPATH\ThirdParty\sped-nfe\vendor\nfephp-org\sped-common\src\Strings.php(90): NFePHP\Common\Strings::normalize('Empresa Demo')
 4 APPPATH\ThirdParty\sped-nfe\vendor\nfephp-org\sped-common\src\Strings.php(39): NFePHP\Common\Strings::replaceUnacceptableCharacters('Empresa Demo')
 5 APPPATH\ThirdParty\sped-nfe\vendor\nfephp-org\sped-nfe\src\Make.php(7594): NFePHP\Common\Strings::equilizeParameters(Object(stdClass), [...], false)
 6 APPPATH\ThirdParty\sped-nfe\vendor\nfephp-org\sped-nfe\src\Make.php(949): NFePHP\NFe\Make->equilizeParameters(Object(stdClass), [...])
 7 APPPATH\Controllers\NFCe.php(219): NFePHP\NFe\Make->tagemit(Object(stdClass))
 8 APPPATH\Controllers\Api\Pos.php(204): App\Controllers\NFCe->montaXml([...], [...], [...])
 9 APPPATH\Commands\PosTestFinalize.php(143): App\Controllers\Api\Pos->finalize(7)
10 SYSTEMPATH\CLI\Commands.php(65): App\Commands\PosTestFinalize->run([])
11 SYSTEMPATH\CLI\Console.php(46): CodeIgniter\CLI\Commands->run('pos:test-finalize', [])
12 ROOTPATH\spark(102): CodeIgniter\CLI\Console->run()
WARNING - 2025-09-16 21:01:43 --> [DEPRECATED] Function utf8_decode() is deprecated in APPPATH\ThirdParty\sped-nfe\vendor\neitanod\forceutf8\src\ForceUTF8\Encoding.php on line 343.
 1 APPPATH\ThirdParty\sped-nfe\vendor\neitanod\forceutf8\src\ForceUTF8\Encoding.php(286): ForceUTF8\Encoding::utf8_decode('Empresa Demo', '')
 2 APPPATH\ThirdParty\sped-nfe\vendor\nfephp-org\sped-common\src\Strings.php(135): ForceUTF8\Encoding::fixUTF8('Empresa Demo')
 3 APPPATH\ThirdParty\sped-nfe\vendor\nfephp-org\sped-common\src\Strings.php(90): NFePHP\Common\Strings::normalize('Empresa Demo')
 4 APPPATH\ThirdParty\sped-nfe\vendor\nfephp-org\sped-common\src\Strings.php(39): NFePHP\Common\Strings::replaceUnacceptableCharacters('Empresa Demo')
 5 APPPATH\ThirdParty\sped-nfe\vendor\nfephp-org\sped-nfe\src\Make.php(7594): NFePHP\Common\Strings::equilizeParameters(Object(stdClass), [...], false)
 6 APPPATH\ThirdParty\sped-nfe\vendor\nfephp-org\sped-nfe\src\Make.php(949): NFePHP\NFe\Make->equilizeParameters(Object(stdClass), [...])
 7 APPPATH\Controllers\NFCe.php(219): NFePHP\NFe\Make->tagemit(Object(stdClass))
 8 APPPATH\Controllers\Api\Pos.php(204): App\Controllers\NFCe->montaXml([...], [...], [...])
 9 APPPATH\Commands\PosTestFinalize.php(143): App\Controllers\Api\Pos->finalize(7)
10 SYSTEMPATH\CLI\Commands.php(65): App\Commands\PosTestFinalize->run([])
11 SYSTEMPATH\CLI\Console.php(46): CodeIgniter\CLI\Commands->run('pos:test-finalize', [])
12 ROOTPATH\spark(102): CodeIgniter\CLI\Console->run()
WARNING - 2025-09-16 21:01:43 --> [DEPRECATED] Function utf8_decode() is deprecated in APPPATH\ThirdParty\sped-nfe\vendor\neitanod\forceutf8\src\ForceUTF8\Encoding.php on line 343.
 1 APPPATH\ThirdParty\sped-nfe\vendor\neitanod\forceutf8\src\ForceUTF8\Encoding.php(284): ForceUTF8\Encoding::utf8_decode('ISENTO', '')
 2 APPPATH\ThirdParty\sped-nfe\vendor\nfephp-org\sped-common\src\Strings.php(135): ForceUTF8\Encoding::fixUTF8('ISENTO')
 3 APPPATH\ThirdParty\sped-nfe\vendor\nfephp-org\sped-common\src\Strings.php(90): NFePHP\Common\Strings::normalize('ISENTO')
 4 APPPATH\ThirdParty\sped-nfe\vendor\nfephp-org\sped-common\src\Strings.php(39): NFePHP\Common\Strings::replaceUnacceptableCharacters('ISENTO')
 5 APPPATH\ThirdParty\sped-nfe\vendor\nfephp-org\sped-nfe\src\Make.php(7594): NFePHP\Common\Strings::equilizeParameters(Object(stdClass), [...], false)
 6 APPPATH\ThirdParty\sped-nfe\vendor\nfephp-org\sped-nfe\src\Make.php(949): NFePHP\NFe\Make->equilizeParameters(Object(stdClass), [...])
 7 APPPATH\Controllers\NFCe.php(219): NFePHP\NFe\Make->tagemit(Object(stdClass))
 8 APPPATH\Controllers\Api\Pos.php(204): App\Controllers\NFCe->montaXml([...], [...], [...])
 9 APPPATH\Commands\PosTestFinalize.php(143): App\Controllers\Api\Pos->finalize(7)
10 SYSTEMPATH\CLI\Commands.php(65): App\Commands\PosTestFinalize->run([])
11 SYSTEMPATH\CLI\Console.php(46): CodeIgniter\CLI\Commands->run('pos:test-finalize', [])
12 ROOTPATH\spark(102): CodeIgniter\CLI\Console->run()
WARNING - 2025-09-16 21:01:43 --> [DEPRECATED] Function utf8_decode() is deprecated in APPPATH\ThirdParty\sped-nfe\vendor\neitanod\forceutf8\src\ForceUTF8\Encoding.php on line 343.
 1 APPPATH\ThirdParty\sped-nfe\vendor\neitanod\forceutf8\src\ForceUTF8\Encoding.php(286): ForceUTF8\Encoding::utf8_decode('ISENTO', '')
 2 APPPATH\ThirdParty\sped-nfe\vendor\nfephp-org\sped-common\src\Strings.php(135): ForceUTF8\Encoding::fixUTF8('ISENTO')
 3 APPPATH\ThirdParty\sped-nfe\vendor\nfephp-org\sped-common\src\Strings.php(90): NFePHP\Common\Strings::normalize('ISENTO')
 4 APPPATH\ThirdParty\sped-nfe\vendor\nfephp-org\sped-common\src\Strings.php(39): NFePHP\Common\Strings::replaceUnacceptableCharacters('ISENTO')
 5 APPPATH\ThirdParty\sped-nfe\vendor\nfephp-org\sped-nfe\src\Make.php(7594): NFePHP\Common\Strings::equilizeParameters(Object(stdClass), [...], false)
 6 APPPATH\ThirdParty\sped-nfe\vendor\nfephp-org\sped-nfe\src\Make.php(949): NFePHP\NFe\Make->equilizeParameters(Object(stdClass), [...])
 7 APPPATH\Controllers\NFCe.php(219): NFePHP\NFe\Make->tagemit(Object(stdClass))
 8 APPPATH\Controllers\Api\Pos.php(204): App\Controllers\NFCe->montaXml([...], [...], [...])
 9 APPPATH\Commands\PosTestFinalize.php(143): App\Controllers\Api\Pos->finalize(7)
10 SYSTEMPATH\CLI\Commands.php(65): App\Commands\PosTestFinalize->run([])
11 SYSTEMPATH\CLI\Console.php(46): CodeIgniter\CLI\Commands->run('pos:test-finalize', [])
12 ROOTPATH\spark(102): CodeIgniter\CLI\Console->run()
WARNING - 2025-09-16 21:01:43 --> [DEPRECATED] Function utf8_decode() is deprecated in APPPATH\ThirdParty\sped-nfe\vendor\neitanod\forceutf8\src\ForceUTF8\Encoding.php on line 343.
 1 APPPATH\ThirdParty\sped-nfe\vendor\neitanod\forceutf8\src\ForceUTF8\Encoding.php(284): ForceUTF8\Encoding::utf8_decode('00000000000000', '')
 2 APPPATH\ThirdParty\sped-nfe\vendor\nfephp-org\sped-common\src\Strings.php(135): ForceUTF8\Encoding::fixUTF8('00000000000000')
 3 APPPATH\ThirdParty\sped-nfe\vendor\nfephp-org\sped-common\src\Strings.php(90): NFePHP\Common\Strings::normalize('00000000000000')
 4 APPPATH\ThirdParty\sped-nfe\vendor\nfephp-org\sped-common\src\Strings.php(39): NFePHP\Common\Strings::replaceUnacceptableCharacters('00000000000000')
 5 APPPATH\ThirdParty\sped-nfe\vendor\nfephp-org\sped-nfe\src\Make.php(7594): NFePHP\Common\Strings::equilizeParameters(Object(stdClass), [...], false)
 6 APPPATH\ThirdParty\sped-nfe\vendor\nfephp-org\sped-nfe\src\Make.php(949): NFePHP\NFe\Make->equilizeParameters(Object(stdClass), [...])
 7 APPPATH\Controllers\NFCe.php(219): NFePHP\NFe\Make->tagemit(Object(stdClass))
 8 APPPATH\Controllers\Api\Pos.php(204): App\Controllers\NFCe->montaXml([...], [...], [...])
 9 APPPATH\Commands\PosTestFinalize.php(143): App\Controllers\Api\Pos->finalize(7)
10 SYSTEMPATH\CLI\Commands.php(65): App\Commands\PosTestFinalize->run([])
11 SYSTEMPATH\CLI\Console.php(46): CodeIgniter\CLI\Commands->run('pos:test-finalize', [])
12 ROOTPATH\spark(102): CodeIgniter\CLI\Console->run()
WARNING - 2025-09-16 21:01:43 --> [DEPRECATED] Function utf8_decode() is deprecated in APPPATH\ThirdParty\sped-nfe\vendor\neitanod\forceutf8\src\ForceUTF8\Encoding.php on line 343.
 1 APPPATH\ThirdParty\sped-nfe\vendor\neitanod\forceutf8\src\ForceUTF8\Encoding.php(286): ForceUTF8\Encoding::utf8_decode('00000000000000', '')
 2 APPPATH\ThirdParty\sped-nfe\vendor\nfephp-org\sped-common\src\Strings.php(135): ForceUTF8\Encoding::fixUTF8('00000000000000')
 3 APPPATH\ThirdParty\sped-nfe\vendor\nfephp-org\sped-common\src\Strings.php(90): NFePHP\Common\Strings::normalize('00000000000000')
 4 APPPATH\ThirdParty\sped-nfe\vendor\nfephp-org\sped-common\src\Strings.php(39): NFePHP\Common\Strings::replaceUnacceptableCharacters('00000000000000')
 5 APPPATH\ThirdParty\sped-nfe\vendor\nfephp-org\sped-nfe\src\Make.php(7594): NFePHP\Common\Strings::equilizeParameters(Object(stdClass), [...], false)
 6 APPPATH\ThirdParty\sped-nfe\vendor\nfephp-org\sped-nfe\src\Make.php(949): NFePHP\NFe\Make->equilizeParameters(Object(stdClass), [...])
 7 APPPATH\Controllers\NFCe.php(219): NFePHP\NFe\Make->tagemit(Object(stdClass))
 8 APPPATH\Controllers\Api\Pos.php(204): App\Controllers\NFCe->montaXml([...], [...], [...])
 9 APPPATH\Commands\PosTestFinalize.php(143): App\Controllers\Api\Pos->finalize(7)
10 SYSTEMPATH\CLI\Commands.php(65): App\Commands\PosTestFinalize->run([])
11 SYSTEMPATH\CLI\Console.php(46): CodeIgniter\CLI\Commands->run('pos:test-finalize', [])
12 ROOTPATH\spark(102): CodeIgniter\CLI\Console->run()
WARNING - 2025-09-16 21:01:43 --> [DEPRECATED] preg_replace(): Passing null to parameter #3 ($subject) of type array|string is deprecated in APPPATH\ThirdParty\sped-nfe\vendor\nfephp-org\sped-common\src\Strings.php on line 158.
 1 APPPATH\ThirdParty\sped-nfe\vendor\nfephp-org\sped-common\src\Strings.php(158): preg_replace('/[^0-9]/', '', null)
 2 APPPATH\ThirdParty\sped-nfe\vendor\nfephp-org\sped-nfe\src\Make.php(996): NFePHP\Common\Strings::onlyNumbers(null)
 3 APPPATH\Controllers\NFCe.php(219): NFePHP\NFe\Make->tagemit(Object(stdClass))
 4 APPPATH\Controllers\Api\Pos.php(204): App\Controllers\NFCe->montaXml([...], [...], [...])
 5 APPPATH\Commands\PosTestFinalize.php(143): App\Controllers\Api\Pos->finalize(7)
 6 SYSTEMPATH\CLI\Commands.php(65): App\Commands\PosTestFinalize->run([])
 7 SYSTEMPATH\CLI\Console.php(46): CodeIgniter\CLI\Commands->run('pos:test-finalize', [])
 8 ROOTPATH\spark(102): CodeIgniter\CLI\Console->run()
WARNING - 2025-09-16 21:01:43 --> [DEPRECATED] preg_replace(): Passing null to parameter #3 ($subject) of type array|string is deprecated in APPPATH\ThirdParty\sped-nfe\vendor\nfephp-org\sped-common\src\Strings.php on line 158.
 1 APPPATH\ThirdParty\sped-nfe\vendor\nfephp-org\sped-common\src\Strings.php(158): preg_replace('/[^0-9]/', '', null)
 2 APPPATH\ThirdParty\sped-nfe\vendor\nfephp-org\sped-nfe\src\Make.php(1003): NFePHP\Common\Strings::onlyNumbers(null)
 3 APPPATH\Controllers\NFCe.php(219): NFePHP\NFe\Make->tagemit(Object(stdClass))
 4 APPPATH\Controllers\Api\Pos.php(204): App\Controllers\NFCe->montaXml([...], [...], [...])
 5 APPPATH\Commands\PosTestFinalize.php(143): App\Controllers\Api\Pos->finalize(7)
 6 SYSTEMPATH\CLI\Commands.php(65): App\Commands\PosTestFinalize->run([])
 7 SYSTEMPATH\CLI\Console.php(46): CodeIgniter\CLI\Commands->run('pos:test-finalize', [])
 8 ROOTPATH\spark(102): CodeIgniter\CLI\Console->run()
WARNING - 2025-09-16 21:01:43 --> [DEPRECATED] Function utf8_decode() is deprecated in APPPATH\ThirdParty\sped-nfe\vendor\neitanod\forceutf8\src\ForceUTF8\Encoding.php on line 343.
 1 APPPATH\ThirdParty\sped-nfe\vendor\neitanod\forceutf8\src\ForceUTF8\Encoding.php(284): ForceUTF8\Encoding::utf8_decode('Rua Y', '')
 2 APPPATH\ThirdParty\sped-nfe\vendor\nfephp-org\sped-common\src\Strings.php(135): ForceUTF8\Encoding::fixUTF8('Rua Y')
 3 APPPATH\ThirdParty\sped-nfe\vendor\nfephp-org\sped-common\src\Strings.php(90): NFePHP\Common\Strings::normalize('Rua Y')
 4 APPPATH\ThirdParty\sped-nfe\vendor\nfephp-org\sped-common\src\Strings.php(39): NFePHP\Common\Strings::replaceUnacceptableCharacters('Rua Y')
 5 APPPATH\ThirdParty\sped-nfe\vendor\nfephp-org\sped-nfe\src\Make.php(7594): NFePHP\Common\Strings::equilizeParameters(Object(stdClass), [...], false)
 6 APPPATH\ThirdParty\sped-nfe\vendor\nfephp-org\sped-nfe\src\Make.php(1047): NFePHP\NFe\Make->equilizeParameters(Object(stdClass), [...])
 7 APPPATH\Controllers\NFCe.php(233): NFePHP\NFe\Make->tagenderEmit(Object(stdClass))
 8 APPPATH\Controllers\Api\Pos.php(204): App\Controllers\NFCe->montaXml([...], [...], [...])
 9 APPPATH\Commands\PosTestFinalize.php(143): App\Controllers\Api\Pos->finalize(7)
10 SYSTEMPATH\CLI\Commands.php(65): App\Commands\PosTestFinalize->run([])
11 SYSTEMPATH\CLI\Console.php(46): CodeIgniter\CLI\Commands->run('pos:test-finalize', [])
12 ROOTPATH\spark(102): CodeIgniter\CLI\Console->run()
WARNING - 2025-09-16 21:01:43 --> [DEPRECATED] Function utf8_decode() is deprecated in APPPATH\ThirdParty\sped-nfe\vendor\neitanod\forceutf8\src\ForceUTF8\Encoding.php on line 343.
 1 APPPATH\ThirdParty\sped-nfe\vendor\neitanod\forceutf8\src\ForceUTF8\Encoding.php(286): ForceUTF8\Encoding::utf8_decode('Rua Y', '')
 2 APPPATH\ThirdParty\sped-nfe\vendor\nfephp-org\sped-common\src\Strings.php(135): ForceUTF8\Encoding::fixUTF8('Rua Y')
 3 APPPATH\ThirdParty\sped-nfe\vendor\nfephp-org\sped-common\src\Strings.php(90): NFePHP\Common\Strings::normalize('Rua Y')
 4 APPPATH\ThirdParty\sped-nfe\vendor\nfephp-org\sped-common\src\Strings.php(39): NFePHP\Common\Strings::replaceUnacceptableCharacters('Rua Y')
 5 APPPATH\ThirdParty\sped-nfe\vendor\nfephp-org\sped-nfe\src\Make.php(7594): NFePHP\Common\Strings::equilizeParameters(Object(stdClass), [...], false)
 6 APPPATH\ThirdParty\sped-nfe\vendor\nfephp-org\sped-nfe\src\Make.php(1047): NFePHP\NFe\Make->equilizeParameters(Object(stdClass), [...])
 7 APPPATH\Controllers\NFCe.php(233): NFePHP\NFe\Make->tagenderEmit(Object(stdClass))
 8 APPPATH\Controllers\Api\Pos.php(204): App\Controllers\NFCe->montaXml([...], [...], [...])
 9 APPPATH\Commands\PosTestFinalize.php(143): App\Controllers\Api\Pos->finalize(7)
10 SYSTEMPATH\CLI\Commands.php(65): App\Commands\PosTestFinalize->run([])
11 SYSTEMPATH\CLI\Console.php(46): CodeIgniter\CLI\Commands->run('pos:test-finalize', [])
12 ROOTPATH\spark(102): CodeIgniter\CLI\Console->run()
WARNING - 2025-09-16 21:01:43 --> [DEPRECATED] Function utf8_decode() is deprecated in APPPATH\ThirdParty\sped-nfe\vendor\neitanod\forceutf8\src\ForceUTF8\Encoding.php on line 343.
 1 APPPATH\ThirdParty\sped-nfe\vendor\neitanod\forceutf8\src\ForceUTF8\Encoding.php(284): ForceUTF8\Encoding::utf8_decode('200', '')
 2 APPPATH\ThirdParty\sped-nfe\vendor\nfephp-org\sped-common\src\Strings.php(135): ForceUTF8\Encoding::fixUTF8('200')
 3 APPPATH\ThirdParty\sped-nfe\vendor\nfephp-org\sped-common\src\Strings.php(90): NFePHP\Common\Strings::normalize('200')
 4 APPPATH\ThirdParty\sped-nfe\vendor\nfephp-org\sped-common\src\Strings.php(39): NFePHP\Common\Strings::replaceUnacceptableCharacters('200')
 5 APPPATH\ThirdParty\sped-nfe\vendor\nfephp-org\sped-nfe\src\Make.php(7594): NFePHP\Common\Strings::equilizeParameters(Object(stdClass), [...], false)
 6 APPPATH\ThirdParty\sped-nfe\vendor\nfephp-org\sped-nfe\src\Make.php(1047): NFePHP\NFe\Make->equilizeParameters(Object(stdClass), [...])
 7 APPPATH\Controllers\NFCe.php(233): NFePHP\NFe\Make->tagenderEmit(Object(stdClass))
 8 APPPATH\Controllers\Api\Pos.php(204): App\Controllers\NFCe->montaXml([...], [...], [...])
 9 APPPATH\Commands\PosTestFinalize.php(143): App\Controllers\Api\Pos->finalize(7)
10 SYSTEMPATH\CLI\Commands.php(65): App\Commands\PosTestFinalize->run([])
11 SYSTEMPATH\CLI\Console.php(46): CodeIgniter\CLI\Commands->run('pos:test-finalize', [])
12 ROOTPATH\spark(102): CodeIgniter\CLI\Console->run()
WARNING - 2025-09-16 21:01:43 --> [DEPRECATED] Function utf8_decode() is deprecated in APPPATH\ThirdParty\sped-nfe\vendor\neitanod\forceutf8\src\ForceUTF8\Encoding.php on line 343.
 1 APPPATH\ThirdParty\sped-nfe\vendor\neitanod\forceutf8\src\ForceUTF8\Encoding.php(286): ForceUTF8\Encoding::utf8_decode('200', '')
 2 APPPATH\ThirdParty\sped-nfe\vendor\nfephp-org\sped-common\src\Strings.php(135): ForceUTF8\Encoding::fixUTF8('200')
 3 APPPATH\ThirdParty\sped-nfe\vendor\nfephp-org\sped-common\src\Strings.php(90): NFePHP\Common\Strings::normalize('200')
 4 APPPATH\ThirdParty\sped-nfe\vendor\nfephp-org\sped-common\src\Strings.php(39): NFePHP\Common\Strings::replaceUnacceptableCharacters('200')
 5 APPPATH\ThirdParty\sped-nfe\vendor\nfephp-org\sped-nfe\src\Make.php(7594): NFePHP\Common\Strings::equilizeParameters(Object(stdClass), [...], false)
 6 APPPATH\ThirdParty\sped-nfe\vendor\nfephp-org\sped-nfe\src\Make.php(1047): NFePHP\NFe\Make->equilizeParameters(Object(stdClass), [...])
 7 APPPATH\Controllers\NFCe.php(233): NFePHP\NFe\Make->tagenderEmit(Object(stdClass))
 8 APPPATH\Controllers\Api\Pos.php(204): App\Controllers\NFCe->montaXml([...], [...], [...])
 9 APPPATH\Commands\PosTestFinalize.php(143): App\Controllers\Api\Pos->finalize(7)
10 SYSTEMPATH\CLI\Commands.php(65): App\Commands\PosTestFinalize->run([])
11 SYSTEMPATH\CLI\Console.php(46): CodeIgniter\CLI\Commands->run('pos:test-finalize', [])
12 ROOTPATH\spark(102): CodeIgniter\CLI\Console->run()
WARNING - 2025-09-16 21:01:43 --> [DEPRECATED] Function utf8_decode() is deprecated in APPPATH\ThirdParty\sped-nfe\vendor\neitanod\forceutf8\src\ForceUTF8\Encoding.php on line 343.
 1 APPPATH\ThirdParty\sped-nfe\vendor\neitanod\forceutf8\src\ForceUTF8\Encoding.php(284): ForceUTF8\Encoding::utf8_decode('Loja 1', '')
 2 APPPATH\ThirdParty\sped-nfe\vendor\nfephp-org\sped-common\src\Strings.php(135): ForceUTF8\Encoding::fixUTF8('Loja 1')
 3 APPPATH\ThirdParty\sped-nfe\vendor\nfephp-org\sped-common\src\Strings.php(90): NFePHP\Common\Strings::normalize('Loja 1')
 4 APPPATH\ThirdParty\sped-nfe\vendor\nfephp-org\sped-common\src\Strings.php(39): NFePHP\Common\Strings::replaceUnacceptableCharacters('Loja 1')
 5 APPPATH\ThirdParty\sped-nfe\vendor\nfephp-org\sped-nfe\src\Make.php(7594): NFePHP\Common\Strings::equilizeParameters(Object(stdClass), [...], false)
 6 APPPATH\ThirdParty\sped-nfe\vendor\nfephp-org\sped-nfe\src\Make.php(1047): NFePHP\NFe\Make->equilizeParameters(Object(stdClass), [...])
 7 APPPATH\Controllers\NFCe.php(233): NFePHP\NFe\Make->tagenderEmit(Object(stdClass))
 8 APPPATH\Controllers\Api\Pos.php(204): App\Controllers\NFCe->montaXml([...], [...], [...])
 9 APPPATH\Commands\PosTestFinalize.php(143): App\Controllers\Api\Pos->finalize(7)
10 SYSTEMPATH\CLI\Commands.php(65): App\Commands\PosTestFinalize->run([])
11 SYSTEMPATH\CLI\Console.php(46): CodeIgniter\CLI\Commands->run('pos:test-finalize', [])
12 ROOTPATH\spark(102): CodeIgniter\CLI\Console->run()
WARNING - 2025-09-16 21:01:43 --> [DEPRECATED] Function utf8_decode() is deprecated in APPPATH\ThirdParty\sped-nfe\vendor\neitanod\forceutf8\src\ForceUTF8\Encoding.php on line 343.
 1 APPPATH\ThirdParty\sped-nfe\vendor\neitanod\forceutf8\src\ForceUTF8\Encoding.php(286): ForceUTF8\Encoding::utf8_decode('Loja 1', '')
 2 APPPATH\ThirdParty\sped-nfe\vendor\nfephp-org\sped-common\src\Strings.php(135): ForceUTF8\Encoding::fixUTF8('Loja 1')
 3 APPPATH\ThirdParty\sped-nfe\vendor\nfephp-org\sped-common\src\Strings.php(90): NFePHP\Common\Strings::normalize('Loja 1')
 4 APPPATH\ThirdParty\sped-nfe\vendor\nfephp-org\sped-common\src\Strings.php(39): NFePHP\Common\Strings::replaceUnacceptableCharacters('Loja 1')
 5 APPPATH\ThirdParty\sped-nfe\vendor\nfephp-org\sped-nfe\src\Make.php(7594): NFePHP\Common\Strings::equilizeParameters(Object(stdClass), [...], false)
 6 APPPATH\ThirdParty\sped-nfe\vendor\nfephp-org\sped-nfe\src\Make.php(1047): NFePHP\NFe\Make->equilizeParameters(Object(stdClass), [...])
 7 APPPATH\Controllers\NFCe.php(233): NFePHP\NFe\Make->tagenderEmit(Object(stdClass))
 8 APPPATH\Controllers\Api\Pos.php(204): App\Controllers\NFCe->montaXml([...], [...], [...])
 9 APPPATH\Commands\PosTestFinalize.php(143): App\Controllers\Api\Pos->finalize(7)
10 SYSTEMPATH\CLI\Commands.php(65): App\Commands\PosTestFinalize->run([])
11 SYSTEMPATH\CLI\Console.php(46): CodeIgniter\CLI\Commands->run('pos:test-finalize', [])
12 ROOTPATH\spark(102): CodeIgniter\CLI\Console->run()
WARNING - 2025-09-16 21:01:43 --> [DEPRECATED] Function utf8_decode() is deprecated in APPPATH\ThirdParty\sped-nfe\vendor\neitanod\forceutf8\src\ForceUTF8\Encoding.php on line 343.
 1 APPPATH\ThirdParty\sped-nfe\vendor\neitanod\forceutf8\src\ForceUTF8\Encoding.php(284): ForceUTF8\Encoding::utf8_decode('Centro', '')
 2 APPPATH\ThirdParty\sped-nfe\vendor\nfephp-org\sped-common\src\Strings.php(135): ForceUTF8\Encoding::fixUTF8('Centro')
 3 APPPATH\ThirdParty\sped-nfe\vendor\nfephp-org\sped-common\src\Strings.php(90): NFePHP\Common\Strings::normalize('Centro')
 4 APPPATH\ThirdParty\sped-nfe\vendor\nfephp-org\sped-common\src\Strings.php(39): NFePHP\Common\Strings::replaceUnacceptableCharacters('Centro')
 5 APPPATH\ThirdParty\sped-nfe\vendor\nfephp-org\sped-nfe\src\Make.php(7594): NFePHP\Common\Strings::equilizeParameters(Object(stdClass), [...], false)
 6 APPPATH\ThirdParty\sped-nfe\vendor\nfephp-org\sped-nfe\src\Make.php(1047): NFePHP\NFe\Make->equilizeParameters(Object(stdClass), [...])
 7 APPPATH\Controllers\NFCe.php(233): NFePHP\NFe\Make->tagenderEmit(Object(stdClass))
 8 APPPATH\Controllers\Api\Pos.php(204): App\Controllers\NFCe->montaXml([...], [...], [...])
 9 APPPATH\Commands\PosTestFinalize.php(143): App\Controllers\Api\Pos->finalize(7)
10 SYSTEMPATH\CLI\Commands.php(65): App\Commands\PosTestFinalize->run([])
11 SYSTEMPATH\CLI\Console.php(46): CodeIgniter\CLI\Commands->run('pos:test-finalize', [])
12 ROOTPATH\spark(102): CodeIgniter\CLI\Console->run()
WARNING - 2025-09-16 21:01:43 --> [DEPRECATED] Function utf8_decode() is deprecated in APPPATH\ThirdParty\sped-nfe\vendor\neitanod\forceutf8\src\ForceUTF8\Encoding.php on line 343.
 1 APPPATH\ThirdParty\sped-nfe\vendor\neitanod\forceutf8\src\ForceUTF8\Encoding.php(286): ForceUTF8\Encoding::utf8_decode('Centro', '')
 2 APPPATH\ThirdParty\sped-nfe\vendor\nfephp-org\sped-common\src\Strings.php(135): ForceUTF8\Encoding::fixUTF8('Centro')
 3 APPPATH\ThirdParty\sped-nfe\vendor\nfephp-org\sped-common\src\Strings.php(90): NFePHP\Common\Strings::normalize('Centro')
 4 APPPATH\ThirdParty\sped-nfe\vendor\nfephp-org\sped-common\src\Strings.php(39): NFePHP\Common\Strings::replaceUnacceptableCharacters('Centro')
 5 APPPATH\ThirdParty\sped-nfe\vendor\nfephp-org\sped-nfe\src\Make.php(7594): NFePHP\Common\Strings::equilizeParameters(Object(stdClass), [...], false)
 6 APPPATH\ThirdParty\sped-nfe\vendor\nfephp-org\sped-nfe\src\Make.php(1047): NFePHP\NFe\Make->equilizeParameters(Object(stdClass), [...])
 7 APPPATH\Controllers\NFCe.php(233): NFePHP\NFe\Make->tagenderEmit(Object(stdClass))
 8 APPPATH\Controllers\Api\Pos.php(204): App\Controllers\NFCe->montaXml([...], [...], [...])
 9 APPPATH\Commands\PosTestFinalize.php(143): App\Controllers\Api\Pos->finalize(7)
10 SYSTEMPATH\CLI\Commands.php(65): App\Commands\PosTestFinalize->run([])
11 SYSTEMPATH\CLI\Console.php(46): CodeIgniter\CLI\Commands->run('pos:test-finalize', [])
12 ROOTPATH\spark(102): CodeIgniter\CLI\Console->run()
WARNING - 2025-09-16 21:01:43 --> [DEPRECATED] Function utf8_decode() is deprecated in APPPATH\ThirdParty\sped-nfe\vendor\neitanod\forceutf8\src\ForceUTF8\Encoding.php on line 343.
 1 APPPATH\ThirdParty\sped-nfe\vendor\neitanod\forceutf8\src\ForceUTF8\Encoding.php(284): ForceUTF8\Encoding::utf8_decode('3550308', '')
 2 APPPATH\ThirdParty\sped-nfe\vendor\nfephp-org\sped-common\src\Strings.php(135): ForceUTF8\Encoding::fixUTF8('3550308')
 3 APPPATH\ThirdParty\sped-nfe\vendor\nfephp-org\sped-common\src\Strings.php(90): NFePHP\Common\Strings::normalize('3550308')
 4 APPPATH\ThirdParty\sped-nfe\vendor\nfephp-org\sped-common\src\Strings.php(39): NFePHP\Common\Strings::replaceUnacceptableCharacters('3550308')
 5 APPPATH\ThirdParty\sped-nfe\vendor\nfephp-org\sped-nfe\src\Make.php(7594): NFePHP\Common\Strings::equilizeParameters(Object(stdClass), [...], false)
 6 APPPATH\ThirdParty\sped-nfe\vendor\nfephp-org\sped-nfe\src\Make.php(1047): NFePHP\NFe\Make->equilizeParameters(Object(stdClass), [...])
 7 APPPATH\Controllers\NFCe.php(233): NFePHP\NFe\Make->tagenderEmit(Object(stdClass))
 8 APPPATH\Controllers\Api\Pos.php(204): App\Controllers\NFCe->montaXml([...], [...], [...])
 9 APPPATH\Commands\PosTestFinalize.php(143): App\Controllers\Api\Pos->finalize(7)
10 SYSTEMPATH\CLI\Commands.php(65): App\Commands\PosTestFinalize->run([])
11 SYSTEMPATH\CLI\Console.php(46): CodeIgniter\CLI\Commands->run('pos:test-finalize', [])
12 ROOTPATH\spark(102): CodeIgniter\CLI\Console->run()
WARNING - 2025-09-16 21:01:43 --> [DEPRECATED] Function utf8_decode() is deprecated in APPPATH\ThirdParty\sped-nfe\vendor\neitanod\forceutf8\src\ForceUTF8\Encoding.php on line 343.
 1 APPPATH\ThirdParty\sped-nfe\vendor\neitanod\forceutf8\src\ForceUTF8\Encoding.php(286): ForceUTF8\Encoding::utf8_decode('3550308', '')
 2 APPPATH\ThirdParty\sped-nfe\vendor\nfephp-org\sped-common\src\Strings.php(135): ForceUTF8\Encoding::fixUTF8('3550308')
 3 APPPATH\ThirdParty\sped-nfe\vendor\nfephp-org\sped-common\src\Strings.php(90): NFePHP\Common\Strings::normalize('3550308')
 4 APPPATH\ThirdParty\sped-nfe\vendor\nfephp-org\sped-common\src\Strings.php(39): NFePHP\Common\Strings::replaceUnacceptableCharacters('3550308')
 5 APPPATH\ThirdParty\sped-nfe\vendor\nfephp-org\sped-nfe\src\Make.php(7594): NFePHP\Common\Strings::equilizeParameters(Object(stdClass), [...], false)
 6 APPPATH\ThirdParty\sped-nfe\vendor\nfephp-org\sped-nfe\src\Make.php(1047): NFePHP\NFe\Make->equilizeParameters(Object(stdClass), [...])
 7 APPPATH\Controllers\NFCe.php(233): NFePHP\NFe\Make->tagenderEmit(Object(stdClass))
 8 APPPATH\Controllers\Api\Pos.php(204): App\Controllers\NFCe->montaXml([...], [...], [...])
 9 APPPATH\Commands\PosTestFinalize.php(143): App\Controllers\Api\Pos->finalize(7)
10 SYSTEMPATH\CLI\Commands.php(65): App\Commands\PosTestFinalize->run([])
11 SYSTEMPATH\CLI\Console.php(46): CodeIgniter\CLI\Commands->run('pos:test-finalize', [])
12 ROOTPATH\spark(102): CodeIgniter\CLI\Console->run()
WARNING - 2025-09-16 21:01:43 --> [DEPRECATED] Function utf8_decode() is deprecated in APPPATH\ThirdParty\sped-nfe\vendor\neitanod\forceutf8\src\ForceUTF8\Encoding.php on line 343.
 1 APPPATH\ThirdParty\sped-nfe\vendor\neitanod\forceutf8\src\ForceUTF8\Encoding.php(284): ForceUTF8\Encoding::utf8_decode('SÃO PAULO', '')
 2 APPPATH\ThirdParty\sped-nfe\vendor\nfephp-org\sped-common\src\Strings.php(135): ForceUTF8\Encoding::fixUTF8('SÃO PAULO')
 3 APPPATH\ThirdParty\sped-nfe\vendor\nfephp-org\sped-common\src\Strings.php(90): NFePHP\Common\Strings::normalize('SÃO PAULO')
 4 APPPATH\ThirdParty\sped-nfe\vendor\nfephp-org\sped-common\src\Strings.php(39): NFePHP\Common\Strings::replaceUnacceptableCharacters('SÃO PAULO')
 5 APPPATH\ThirdParty\sped-nfe\vendor\nfephp-org\sped-nfe\src\Make.php(7594): NFePHP\Common\Strings::equilizeParameters(Object(stdClass), [...], false)
 6 APPPATH\ThirdParty\sped-nfe\vendor\nfephp-org\sped-nfe\src\Make.php(1047): NFePHP\NFe\Make->equilizeParameters(Object(stdClass), [...])
 7 APPPATH\Controllers\NFCe.php(233): NFePHP\NFe\Make->tagenderEmit(Object(stdClass))
 8 APPPATH\Controllers\Api\Pos.php(204): App\Controllers\NFCe->montaXml([...], [...], [...])
 9 APPPATH\Commands\PosTestFinalize.php(143): App\Controllers\Api\Pos->finalize(7)
10 SYSTEMPATH\CLI\Commands.php(65): App\Commands\PosTestFinalize->run([])
11 SYSTEMPATH\CLI\Console.php(46): CodeIgniter\CLI\Commands->run('pos:test-finalize', [])
12 ROOTPATH\spark(102): CodeIgniter\CLI\Console->run()
WARNING - 2025-09-16 21:01:43 --> [DEPRECATED] Implicit conversion from float 3.046875 to int loses precision in APPPATH\ThirdParty\sped-nfe\vendor\neitanod\forceutf8\src\ForceUTF8\Encoding.php on line 206.
 1 APPPATH\ThirdParty\sped-nfe\vendor\neitanod\forceutf8\src\ForceUTF8\Encoding.php(206): chr(3.046875)
 2 APPPATH\ThirdParty\sped-nfe\vendor\neitanod\forceutf8\src\ForceUTF8\Encoding.php(284): ForceUTF8\Encoding::toUTF8('S�O PAULO')
 3 APPPATH\ThirdParty\sped-nfe\vendor\nfephp-org\sped-common\src\Strings.php(135): ForceUTF8\Encoding::fixUTF8('SÃO PAULO')
 4 APPPATH\ThirdParty\sped-nfe\vendor\nfephp-org\sped-common\src\Strings.php(90): NFePHP\Common\Strings::normalize('SÃO PAULO')
 5 APPPATH\ThirdParty\sped-nfe\vendor\nfephp-org\sped-common\src\Strings.php(39): NFePHP\Common\Strings::replaceUnacceptableCharacters('SÃO PAULO')
 6 APPPATH\ThirdParty\sped-nfe\vendor\nfephp-org\sped-nfe\src\Make.php(7594): NFePHP\Common\Strings::equilizeParameters(Object(stdClass), [...], false)
 7 APPPATH\ThirdParty\sped-nfe\vendor\nfephp-org\sped-nfe\src\Make.php(1047): NFePHP\NFe\Make->equilizeParameters(Object(stdClass), [...])
 8 APPPATH\Controllers\NFCe.php(233): NFePHP\NFe\Make->tagenderEmit(Object(stdClass))
 9 APPPATH\Controllers\Api\Pos.php(204): App\Controllers\NFCe->montaXml([...], [...], [...])
10 APPPATH\Commands\PosTestFinalize.php(143): App\Controllers\Api\Pos->finalize(7)
11 SYSTEMPATH\CLI\Commands.php(65): App\Commands\PosTestFinalize->run([])
12 SYSTEMPATH\CLI\Console.php(46): CodeIgniter\CLI\Commands->run('pos:test-finalize', [])
13 ROOTPATH\spark(102): CodeIgniter\CLI\Console->run()
WARNING - 2025-09-16 21:01:43 --> [DEPRECATED] Function utf8_decode() is deprecated in APPPATH\ThirdParty\sped-nfe\vendor\neitanod\forceutf8\src\ForceUTF8\Encoding.php on line 343.
 1 APPPATH\ThirdParty\sped-nfe\vendor\neitanod\forceutf8\src\ForceUTF8\Encoding.php(286): ForceUTF8\Encoding::utf8_decode('SÃO PAULO', '')
 2 APPPATH\ThirdParty\sped-nfe\vendor\nfephp-org\sped-common\src\Strings.php(135): ForceUTF8\Encoding::fixUTF8('SÃO PAULO')
 3 APPPATH\ThirdParty\sped-nfe\vendor\nfephp-org\sped-common\src\Strings.php(90): NFePHP\Common\Strings::normalize('SÃO PAULO')
 4 APPPATH\ThirdParty\sped-nfe\vendor\nfephp-org\sped-common\src\Strings.php(39): NFePHP\Common\Strings::replaceUnacceptableCharacters('SÃO PAULO')
 5 APPPATH\ThirdParty\sped-nfe\vendor\nfephp-org\sped-nfe\src\Make.php(7594): NFePHP\Common\Strings::equilizeParameters(Object(stdClass), [...], false)
 6 APPPATH\ThirdParty\sped-nfe\vendor\nfephp-org\sped-nfe\src\Make.php(1047): NFePHP\NFe\Make->equilizeParameters(Object(stdClass), [...])
 7 APPPATH\Controllers\NFCe.php(233): NFePHP\NFe\Make->tagenderEmit(Object(stdClass))
 8 APPPATH\Controllers\Api\Pos.php(204): App\Controllers\NFCe->montaXml([...], [...], [...])
 9 APPPATH\Commands\PosTestFinalize.php(143): App\Controllers\Api\Pos->finalize(7)
10 SYSTEMPATH\CLI\Commands.php(65): App\Commands\PosTestFinalize->run([])
11 SYSTEMPATH\CLI\Console.php(46): CodeIgniter\CLI\Commands->run('pos:test-finalize', [])
12 ROOTPATH\spark(102): CodeIgniter\CLI\Console->run()
WARNING - 2025-09-16 21:01:43 --> [DEPRECATED] Implicit conversion from float 3.046875 to int loses precision in APPPATH\ThirdParty\sped-nfe\vendor\neitanod\forceutf8\src\ForceUTF8\Encoding.php on line 206.
 1 APPPATH\ThirdParty\sped-nfe\vendor\neitanod\forceutf8\src\ForceUTF8\Encoding.php(206): chr(3.046875)
 2 APPPATH\ThirdParty\sped-nfe\vendor\neitanod\forceutf8\src\ForceUTF8\Encoding.php(286): ForceUTF8\Encoding::toUTF8('S�O PAULO')
 3 APPPATH\ThirdParty\sped-nfe\vendor\nfephp-org\sped-common\src\Strings.php(135): ForceUTF8\Encoding::fixUTF8('SÃO PAULO')
 4 APPPATH\ThirdParty\sped-nfe\vendor\nfephp-org\sped-common\src\Strings.php(90): NFePHP\Common\Strings::normalize('SÃO PAULO')
 5 APPPATH\ThirdParty\sped-nfe\vendor\nfephp-org\sped-common\src\Strings.php(39): NFePHP\Common\Strings::replaceUnacceptableCharacters('SÃO PAULO')
 6 APPPATH\ThirdParty\sped-nfe\vendor\nfephp-org\sped-nfe\src\Make.php(7594): NFePHP\Common\Strings::equilizeParameters(Object(stdClass), [...], false)
 7 APPPATH\ThirdParty\sped-nfe\vendor\nfephp-org\sped-nfe\src\Make.php(1047): NFePHP\NFe\Make->equilizeParameters(Object(stdClass), [...])
 8 APPPATH\Controllers\NFCe.php(233): NFePHP\NFe\Make->tagenderEmit(Object(stdClass))
 9 APPPATH\Controllers\Api\Pos.php(204): App\Controllers\NFCe->montaXml([...], [...], [...])
10 APPPATH\Commands\PosTestFinalize.php(143): App\Controllers\Api\Pos->finalize(7)
11 SYSTEMPATH\CLI\Commands.php(65): App\Commands\PosTestFinalize->run([])
12 SYSTEMPATH\CLI\Console.php(46): CodeIgniter\CLI\Commands->run('pos:test-finalize', [])
13 ROOTPATH\spark(102): CodeIgniter\CLI\Console->run()
WARNING - 2025-09-16 21:01:43 --> [DEPRECATED] Function utf8_decode() is deprecated in APPPATH\ThirdParty\sped-nfe\vendor\neitanod\forceutf8\src\ForceUTF8\Encoding.php on line 343.
 1 APPPATH\ThirdParty\sped-nfe\vendor\neitanod\forceutf8\src\ForceUTF8\Encoding.php(284): ForceUTF8\Encoding::utf8_decode('SP', '')
 2 APPPATH\ThirdParty\sped-nfe\vendor\nfephp-org\sped-common\src\Strings.php(135): ForceUTF8\Encoding::fixUTF8('SP')
 3 APPPATH\ThirdParty\sped-nfe\vendor\nfephp-org\sped-common\src\Strings.php(90): NFePHP\Common\Strings::normalize('SP')
 4 APPPATH\ThirdParty\sped-nfe\vendor\nfephp-org\sped-common\src\Strings.php(39): NFePHP\Common\Strings::replaceUnacceptableCharacters('SP')
 5 APPPATH\ThirdParty\sped-nfe\vendor\nfephp-org\sped-nfe\src\Make.php(7594): NFePHP\Common\Strings::equilizeParameters(Object(stdClass), [...], false)
 6 APPPATH\ThirdParty\sped-nfe\vendor\nfephp-org\sped-nfe\src\Make.php(1047): NFePHP\NFe\Make->equilizeParameters(Object(stdClass), [...])
 7 APPPATH\Controllers\NFCe.php(233): NFePHP\NFe\Make->tagenderEmit(Object(stdClass))
 8 APPPATH\Controllers\Api\Pos.php(204): App\Controllers\NFCe->montaXml([...], [...], [...])
 9 APPPATH\Commands\PosTestFinalize.php(143): App\Controllers\Api\Pos->finalize(7)
10 SYSTEMPATH\CLI\Commands.php(65): App\Commands\PosTestFinalize->run([])
11 SYSTEMPATH\CLI\Console.php(46): CodeIgniter\CLI\Commands->run('pos:test-finalize', [])
12 ROOTPATH\spark(102): CodeIgniter\CLI\Console->run()
WARNING - 2025-09-16 21:01:43 --> [DEPRECATED] Function utf8_decode() is deprecated in APPPATH\ThirdParty\sped-nfe\vendor\neitanod\forceutf8\src\ForceUTF8\Encoding.php on line 343.
 1 APPPATH\ThirdParty\sped-nfe\vendor\neitanod\forceutf8\src\ForceUTF8\Encoding.php(286): ForceUTF8\Encoding::utf8_decode('SP', '')
 2 APPPATH\ThirdParty\sped-nfe\vendor\nfephp-org\sped-common\src\Strings.php(135): ForceUTF8\Encoding::fixUTF8('SP')
 3 APPPATH\ThirdParty\sped-nfe\vendor\nfephp-org\sped-common\src\Strings.php(90): NFePHP\Common\Strings::normalize('SP')
 4 APPPATH\ThirdParty\sped-nfe\vendor\nfephp-org\sped-common\src\Strings.php(39): NFePHP\Common\Strings::replaceUnacceptableCharacters('SP')
 5 APPPATH\ThirdParty\sped-nfe\vendor\nfephp-org\sped-nfe\src\Make.php(7594): NFePHP\Common\Strings::equilizeParameters(Object(stdClass), [...], false)
 6 APPPATH\ThirdParty\sped-nfe\vendor\nfephp-org\sped-nfe\src\Make.php(1047): NFePHP\NFe\Make->equilizeParameters(Object(stdClass), [...])
 7 APPPATH\Controllers\NFCe.php(233): NFePHP\NFe\Make->tagenderEmit(Object(stdClass))
 8 APPPATH\Controllers\Api\Pos.php(204): App\Controllers\NFCe->montaXml([...], [...], [...])
 9 APPPATH\Commands\PosTestFinalize.php(143): App\Controllers\Api\Pos->finalize(7)
10 SYSTEMPATH\CLI\Commands.php(65): App\Commands\PosTestFinalize->run([])
11 SYSTEMPATH\CLI\Console.php(46): CodeIgniter\CLI\Commands->run('pos:test-finalize', [])
12 ROOTPATH\spark(102): CodeIgniter\CLI\Console->run()
WARNING - 2025-09-16 21:01:43 --> [DEPRECATED] Function utf8_decode() is deprecated in APPPATH\ThirdParty\sped-nfe\vendor\neitanod\forceutf8\src\ForceUTF8\Encoding.php on line 343.
 1 APPPATH\ThirdParty\sped-nfe\vendor\neitanod\forceutf8\src\ForceUTF8\Encoding.php(284): ForceUTF8\Encoding::utf8_decode('01000000', '')
 2 APPPATH\ThirdParty\sped-nfe\vendor\nfephp-org\sped-common\src\Strings.php(135): ForceUTF8\Encoding::fixUTF8('01000000')
 3 APPPATH\ThirdParty\sped-nfe\vendor\nfephp-org\sped-common\src\Strings.php(90): NFePHP\Common\Strings::normalize('01000000')
 4 APPPATH\ThirdParty\sped-nfe\vendor\nfephp-org\sped-common\src\Strings.php(39): NFePHP\Common\Strings::replaceUnacceptableCharacters('01000000')
 5 APPPATH\ThirdParty\sped-nfe\vendor\nfephp-org\sped-nfe\src\Make.php(7594): NFePHP\Common\Strings::equilizeParameters(Object(stdClass), [...], false)
 6 APPPATH\ThirdParty\sped-nfe\vendor\nfephp-org\sped-nfe\src\Make.php(1047): NFePHP\NFe\Make->equilizeParameters(Object(stdClass), [...])
 7 APPPATH\Controllers\NFCe.php(233): NFePHP\NFe\Make->tagenderEmit(Object(stdClass))
 8 APPPATH\Controllers\Api\Pos.php(204): App\Controllers\NFCe->montaXml([...], [...], [...])
 9 APPPATH\Commands\PosTestFinalize.php(143): App\Controllers\Api\Pos->finalize(7)
10 SYSTEMPATH\CLI\Commands.php(65): App\Commands\PosTestFinalize->run([])
11 SYSTEMPATH\CLI\Console.php(46): CodeIgniter\CLI\Commands->run('pos:test-finalize', [])
12 ROOTPATH\spark(102): CodeIgniter\CLI\Console->run()
WARNING - 2025-09-16 21:01:43 --> [DEPRECATED] Function utf8_decode() is deprecated in APPPATH\ThirdParty\sped-nfe\vendor\neitanod\forceutf8\src\ForceUTF8\Encoding.php on line 343.
 1 APPPATH\ThirdParty\sped-nfe\vendor\neitanod\forceutf8\src\ForceUTF8\Encoding.php(286): ForceUTF8\Encoding::utf8_decode('01000000', '')
 2 APPPATH\ThirdParty\sped-nfe\vendor\nfephp-org\sped-common\src\Strings.php(135): ForceUTF8\Encoding::fixUTF8('01000000')
 3 APPPATH\ThirdParty\sped-nfe\vendor\nfephp-org\sped-common\src\Strings.php(90): NFePHP\Common\Strings::normalize('01000000')
 4 APPPATH\ThirdParty\sped-nfe\vendor\nfephp-org\sped-common\src\Strings.php(39): NFePHP\Common\Strings::replaceUnacceptableCharacters('01000000')
 5 APPPATH\ThirdParty\sped-nfe\vendor\nfephp-org\sped-nfe\src\Make.php(7594): NFePHP\Common\Strings::equilizeParameters(Object(stdClass), [...], false)
 6 APPPATH\ThirdParty\sped-nfe\vendor\nfephp-org\sped-nfe\src\Make.php(1047): NFePHP\NFe\Make->equilizeParameters(Object(stdClass), [...])
 7 APPPATH\Controllers\NFCe.php(233): NFePHP\NFe\Make->tagenderEmit(Object(stdClass))
 8 APPPATH\Controllers\Api\Pos.php(204): App\Controllers\NFCe->montaXml([...], [...], [...])
 9 APPPATH\Commands\PosTestFinalize.php(143): App\Controllers\Api\Pos->finalize(7)
10 SYSTEMPATH\CLI\Commands.php(65): App\Commands\PosTestFinalize->run([])
11 SYSTEMPATH\CLI\Console.php(46): CodeIgniter\CLI\Commands->run('pos:test-finalize', [])
12 ROOTPATH\spark(102): CodeIgniter\CLI\Console->run()
WARNING - 2025-09-16 21:01:43 --> [DEPRECATED] Function utf8_decode() is deprecated in APPPATH\ThirdParty\sped-nfe\vendor\neitanod\forceutf8\src\ForceUTF8\Encoding.php on line 343.
 1 APPPATH\ThirdParty\sped-nfe\vendor\neitanod\forceutf8\src\ForceUTF8\Encoding.php(284): ForceUTF8\Encoding::utf8_decode('1058', '')
 2 APPPATH\ThirdParty\sped-nfe\vendor\nfephp-org\sped-common\src\Strings.php(135): ForceUTF8\Encoding::fixUTF8('1058')
 3 APPPATH\ThirdParty\sped-nfe\vendor\nfephp-org\sped-common\src\Strings.php(90): NFePHP\Common\Strings::normalize('1058')
 4 APPPATH\ThirdParty\sped-nfe\vendor\nfephp-org\sped-common\src\Strings.php(39): NFePHP\Common\Strings::replaceUnacceptableCharacters('1058')
 5 APPPATH\ThirdParty\sped-nfe\vendor\nfephp-org\sped-nfe\src\Make.php(7594): NFePHP\Common\Strings::equilizeParameters(Object(stdClass), [...], false)
 6 APPPATH\ThirdParty\sped-nfe\vendor\nfephp-org\sped-nfe\src\Make.php(1047): NFePHP\NFe\Make->equilizeParameters(Object(stdClass), [...])
 7 APPPATH\Controllers\NFCe.php(233): NFePHP\NFe\Make->tagenderEmit(Object(stdClass))
 8 APPPATH\Controllers\Api\Pos.php(204): App\Controllers\NFCe->montaXml([...], [...], [...])
 9 APPPATH\Commands\PosTestFinalize.php(143): App\Controllers\Api\Pos->finalize(7)
10 SYSTEMPATH\CLI\Commands.php(65): App\Commands\PosTestFinalize->run([])
11 SYSTEMPATH\CLI\Console.php(46): CodeIgniter\CLI\Commands->run('pos:test-finalize', [])
12 ROOTPATH\spark(102): CodeIgniter\CLI\Console->run()
WARNING - 2025-09-16 21:01:43 --> [DEPRECATED] Function utf8_decode() is deprecated in APPPATH\ThirdParty\sped-nfe\vendor\neitanod\forceutf8\src\ForceUTF8\Encoding.php on line 343.
 1 APPPATH\ThirdParty\sped-nfe\vendor\neitanod\forceutf8\src\ForceUTF8\Encoding.php(286): ForceUTF8\Encoding::utf8_decode('1058', '')
 2 APPPATH\ThirdParty\sped-nfe\vendor\nfephp-org\sped-common\src\Strings.php(135): ForceUTF8\Encoding::fixUTF8('1058')
 3 APPPATH\ThirdParty\sped-nfe\vendor\nfephp-org\sped-common\src\Strings.php(90): NFePHP\Common\Strings::normalize('1058')
 4 APPPATH\ThirdParty\sped-nfe\vendor\nfephp-org\sped-common\src\Strings.php(39): NFePHP\Common\Strings::replaceUnacceptableCharacters('1058')
 5 APPPATH\ThirdParty\sped-nfe\vendor\nfephp-org\sped-nfe\src\Make.php(7594): NFePHP\Common\Strings::equilizeParameters(Object(stdClass), [...], false)
 6 APPPATH\ThirdParty\sped-nfe\vendor\nfephp-org\sped-nfe\src\Make.php(1047): NFePHP\NFe\Make->equilizeParameters(Object(stdClass), [...])
 7 APPPATH\Controllers\NFCe.php(233): NFePHP\NFe\Make->tagenderEmit(Object(stdClass))
 8 APPPATH\Controllers\Api\Pos.php(204): App\Controllers\NFCe->montaXml([...], [...], [...])
 9 APPPATH\Commands\PosTestFinalize.php(143): App\Controllers\Api\Pos->finalize(7)
10 SYSTEMPATH\CLI\Commands.php(65): App\Commands\PosTestFinalize->run([])
11 SYSTEMPATH\CLI\Console.php(46): CodeIgniter\CLI\Commands->run('pos:test-finalize', [])
12 ROOTPATH\spark(102): CodeIgniter\CLI\Console->run()
WARNING - 2025-09-16 21:01:43 --> [DEPRECATED] Function utf8_decode() is deprecated in APPPATH\ThirdParty\sped-nfe\vendor\neitanod\forceutf8\src\ForceUTF8\Encoding.php on line 343.
 1 APPPATH\ThirdParty\sped-nfe\vendor\neitanod\forceutf8\src\ForceUTF8\Encoding.php(284): ForceUTF8\Encoding::utf8_decode('BRASIL', '')
 2 APPPATH\ThirdParty\sped-nfe\vendor\nfephp-org\sped-common\src\Strings.php(135): ForceUTF8\Encoding::fixUTF8('BRASIL')
 3 APPPATH\ThirdParty\sped-nfe\vendor\nfephp-org\sped-common\src\Strings.php(90): NFePHP\Common\Strings::normalize('BRASIL')
 4 APPPATH\ThirdParty\sped-nfe\vendor\nfephp-org\sped-common\src\Strings.php(39): NFePHP\Common\Strings::replaceUnacceptableCharacters('BRASIL')
 5 APPPATH\ThirdParty\sped-nfe\vendor\nfephp-org\sped-nfe\src\Make.php(7594): NFePHP\Common\Strings::equilizeParameters(Object(stdClass), [...], false)
 6 APPPATH\ThirdParty\sped-nfe\vendor\nfephp-org\sped-nfe\src\Make.php(1047): NFePHP\NFe\Make->equilizeParameters(Object(stdClass), [...])
 7 APPPATH\Controllers\NFCe.php(233): NFePHP\NFe\Make->tagenderEmit(Object(stdClass))
 8 APPPATH\Controllers\Api\Pos.php(204): App\Controllers\NFCe->montaXml([...], [...], [...])
 9 APPPATH\Commands\PosTestFinalize.php(143): App\Controllers\Api\Pos->finalize(7)
10 SYSTEMPATH\CLI\Commands.php(65): App\Commands\PosTestFinalize->run([])
11 SYSTEMPATH\CLI\Console.php(46): CodeIgniter\CLI\Commands->run('pos:test-finalize', [])
12 ROOTPATH\spark(102): CodeIgniter\CLI\Console->run()
WARNING - 2025-09-16 21:01:43 --> [DEPRECATED] Function utf8_decode() is deprecated in APPPATH\ThirdParty\sped-nfe\vendor\neitanod\forceutf8\src\ForceUTF8\Encoding.php on line 343.
 1 APPPATH\ThirdParty\sped-nfe\vendor\neitanod\forceutf8\src\ForceUTF8\Encoding.php(286): ForceUTF8\Encoding::utf8_decode('BRASIL', '')
 2 APPPATH\ThirdParty\sped-nfe\vendor\nfephp-org\sped-common\src\Strings.php(135): ForceUTF8\Encoding::fixUTF8('BRASIL')
 3 APPPATH\ThirdParty\sped-nfe\vendor\nfephp-org\sped-common\src\Strings.php(90): NFePHP\Common\Strings::normalize('BRASIL')
 4 APPPATH\ThirdParty\sped-nfe\vendor\nfephp-org\sped-common\src\Strings.php(39): NFePHP\Common\Strings::replaceUnacceptableCharacters('BRASIL')
 5 APPPATH\ThirdParty\sped-nfe\vendor\nfephp-org\sped-nfe\src\Make.php(7594): NFePHP\Common\Strings::equilizeParameters(Object(stdClass), [...], false)
 6 APPPATH\ThirdParty\sped-nfe\vendor\nfephp-org\sped-nfe\src\Make.php(1047): NFePHP\NFe\Make->equilizeParameters(Object(stdClass), [...])
 7 APPPATH\Controllers\NFCe.php(233): NFePHP\NFe\Make->tagenderEmit(Object(stdClass))
 8 APPPATH\Controllers\Api\Pos.php(204): App\Controllers\NFCe->montaXml([...], [...], [...])
 9 APPPATH\Commands\PosTestFinalize.php(143): App\Controllers\Api\Pos->finalize(7)
10 SYSTEMPATH\CLI\Commands.php(65): App\Commands\PosTestFinalize->run([])
11 SYSTEMPATH\CLI\Console.php(46): CodeIgniter\CLI\Commands->run('pos:test-finalize', [])
12 ROOTPATH\spark(102): CodeIgniter\CLI\Console->run()
WARNING - 2025-09-16 21:01:43 --> [DEPRECATED] Function utf8_decode() is deprecated in APPPATH\ThirdParty\sped-nfe\vendor\neitanod\forceutf8\src\ForceUTF8\Encoding.php on line 343.
 1 APPPATH\ThirdParty\sped-nfe\vendor\neitanod\forceutf8\src\ForceUTF8\Encoding.php(284): ForceUTF8\Encoding::utf8_decode('1130000001', '')
 2 APPPATH\ThirdParty\sped-nfe\vendor\nfephp-org\sped-common\src\Strings.php(135): ForceUTF8\Encoding::fixUTF8('1130000001')
 3 APPPATH\ThirdParty\sped-nfe\vendor\nfephp-org\sped-common\src\Strings.php(90): NFePHP\Common\Strings::normalize('1130000001')
 4 APPPATH\ThirdParty\sped-nfe\vendor\nfephp-org\sped-common\src\Strings.php(39): NFePHP\Common\Strings::replaceUnacceptableCharacters('1130000001')
 5 APPPATH\ThirdParty\sped-nfe\vendor\nfephp-org\sped-nfe\src\Make.php(7594): NFePHP\Common\Strings::equilizeParameters(Object(stdClass), [...], false)
 6 APPPATH\ThirdParty\sped-nfe\vendor\nfephp-org\sped-nfe\src\Make.php(1047): NFePHP\NFe\Make->equilizeParameters(Object(stdClass), [...])
 7 APPPATH\Controllers\NFCe.php(233): NFePHP\NFe\Make->tagenderEmit(Object(stdClass))
 8 APPPATH\Controllers\Api\Pos.php(204): App\Controllers\NFCe->montaXml([...], [...], [...])
 9 APPPATH\Commands\PosTestFinalize.php(143): App\Controllers\Api\Pos->finalize(7)
10 SYSTEMPATH\CLI\Commands.php(65): App\Commands\PosTestFinalize->run([])
11 SYSTEMPATH\CLI\Console.php(46): CodeIgniter\CLI\Commands->run('pos:test-finalize', [])
12 ROOTPATH\spark(102): CodeIgniter\CLI\Console->run()
WARNING - 2025-09-16 21:01:43 --> [DEPRECATED] Function utf8_decode() is deprecated in APPPATH\ThirdParty\sped-nfe\vendor\neitanod\forceutf8\src\ForceUTF8\Encoding.php on line 343.
 1 APPPATH\ThirdParty\sped-nfe\vendor\neitanod\forceutf8\src\ForceUTF8\Encoding.php(286): ForceUTF8\Encoding::utf8_decode('1130000001', '')
 2 APPPATH\ThirdParty\sped-nfe\vendor\nfephp-org\sped-common\src\Strings.php(135): ForceUTF8\Encoding::fixUTF8('1130000001')
 3 APPPATH\ThirdParty\sped-nfe\vendor\nfephp-org\sped-common\src\Strings.php(90): NFePHP\Common\Strings::normalize('1130000001')
 4 APPPATH\ThirdParty\sped-nfe\vendor\nfephp-org\sped-common\src\Strings.php(39): NFePHP\Common\Strings::replaceUnacceptableCharacters('1130000001')
 5 APPPATH\ThirdParty\sped-nfe\vendor\nfephp-org\sped-nfe\src\Make.php(7594): NFePHP\Common\Strings::equilizeParameters(Object(stdClass), [...], false)
 6 APPPATH\ThirdParty\sped-nfe\vendor\nfephp-org\sped-nfe\src\Make.php(1047): NFePHP\NFe\Make->equilizeParameters(Object(stdClass), [...])
 7 APPPATH\Controllers\NFCe.php(233): NFePHP\NFe\Make->tagenderEmit(Object(stdClass))
 8 APPPATH\Controllers\Api\Pos.php(204): App\Controllers\NFCe->montaXml([...], [...], [...])
 9 APPPATH\Commands\PosTestFinalize.php(143): App\Controllers\Api\Pos->finalize(7)
10 SYSTEMPATH\CLI\Commands.php(65): App\Commands\PosTestFinalize->run([])
11 SYSTEMPATH\CLI\Console.php(46): CodeIgniter\CLI\Commands->run('pos:test-finalize', [])
12 ROOTPATH\spark(102): CodeIgniter\CLI\Console->run()
DEBUG - 2025-09-16 21:05:26 --> Session: Initialization under CLI aborted.
