INFO - 2025-09-17 00:09:49 --> Session: Class initialized using 'CodeIgniter\Session\Handlers\FileHandler' driver.
INFO - 2025-09-17 00:09:51 --> Session: Class initialized using 'CodeIgniter\Session\Handlers\FileHandler' driver.
INFO - 2025-09-17 00:09:56 --> CSRF token verified.
INFO - 2025-09-17 00:09:56 --> Session: Class initialized using 'CodeIgniter\Session\Handlers\FileHandler' driver.
INFO - 2025-09-17 00:09:56 --> Session: Class initialized using 'CodeIgniter\Session\Handlers\FileHandler' driver.
INFO - 2025-09-17 00:09:58 --> Session: Class initialized using 'CodeIgniter\Session\Handlers\FileHandler' driver.
INFO - 2025-09-17 00:10:01 --> Session: Class initialized using 'CodeIgniter\Session\Handlers\FileHandler' driver.
INFO - 2025-09-17 00:10:07 --> Session: Class initialized using 'CodeIgniter\Session\Handlers\FileHandler' driver.
INFO - 2025-09-17 00:10:08 --> Session: Class initialized using 'CodeIgniter\Session\Handlers\FileHandler' driver.
INFO - 2025-09-17 00:10:11 --> Session: Class initialized using 'CodeIgniter\Session\Handlers\FileHandler' driver.
INFO - 2025-09-17 00:10:17 --> Session: Class initialized using 'CodeIgniter\Session\Handlers\FileHandler' driver.
INFO - 2025-09-17 00:15:22 --> Session: Class initialized using 'CodeIgniter\Session\Handlers\FileHandler' driver.
INFO - 2025-09-17 00:24:10 --> Session: Class initialized using 'CodeIgniter\Session\Handlers\FileHandler' driver.
INFO - 2025-09-17 00:24:13 --> Session: Class initialized using 'CodeIgniter\Session\Handlers\FileHandler' driver.
INFO - 2025-09-17 00:24:15 --> Session: Class initialized using 'CodeIgniter\Session\Handlers\FileHandler' driver.
INFO - 2025-09-17 00:24:16 --> Session: Class initialized using 'CodeIgniter\Session\Handlers\FileHandler' driver.
INFO - 2025-09-17 00:24:18 --> Session: Class initialized using 'CodeIgniter\Session\Handlers\FileHandler' driver.
INFO - 2025-09-17 00:24:18 --> Session: Class initialized using 'CodeIgniter\Session\Handlers\FileHandler' driver.
INFO - 2025-09-17 00:24:20 --> Session: Class initialized using 'CodeIgniter\Session\Handlers\FileHandler' driver.
INFO - 2025-09-17 00:24:23 --> Session: Class initialized using 'CodeIgniter\Session\Handlers\FileHandler' driver.
INFO - 2025-09-17 00:24:27 --> Session: Class initialized using 'CodeIgniter\Session\Handlers\FileHandler' driver.
INFO - 2025-09-17 00:24:28 --> Session: Class initialized using 'CodeIgniter\Session\Handlers\FileHandler' driver.
INFO - 2025-09-17 00:24:32 --> Session: Class initialized using 'CodeIgniter\Session\Handlers\FileHandler' driver.
INFO - 2025-09-17 00:25:24 --> Session: Class initialized using 'CodeIgniter\Session\Handlers\FileHandler' driver.
INFO - 2025-09-17 00:25:24 --> Session: Class initialized using 'CodeIgniter\Session\Handlers\FileHandler' driver.
INFO - 2025-09-17 00:25:38 --> CSRF token verified.
INFO - 2025-09-17 00:25:38 --> Session: Class initialized using 'CodeIgniter\Session\Handlers\FileHandler' driver.
INFO - 2025-09-17 00:25:38 --> CSRF token verified.
INFO - 2025-09-17 00:25:38 --> Stripe::createCheckoutSession - Iniciando criação de sessão de checkout
INFO - 2025-09-17 00:25:38 --> Stripe::createCheckoutSession - Request data: {"email_empresa":"GeLsolutions@proton.me","nome_fantasia":"sl","contador_email":"","cnpj":"","csrf_test_name":"c8a8f165284ab0ab7587095d2fa5107b"}
INFO - 2025-09-17 00:25:38 --> Session: Class initialized using 'CodeIgniter\Session\Handlers\FileHandler' driver.
INFO - 2025-09-17 00:25:38 --> Stripe::createCheckoutSession - ID Empresa: null
INFO - 2025-09-17 00:25:38 --> Stripe::createCheckoutSession - Price ID: price_1S6ipwIdHTmmI4LfKviagZ5n
INFO - 2025-09-17 00:25:38 --> Stripe::createCheckoutSession - Fluxo guest. Email: GeLsolutions@proton.me, Nome: sl
CRITICAL - 2025-09-17 00:25:38 --> ErrorException: Undefined variable $client
in APPPATH\Controllers\Stripe.php on line 149.
 1 APPPATH\Controllers\Stripe.php(149): CodeIgniter\Debug\Exceptions->errorHandler(2, 'Undefined variable $client', 'C:\\xampp\\htdocs\\erp.local\\app\\Controllers\\Stripe.php', 149)
 2 SYSTEMPATH\CodeIgniter.php(941): App\Controllers\Stripe->createCheckoutSession()
 3 SYSTEMPATH\CodeIgniter.php(502): CodeIgniter\CodeIgniter->runController(Object(App\Controllers\Stripe))
 4 SYSTEMPATH\CodeIgniter.php(361): CodeIgniter\CodeIgniter->handleRequest(null, Object(Config\Cache), false)
 5 FCPATH\index.php(79): CodeIgniter\CodeIgniter->run()
INFO - 2025-09-17 00:25:41 --> CSRF token verified.
INFO - 2025-09-17 00:25:41 --> Session: Class initialized using 'CodeIgniter\Session\Handlers\FileHandler' driver.
INFO - 2025-09-17 00:25:41 --> CSRF token verified.
INFO - 2025-09-17 00:25:41 --> Stripe::createCheckoutSession - Iniciando criação de sessão de checkout
INFO - 2025-09-17 00:25:41 --> Stripe::createCheckoutSession - Request data: {"email_empresa":"GeLsolutions@proton.me","nome_fantasia":"sl","contador_email":"","cnpj":"","csrf_test_name":"c8a8f165284ab0ab7587095d2fa5107b"}
INFO - 2025-09-17 00:25:41 --> Session: Class initialized using 'CodeIgniter\Session\Handlers\FileHandler' driver.
INFO - 2025-09-17 00:25:41 --> Stripe::createCheckoutSession - ID Empresa: null
INFO - 2025-09-17 00:25:41 --> Stripe::createCheckoutSession - Price ID: price_1S6ipwIdHTmmI4LfKviagZ5n
INFO - 2025-09-17 00:25:41 --> Stripe::createCheckoutSession - Fluxo guest. Email: GeLsolutions@proton.me, Nome: sl
CRITICAL - 2025-09-17 00:25:41 --> ErrorException: Undefined variable $client
in APPPATH\Controllers\Stripe.php on line 149.
 1 APPPATH\Controllers\Stripe.php(149): CodeIgniter\Debug\Exceptions->errorHandler(2, 'Undefined variable $client', 'C:\\xampp\\htdocs\\erp.local\\app\\Controllers\\Stripe.php', 149)
 2 SYSTEMPATH\CodeIgniter.php(941): App\Controllers\Stripe->createCheckoutSession()
 3 SYSTEMPATH\CodeIgniter.php(502): CodeIgniter\CodeIgniter->runController(Object(App\Controllers\Stripe))
 4 SYSTEMPATH\CodeIgniter.php(361): CodeIgniter\CodeIgniter->handleRequest(null, Object(Config\Cache), false)
 5 FCPATH\index.php(79): CodeIgniter\CodeIgniter->run()
INFO - 2025-09-17 00:27:08 --> CSRF token verified.
INFO - 2025-09-17 00:27:08 --> Session: Class initialized using 'CodeIgniter\Session\Handlers\FileHandler' driver.
INFO - 2025-09-17 00:27:08 --> Session: Class initialized using 'CodeIgniter\Session\Handlers\FileHandler' driver.
INFO - 2025-09-17 00:28:33 --> Session: Class initialized using 'CodeIgniter\Session\Handlers\FileHandler' driver.
INFO - 2025-09-17 00:28:42 --> Session: Class initialized using 'CodeIgniter\Session\Handlers\FileHandler' driver.
INFO - 2025-09-17 00:34:14 --> Session: Class initialized using 'CodeIgniter\Session\Handlers\FileHandler' driver.
INFO - 2025-09-17 00:34:21 --> Session: Class initialized using 'CodeIgniter\Session\Handlers\FileHandler' driver.
INFO - 2025-09-17 00:34:23 --> Session: Class initialized using 'CodeIgniter\Session\Handlers\FileHandler' driver.
